C:\Users\fwint\Documents\MCUXpressoIDE_11.8.0_1165\workspace\lpcxpresso55s69_multi_peripherals_test\CMSIS/core_cm33.h:2378:22:__NVIC_EnableIRQ	16	static
C:\Users\fwint\Documents\MCUXpressoIDE_11.8.0_1165\workspace\lpcxpresso55s69_multi_peripherals_test\CMSIS/core_cm33.h:2469:22:__NVIC_ClearPendingIRQ	16	static
C:\Users\fwint\Documents\MCUXpressoIDE_11.8.0_1165\workspace\lpcxpresso55s69_multi_peripherals_test\CMSIS/core_cm33.h:2575:22:__NVIC_SetPriority	16	static
C:\Users\fwint\Documents\MCUXpressoIDE_11.8.0_1165\workspace\lpcxpresso55s69_multi_peripherals_test\drivers/fsl_clock.h:983:20:CLOCK_EnableClock	24	static
C:\Users\fwint\Documents\MCUXpressoIDE_11.8.0_1165\workspace\lpcxpresso55s69_multi_peripherals_test\drivers/fsl_clock.h:993:20:CLOCK_DisableClock	24	static
C:\Users\fwint\Documents\MCUXpressoIDE_11.8.0_1165\workspace\lpcxpresso55s69_multi_peripherals_test\drivers/fsl_common_arm.h:514:24:EnableIRQ	24	static
C:\Users\fwint\Documents\MCUXpressoIDE_11.8.0_1165\workspace\lpcxpresso55s69_multi_peripherals_test\drivers/fsl_power.h:385:20:POWER_DisablePD	16	static
C:\Users\fwint\Documents\MCUXpressoIDE_11.8.0_1165\workspace\lpcxpresso55s69_multi_peripherals_test\drivers/fsl_power.h:398:20:POWER_SetBodVbatLevel	16	static
../source/multi_peripherals_test.c:80:6:BOARD_InitCodec	16	static
../source/multi_peripherals_test.c:101:6:USB_DeviceClockInit	16	static
../source/multi_peripherals_test.c:135:6:USB1_IRQHandler	8	static
../source/multi_peripherals_test.c:141:6:USB_DeviceIsrEnable	16	static
../source/multi_peripherals_test.c:170:6:main	40	static
