C:\Users\fwint\Documents\MCUXpressoIDE_11.8.0_1165\workspace\lpcxpresso55s69_hello_world_virtual_com\drivers/fsl_common_arm.h:732:24:DisableGlobalIRQ	16	static
C:\Users\fwint\Documents\MCUXpressoIDE_11.8.0_1165\workspace\lpcxpresso55s69_hello_world_virtual_com\drivers/fsl_common_arm.h:758:20:EnableGlobalIRQ	24	static
../utilities/fsl_debug_console.c:295:17:DbgConsole_SerialManagerPerformTransfer	32	static
../utilities/fsl_debug_console.c:329:13:DbgConsole_SerialManagerTxCallback	32	static
../utilities/fsl_debug_console.c:363:13:DbgConsole_SerialManagerTx2Callback	32	static
../utilities/fsl_debug_console.c:398:13:DbgConsole_SerialManagerRxCallback	24	static
../utilities/fsl_debug_console.c:424:10:DbgConsole_ReadOneCharacter	24	static
../utilities/fsl_debug_console.c:495:5:DbgConsole_SendData	40	static
../utilities/fsl_debug_console.c:548:5:DbgConsole_SendDataReliable	40	static
../utilities/fsl_debug_console.c:629:5:DbgConsole_ReadLine	24	static
../utilities/fsl_debug_console.c:695:5:DbgConsole_ReadCharacter	24	static
../utilities/fsl_debug_console.c:732:13:DbgConsole_PrintCallback	32	static
../utilities/fsl_debug_console.c:772:10:DbgConsole_Init	72	static
../utilities/fsl_debug_console.c:943:10:DbgConsole_EnterLowpower	16	static
../utilities/fsl_debug_console.c:954:10:DbgConsole_ExitLowpower	16	static
../utilities/fsl_debug_console.c:965:10:DbgConsole_Deinit	8	static
../utilities/fsl_debug_console.c:1008:40:DbgConsole_Flush	4	static
../utilities/fsl_debug_console.c:1047:5:DbgConsole_Printf	16	static
../utilities/fsl_debug_console.c:1060:5:DbgConsole_Vprintf	152	static
../utilities/fsl_debug_console.c:1076:5:DbgConsole_Putchar	16	static
../utilities/fsl_debug_console.c:1083:5:DbgConsole_Scanf	40	static
../utilities/fsl_debug_console.c:1102:5:DbgConsole_BlockingPrintf	16	static
../utilities/fsl_debug_console.c:1115:5:DbgConsole_BlockingVprintf	160	static
../utilities/fsl_debug_console.c:1142:10:DbgConsole_TryGetchar	24	static
../utilities/fsl_debug_console.c:1184:5:DbgConsole_Getchar	16	static
