Archive member included to satisfy reference by file (symbol)

c:/nxp/mcuxpressoide_11.8.0_1165/ide/plugins/com.nxp.mcuxpresso.tools.win32_11.8.0.202306131047/tools/bin/../lib/gcc/arm-none-eabi/12.2.1/../../../../arm-none-eabi/lib/thumb/v8-m.main+fp/hard\libcr_nohost_nf.a(_cr__main.o)
                              ./startup/startup_lpc55s69_cm33_core0.o (__main)
c:/nxp/mcuxpressoide_11.8.0_1165/ide/plugins/com.nxp.mcuxpresso.tools.win32_11.8.0.202306131047/tools/bin/../lib/gcc/arm-none-eabi/12.2.1/../../../../arm-none-eabi/lib/thumb/v8-m.main+fp/hard\libcr_c.a(memset.o)
                              ./utilities/fsl_debug_console.o (memset)
c:/nxp/mcuxpressoide_11.8.0_1165/ide/plugins/com.nxp.mcuxpresso.tools.win32_11.8.0.202306131047/tools/bin/../lib/gcc/arm-none-eabi/12.2.1/../../../../arm-none-eabi/lib/thumb/v8-m.main+fp/hard\libcr_c.a(alloc.o)
                              ./drivers/fsl_common.o (malloc)
c:/nxp/mcuxpressoide_11.8.0_1165/ide/plugins/com.nxp.mcuxpresso.tools.win32_11.8.0.202306131047/tools/bin/../lib/gcc/arm-none-eabi/12.2.1/../../../../arm-none-eabi/lib/thumb/v8-m.main+fp/hard\libcr_c.a(errno.o)
                              ./utilities/fsl_str.o (errno)
c:/nxp/mcuxpressoide_11.8.0_1165/ide/plugins/com.nxp.mcuxpresso.tools.win32_11.8.0.202306131047/tools/bin/../lib/gcc/arm-none-eabi/12.2.1/../../../../arm-none-eabi/lib/thumb/v8-m.main+fp/hard\libcr_c.a(initio.o)
                              c:/nxp/mcuxpressoide_11.8.0_1165/ide/plugins/com.nxp.mcuxpresso.tools.win32_11.8.0.202306131047/tools/bin/../lib/gcc/arm-none-eabi/12.2.1/../../../../arm-none-eabi/lib/thumb/v8-m.main+fp/hard\libcr_nohost_nf.a(_cr__main.o) (_initio)
c:/nxp/mcuxpressoide_11.8.0_1165/ide/plugins/com.nxp.mcuxpresso.tools.win32_11.8.0.202306131047/tools/bin/../lib/gcc/arm-none-eabi/12.2.1/../../../../arm-none-eabi/lib/thumb/v8-m.main+fp/hard\libcr_c.a(memcmp.o)
                              ./source/sdcard.o (memcmp)
c:/nxp/mcuxpressoide_11.8.0_1165/ide/plugins/com.nxp.mcuxpresso.tools.win32_11.8.0.202306131047/tools/bin/../lib/gcc/arm-none-eabi/12.2.1/../../../../arm-none-eabi/lib/thumb/v8-m.main+fp/hard\libcr_c.a(printf.o)
                              ./freertos/freertos-kernel/tasks.o (_sprintf)
c:/nxp/mcuxpressoide_11.8.0_1165/ide/plugins/com.nxp.mcuxpresso.tools.win32_11.8.0.202306131047/tools/bin/../lib/gcc/arm-none-eabi/12.2.1/../../../../arm-none-eabi/lib/thumb/v8-m.main+fp/hard\libcr_c.a(scanf.o)
                              ./utilities/fsl_str.o (strtoul)
c:/nxp/mcuxpressoide_11.8.0_1165/ide/plugins/com.nxp.mcuxpresso.tools.win32_11.8.0.202306131047/tools/bin/../lib/gcc/arm-none-eabi/12.2.1/../../../../arm-none-eabi/lib/thumb/v8-m.main+fp/hard\libcr_c.a(setvbuf.o)
                              c:/nxp/mcuxpressoide_11.8.0_1165/ide/plugins/com.nxp.mcuxpresso.tools.win32_11.8.0.202306131047/tools/bin/../lib/gcc/arm-none-eabi/12.2.1/../../../../arm-none-eabi/lib/thumb/v8-m.main+fp/hard\libcr_c.a(initio.o) (setvbuf)
c:/nxp/mcuxpressoide_11.8.0_1165/ide/plugins/com.nxp.mcuxpresso.tools.win32_11.8.0.202306131047/tools/bin/../lib/gcc/arm-none-eabi/12.2.1/../../../../arm-none-eabi/lib/thumb/v8-m.main+fp/hard\libcr_c.a(strchr.o)
                              ./fatfs/source/ff.o (strchr)
c:/nxp/mcuxpressoide_11.8.0_1165/ide/plugins/com.nxp.mcuxpresso.tools.win32_11.8.0.202306131047/tools/bin/../lib/gcc/arm-none-eabi/12.2.1/../../../../arm-none-eabi/lib/thumb/v8-m.main+fp/hard\libcr_c.a(strcpy.o)
                              ./freertos/freertos-kernel/tasks.o (strcpy)
c:/nxp/mcuxpressoide_11.8.0_1165/ide/plugins/com.nxp.mcuxpresso.tools.win32_11.8.0.202306131047/tools/bin/../lib/gcc/arm-none-eabi/12.2.1/../../../../arm-none-eabi/lib/thumb/v8-m.main+fp/hard\libcr_c.a(strlen.o)
                              ./utilities/fsl_str.o (strlen)
c:/nxp/mcuxpressoide_11.8.0_1165/ide/plugins/com.nxp.mcuxpresso.tools.win32_11.8.0.202306131047/tools/bin/../lib/gcc/arm-none-eabi/12.2.1/../../../../arm-none-eabi/lib/thumb/v8-m.main+fp/hard\libcr_c.a(ungetc.o)
                              c:/nxp/mcuxpressoide_11.8.0_1165/ide/plugins/com.nxp.mcuxpresso.tools.win32_11.8.0.202306131047/tools/bin/../lib/gcc/arm-none-eabi/12.2.1/../../../../arm-none-eabi/lib/thumb/v8-m.main+fp/hard\libcr_c.a(scanf.o) (ungetc)
c:/nxp/mcuxpressoide_11.8.0_1165/ide/plugins/com.nxp.mcuxpresso.tools.win32_11.8.0.202306131047/tools/bin/../lib/gcc/arm-none-eabi/12.2.1/../../../../arm-none-eabi/lib/thumb/v8-m.main+fp/hard\libcr_c.a(__fillbuf.o)
                              c:/nxp/mcuxpressoide_11.8.0_1165/ide/plugins/com.nxp.mcuxpresso.tools.win32_11.8.0.202306131047/tools/bin/../lib/gcc/arm-none-eabi/12.2.1/../../../../arm-none-eabi/lib/thumb/v8-m.main+fp/hard\libcr_c.a(scanf.o) (__filbuf)
c:/nxp/mcuxpressoide_11.8.0_1165/ide/plugins/com.nxp.mcuxpresso.tools.win32_11.8.0.202306131047/tools/bin/../lib/gcc/arm-none-eabi/12.2.1/../../../../arm-none-eabi/lib/thumb/v8-m.main+fp/hard\libcr_c.a(__init_alloc.o)
[...]
Memory Configuration

Name             Origin             Length             Attributes
PROGRAM_FLASH    0x00000000         0x0009d800         xr
SRAM             0x20000000         0x00040000         xrw
SRAMX            0x04000000         0x00008000         xrw
USB_RAM          0x40100000         0x00004000         xrw
SRAM4            0x20040000         0x00004000         xrw
*default*        0x00000000         0xffffffff

Linker script and memory map

LOAD ./utilities/fsl_assert.o
LOAD ./utilities/fsl_debug_console.o
LOAD ./utilities/fsl_memcpy.o
LOAD ./utilities/fsl_str.o
LOAD ./usb/phy/usb_phy.o
LOAD ./usb/device/source/lpcip3511/usb_device_lpcip3511.o
LOAD ./usb/device/source/usb_device_ch9.o
LOAD ./usb/device/source/usb_device_dci.o
LOAD ./usb/device/class/hid/usb_device_hid.o
LOAD ./usb/device/class/usb_device_class.o
LOAD ./startup/boot_multicore_slave.o
LOAD ./startup/startup_lpc55s69_cm33_core0.o
LOAD ./source/accelerometer.o
LOAD ./source/audio.o
LOAD ./source/led_blinky.o
LOAD ./source/mouse.o
LOAD ./source/multi_peripherals_test.o
LOAD ./source/rtc.o
LOAD ./source/sdcard.o
LOAD ./source/semihost_hardfault.o
LOAD ./source/usb_device_descriptor.o
LOAD ./sdmmc/src/fsl_sd.o
LOAD ./sdmmc/src/fsl_sdmmc_common.o
LOAD ./sdmmc/osa/fsl_sdmmc_osa.o
LOAD ./sdmmc/host/fsl_sdmmc_host.o
LOAD ./freertos/freertos-kernel/portable/MemMang/heap_4.o
LOAD ./freertos/freertos-kernel/portable/GCC/ARM_CM33_NTZ/non_secure/port.o
LOAD ./freertos/freertos-kernel/portable/GCC/ARM_CM33_NTZ/non_secure/portasm.o
LOAD ./freertos/freertos-kernel/croutine.o
LOAD ./freertos/freertos-kernel/event_groups.o
LOAD ./freertos/freertos-kernel/list.o
LOAD ./freertos/freertos-kernel/queue.o
LOAD ./freertos/freertos-kernel/stream_buffer.o
LOAD ./freertos/freertos-kernel/tasks.o
LOAD ./freertos/freertos-kernel/timers.o
LOAD ./fatfs/source/fsl_sd_disk/fsl_sd_disk.o
LOAD ./fatfs/source/diskio.o
LOAD ./fatfs/source/ff.o
LOAD ./fatfs/source/ffsystem.o
LOAD ./fatfs/source/ffunicode.o
LOAD ./drivers/fsl_clock.o
LOAD ./drivers/fsl_common.o
LOAD ./drivers/fsl_common_arm.o
LOAD ./drivers/fsl_flexcomm.o
LOAD ./drivers/fsl_gpio.o
LOAD ./drivers/fsl_i2c.o
LOAD ./drivers/fsl_i2s.o
LOAD ./drivers/fsl_power.o
LOAD ./drivers/fsl_reset.o
LOAD ./drivers/fsl_rtc.o
LOAD ./drivers/fsl_sdif.o
LOAD ./drivers/fsl_sysctl.o
LOAD ./drivers/fsl_usart.o
LOAD ./device/system_LPC55S69_cm33_core0.o
LOAD ./component/uart/fsl_adapter_usart.o
LOAD ./component/serial_manager/fsl_component_serial_manager.o
LOAD ./component/serial_manager/fsl_component_serial_port_uart.o
LOAD ./component/osa/fsl_os_abstraction_free_rtos.o
LOAD ./component/lists/fsl_component_generic_list.o
LOAD ./component/i2c/fsl_adapter_flexcomm_i2c.o
LOAD ./codec/port/wm8904/fsl_codec_wm8904_adapter.o
LOAD ./codec/fsl_codec_common.o
LOAD ./codec/fsl_codec_i2c.o
LOAD ./codec/fsl_wm8904.o
LOAD ./board/board.o
LOAD ./board/clock_config.o
LOAD ./board/pin_mux.o
LOAD ./board/sdmmc_config.o
START GROUP
LOAD c:/nxp/mcuxpressoide_11.8.0_1165/ide/plugins/com.nxp.mcuxpresso.tools.win32_11.8.0.202306131047/tools/bin/../lib/gcc/arm-none-eabi/12.2.1/../../../../arm-none-eabi/lib/thumb/v8-m.main+fp/hard\libcr_nohost_nf.a
LOAD c:/nxp/mcuxpressoide_11.8.0_1165/ide/plugins/com.nxp.mcuxpresso.tools.win32_11.8.0.202306131047/tools/bin/../lib/gcc/arm-none-eabi/12.2.1/../../../../arm-none-eabi/lib/thumb/v8-m.main+fp/hard\libcr_c.a
LOAD c:/nxp/mcuxpressoide_11.8.0_1165/ide/plugins/com.nxp.mcuxpresso.tools.win32_11.8.0.202306131047/tools/bin/../lib/gcc/arm-none-eabi/12.2.1/thumb/v8-m.main+fp/hard\libcr_eabihelpers.a
LOAD c:/nxp/mcuxpressoide_11.8.0_1165/ide/plugins/com.nxp.mcuxpresso.tools.win32_11.8.0.202306131047/tools/bin/../lib/gcc/arm-none-eabi/12.2.1/thumb/v8-m.main+fp/hard\libgcc.a
END GROUP
                0x00000000                __base_PROGRAM_FLASH = 0x0
                0x00000000                __base_Flash = 0x0
                0x0009d800                __top_PROGRAM_FLASH = 0x9d800
                0x0009d800                __top_Flash = 0x9d800
                0x20000000                __base_SRAM = 0x20000000
                0x20000000                __base_RAM = 0x20000000
                0x20040000                __top_SRAM = 0x20040000
                0x20040000                __top_RAM = 0x20040000
                0x04000000                __base_SRAMX = 0x4000000
                0x04000000                __base_RAM2 = 0x4000000
                0x04008000                __top_SRAMX = 0x4008000
                0x04008000                __top_RAM2 = 0x4008000
                0x40100000                __base_USB_RAM = 0x40100000
                0x40100000                __base_RAM3 = 0x40100000
                0x40104000                __top_USB_RAM = 0x40104000
                0x40104000                __top_RAM3 = 0x40104000
                0x20040000                __base_SRAM4 = 0x20040000
                0x20040000                __base_RAM4 = 0x20040000
                0x20044000                __top_SRAM4 = 0x20044000
                0x20044000                __top_RAM4 = 0x20044000

.text           0x00000000    0x189b8
 FILL mask 0xff
                0x00000000                __vectors_start__ = ABSOLUTE (.)
 *(SORT_BY_ALIGNMENT(.isr_vector))
 .isr_vector    0x00000000      0x130 ./startup/startup_lpc55s69_cm33_core0.o
                0x00000000                g_pfnVectors
                0x00000000                __Vectors
                0x00000130                . = ALIGN (0x4)
                0x00000130                __section_table_start = .
                0x00000130                __data_section_table = .
                0x00000130        0x4 LONG 0x189b8 LOADADDR (.data)
                0x00000134        0x4 LONG 0x20000000 ADDR (.data)
                0x00000138        0x4 LONG 0x180 SIZEOF (.data)
                0x0000013c        0x4 LONG 0x189b8 LOADADDR (.data_RAM2)
                0x00000140        0x4 LONG 0x4000000 ADDR (.data_RAM2)
                0x00000144        0x4 LONG 0x0 SIZEOF (.data_RAM2)
                0x00000148        0x4 LONG 0x189b8 LOADADDR (.data_RAM3)
                0x0000014c        0x4 LONG 0x40103528 ADDR (.data_RAM3)
                0x00000150        0x4 LONG 0x0 SIZEOF (.data_RAM3)
                0x00000154        0x4 LONG 0x189b8 LOADADDR (.data_RAM4)
                0x00000158        0x4 LONG 0x20040000 ADDR (.data_RAM4)
                0x0000015c        0x4 LONG 0x0 SIZEOF (.data_RAM4)
                0x00000160                __data_section_table_end = .
                0x00000160                __bss_section_table = .
                0x00000160        0x4 LONG 0x20000180 ADDR (.bss)
                0x00000164        0x4 LONG 0x89b4 SIZEOF (.bss)
                0x00000168        0x4 LONG 0x4000000 ADDR (.bss_RAM2)
                0x0000016c        0x4 LONG 0x0 SIZEOF (.bss_RAM2)
                0x00000170        0x4 LONG 0x40103528 ADDR (.bss_RAM3)
                0x00000174        0x4 LONG 0x0 SIZEOF (.bss_RAM3)
                0x00000178        0x4 LONG 0x20040000 ADDR (.bss_RAM4)
                0x0000017c        0x4 LONG 0x0 SIZEOF (.bss_RAM4)
                0x00000180                __bss_section_table_end = .
                0x00000180                __section_table_end = .
 *(SORT_BY_ALIGNMENT(.after_vectors*))
 .after_vectors.reset
                0x00000180       0x68 ./startup/startup_lpc55s69_cm33_core0.o
                0x00000180                ResetISR
 .after_vectors.init_data
                0x000001e8       0x1e ./startup/startup_lpc55s69_cm33_core0.o
                0x000001e8                data_init
 .after_vectors.init_bss
                0x00000206       0x12 ./startup/startup_lpc55s69_cm33_core0.o
                0x00000206                bss_init
 .after_vectors
                0x00000218       0x16 ./startup/startup_lpc55s69_cm33_core0.o
                0x00000218                NMI_Handler
                0x0000021c                MemManage_Handler
                0x0000021e                BusFault_Handler
                0x00000220                UsageFault_Handler
                0x00000222                SecureFault_Handler
                0x00000226                DebugMon_Handler
                0x0000022c                PIN_INT3_DriverIRQHandler
                0x0000022c                PIN_INT2_DriverIRQHandler
                0x0000022c                Reserved56_DriverIRQHandler
                0x0000022c                PIN_INT0_DriverIRQHandler
                0x0000022c                CTIMER2_DriverIRQHandler
                0x0000022c                SEC_VIO_DriverIRQHandler
                0x0000022c                IntDefaultHandler
                0x0000022c                USB0_DriverIRQHandler
                0x0000022c                CASER_DriverIRQHandler
                0x0000022c                MRT0_DriverIRQHandler
                0x0000022c                UTICK0_DriverIRQHandler
                0x0000022c                Reserved41_DriverIRQHandler
                0x0000022c                PIN_INT4_DriverIRQHandler
                0x0000022c                PIN_INT5_DriverIRQHandler
                0x0000022c                SEC_GPIO_INT0_IRQ0_DriverIRQHandler
                0x0000022c                CTIMER4_DriverIRQHandler
                0x0000022c                GINT1_DriverIRQHandler
                0x0000022c                PIN_INT7_DriverIRQHandler
                0x0000022c                Reserved55_DriverIRQHandler
                0x0000022c                Reserved42_DriverIRQHandler
                0x0000022c                USB0_NEEDCLK_DriverIRQHandler
                0x0000022c                CTIMER0_DriverIRQHandler
                0x0000022c                CTIMER1_DriverIRQHandler
                0x0000022c                DMA0_DriverIRQHandler
                0x0000022c                PIN_INT6_DriverIRQHandler
                0x0000022c                PQ_DriverIRQHandler
                0x0000022c                MAILBOX_DriverIRQHandler
                0x0000022c                PIN_INT1_DriverIRQHandler
                0x0000022c                CTIMER3_DriverIRQHandler
                0x0000022c                Reserved61_DriverIRQHandler
                0x0000022c                SEC_GPIO_INT0_IRQ1_DriverIRQHandler
                0x0000022c                PUF_DriverIRQHandler
                0x0000022c                RTC_DriverIRQHandler
                0x0000022c                Reserved39_DriverIRQHandler
                0x0000022c                USB1_DriverIRQHandler
                0x0000022c                Reserved60_DriverIRQHandler
                0x0000022c                DMA1_DriverIRQHandler
                0x0000022c                ADC0_DriverIRQHandler
                0x0000022c                USB1_NEEDCLK_DriverIRQHandler
                0x0000022c                Reserved59_DriverIRQHandler
                0x0000022c                GINT0_DriverIRQHandler
                0x0000022c                USB1_PHY_DriverIRQHandler
                0x0000022c                ACMP_DriverIRQHandler
                0x0000022c                Reserved57_DriverIRQHandler
                0x0000022c                HASHCRYPT_DriverIRQHandler
                0x0000022c                Reserved46_DriverIRQHandler
                0x0000022c                WDT_BOD_DriverIRQHandler
                0x0000022c                SCT0_DriverIRQHandler
                0x0000022c                PLU_DriverIRQHandler
                0x0000022c                OS_EVENT_DriverIRQHandler
                0x0000022c                SEC_HYPERVISOR_CALL_DriverIRQHandler
 *(SORT_BY_ALIGNMENT(.text*))
 *fill*         0x0000022e        0x2 ff
 .text.vRestoreContextOfFirstTask
                0x00000230       0x38 ./freertos/freertos-kernel/portable/GCC/ARM_CM33_NTZ/non_secure/portasm.o
                0x00000230                vRestoreContextOfFirstTask
 *fill*         0x00000268        0x8 ff
 .text.vStartFirstTask
                0x00000270       0x28 ./freertos/freertos-kernel/portable/GCC/ARM_CM33_NTZ/non_secure/portasm.o
                0x00000270                vStartFirstTask
 *fill*         0x00000298        0x8 ff
 .text.PendSV_Handler
                0x000002a0       0x68 ./freertos/freertos-kernel/portable/GCC/ARM_CM33_NTZ/non_secure/portasm.o
                0x000002a0                PendSV_Handler
 *fill*         0x00000308        0x8 ff
 .text.SVC_Handler
                0x00000310       0x28 ./freertos/freertos-kernel/portable/GCC/ARM_CM33_NTZ/non_secure/portasm.o
                0x00000310                SVC_Handler
 .text.__assertion_failed
                0x00000338       0x18 ./utilities/fsl_assert.o
                0x00000338                __assertion_failed
 .text.DbgConsole_SendDataReliable
                0x00000350       0x54 ./utilities/fsl_debug_console.o
                0x00000350                DbgConsole_SendDataReliable
 .text.DbgConsole_Init
                0x000003a4      0x138 ./utilities/fsl_debug_console.o
                0x000003a4                DbgConsole_Init
 .text.DbgConsole_Vprintf
                0x000004dc       0x6c ./utilities/fsl_debug_console.o
                0x000004dc                DbgConsole_Vprintf
 .text          0x00000548       0xa0 ./utilities/fsl_memcpy.o
                0x00000548                memcpy
 .text.USB_EhciPhyGetBase
                0x000005e8       0x8c ./usb/phy/usb_phy.o
                0x000005e8                USB_EhciPhyGetBase
 .text.USB_DeviceLpcIp3511MallocMaxPacketBuffer
                0x00000674       0xf8 ./usb/device/source/lpcip3511/usb_device_lpcip3511.o
 .text.USB_DeviceLpcIp3511ReleaseMaxPacketBuffer
                0x0000076c       0x9c ./usb/device/source/lpcip3511/usb_device_lpcip3511.o
 .text.USB_DeviceLpc3511IpSetDefaultState
                0x00000808       0xe4 ./usb/device/source/lpcip3511/usb_device_lpcip3511.o
 .text.USB_DeviceLpc3511IpInit
                0x000008ec      0x11c ./usb/device/source/lpcip3511/usb_device_lpcip3511.o
                0x000008ec                USB_DeviceLpc3511IpInit
 .text.USB_DeviceLpc3511IpDeinit
                0x00000a08       0x8c ./usb/device/source/lpcip3511/usb_device_lpcip3511.o
                0x00000a08                USB_DeviceLpc3511IpDeinit
 .text.USB_DeviceLpc3511IpGetActualBufferAndPrime
                0x00000a94      0x15c ./usb/device/source/lpcip3511/usb_device_lpcip3511.o
 .text.USB_DeviceLpc3511IpControl
                0x00000bf0      0x250 ./usb/device/source/lpcip3511/usb_device_lpcip3511.o
                0x00000bf0                USB_DeviceLpc3511IpControl
 .text.USB_DeviceControlCallback
                0x00000e40      0x3e8 ./usb/device/source/usb_device_ch9.o
 .text.USB_DeviceControlPipeInit
                0x00001228       0x7c ./usb/device/source/usb_device_ch9.o
                0x00001228                USB_DeviceControlPipeInit
 .text.USB_DeviceAllocateHandle
                0x000012a4       0xd4 ./usb/device/source/usb_device_dci.o
 .text.USB_DeviceGetControllerInterface
                0x00001378       0x48 ./usb/device/source/usb_device_dci.o
 .text.USB_DeviceGetStatus
                0x000013c0       0xcc ./usb/device/source/usb_device_dci.o
                0x000013c0                USB_DeviceGetStatus
 .text.USB_DeviceSetStatus
                0x0000148c      0x118 ./usb/device/source/usb_device_dci.o
                0x0000148c                USB_DeviceSetStatus
 .text.USB_DeviceHidAllocateHandle
                0x000015a4       0x58 ./usb/device/class/hid/usb_device_hid.o
 .text.USB_DeviceHidEndpointsInit
                0x000015fc      0x1f8 ./usb/device/class/hid/usb_device_hid.o
 .text.USB_DeviceHidEvent
                0x000017f4      0x5d4 ./usb/device/class/hid/usb_device_hid.o
                0x000017f4                USB_DeviceHidEvent
 .text.USB_DeviceClassAllocateHandle
                0x00001dc8       0xcc ./usb/device/class/usb_device_class.o
 .text.USB_DeviceClassFreeHandle
                0x00001e94       0x94 ./usb/device/class/usb_device_class.o
 .text.USB_DeviceClassGetHandleByControllerId
                0x00001f28       0x7c ./usb/device/class/usb_device_class.o
 .text.USB_DeviceClassGetHandleByDeviceHandle
                0x00001fa4       0x68 ./usb/device/class/usb_device_class.o
 .text.USB_DeviceClassGetDeviceHandle
                0x0000200c       0x7c ./usb/device/class/usb_device_class.o
                0x0000200c                USB_DeviceClassGetDeviceHandle
 .text.USB_DeviceClassEvent
                0x00002088       0xdc ./usb/device/class/usb_device_class.o
                0x00002088                USB_DeviceClassEvent
 .text.USB_DeviceClassInit
                0x00002164      0x118 ./usb/device/class/usb_device_class.o
                0x00002164                USB_DeviceClassInit
 .text.acc_init
                0x0000227c       0x3c ./source/accelerometer.o
                0x0000227c                acc_init
 .text.acc_task
                0x000022b8       0x8c ./source/accelerometer.o
 .text.audio_init
                0x00002344      0x104 ./source/audio.o
                0x00002344                audio_init
 .text.led_blinky_init
                0x00002448       0x3c ./source/led_blinky.o
                0x00002448                led_blinky_init
 .text.LED_Task
                0x00002484       0xd4 ./source/led_blinky.o
 .text.mouse_init
                0x00002558       0x3c ./source/mouse.o
                0x00002558                mouse_init
 .text.USB_DeviceHidMouseAction
                0x00002594      0x158 ./source/mouse.o
 .text.USB_DeviceHidMouseCallback
                0x000026ec       0xa8 ./source/mouse.o
 .text.USB_DeviceCallback
                0x00002794      0x224 ./source/mouse.o
 .text.USB_DeviceApplicationInit
                0x000029b8       0x90 ./source/mouse.o
 .text.__NVIC_EnableIRQ
                0x00002a48       0x3c ./source/multi_peripherals_test.o
 .text.__NVIC_ClearPendingIRQ
                0x00002a84       0x3c ./source/multi_peripherals_test.o
 .text.__NVIC_SetPriority
                0x00002ac0       0x54 ./source/multi_peripherals_test.o
 .text.POWER_DisablePD
                0x00002b14       0x20 ./source/multi_peripherals_test.o
 .text.POWER_SetBodVbatLevel
                0x00002b34       0x58 ./source/multi_peripherals_test.o
 .text.BOARD_InitCodec
                0x00002b8c       0x78 ./source/multi_peripherals_test.o
                0x00002b8c                BOARD_InitCodec
 .text.USB_DeviceClockInit
                0x00002c04       0x54 ./source/multi_peripherals_test.o
                0x00002c04                USB_DeviceClockInit
 .text.USB1_IRQHandler
                0x00002c58       0x18 ./source/multi_peripherals_test.o
                0x00002c58                USB1_IRQHandler
 .text.main     0x00002c70      0x264 ./source/multi_peripherals_test.o
                0x00002c70                main
 .text.rtc_init
                0x00002ed4       0x94 ./source/rtc.o
                0x00002ed4                rtc_init
 .text.rtc_task
                0x00002f68       0x8c ./source/rtc.o
 .text.SDCARD_DetectCallBack
                0x00002ff4       0x24 ./source/sdcard.o
 .text.sdcard_init
                0x00003018       0x3c ./source/sdcard.o
                0x00003018                sdcard_init
 .text.sdcardWaitCardInsert
                0x00003054       0x4c ./source/sdcard.o
 .text.sdcard_task
                0x000030a0      0x1dc ./source/sdcard.o
 .text.USB_DeviceGetDeviceDescriptor
                0x0000327c       0x28 ./source/usb_device_descriptor.o
                0x0000327c                USB_DeviceGetDeviceDescriptor
 .text.USB_DeviceGetConfigurationDescriptor
                0x000032a4       0x34 ./source/usb_device_descriptor.o
                0x000032a4                USB_DeviceGetConfigurationDescriptor
 .text.USB_DeviceGetStringDescriptor
                0x000032d8       0xc0 ./source/usb_device_descriptor.o
                0x000032d8                USB_DeviceGetStringDescriptor
 .text.USB_DeviceGetHidDescriptor
                0x00003398       0x34 ./source/usb_device_descriptor.o
                0x00003398                USB_DeviceGetHidDescriptor
 .text.USB_DeviceGetHidReportDescriptor
                0x000033cc       0x34 ./source/usb_device_descriptor.o
                0x000033cc                USB_DeviceGetHidReportDescriptor
 .text.USB_DeviceSetSpeed
                0x00003400      0x13c ./source/usb_device_descriptor.o
                0x00003400                USB_DeviceSetSpeed
 .text.SD_SendApplicationCmd
                0x0000353c       0x30 ./sdmmc/src/fsl_sd.o
 .text.SD_GoIdle
                0x0000356c       0x2c ./sdmmc/src/fsl_sd.o
 .text.SD_SetBlockSize
                0x00003598       0x30 ./sdmmc/src/fsl_sd.o
 .text.SD_ExecuteTuning
                0x000035c8       0x3c ./sdmmc/src/fsl_sd.o
 .text.SD_SwitchVoltage
                0x00003604      0x10c ./sdmmc/src/fsl_sd.o
 .text.SD_StopTransmission
                0x00003710       0x80 ./sdmmc/src/fsl_sd.o
 .text.SD_Transfer
                0x00003790       0xc8 ./sdmmc/src/fsl_sd.o
 .text.SD_SendCardStatus
                0x00003858       0xac ./sdmmc/src/fsl_sd.o
 .text.SD_PollingCardStatusBusy
                0x00003904       0x7c ./sdmmc/src/fsl_sd.o
                0x00003904                SD_PollingCardStatusBusy
 .text.SD_SendWriteSuccessBlocks
                0x00003980       0xf0 ./sdmmc/src/fsl_sd.o
 .text.SD_SendRca
                0x00003a70       0x74 ./sdmmc/src/fsl_sd.o
 .text.SD_SwitchFunction
                0x00003ae4       0xc8 ./sdmmc/src/fsl_sd.o
 .text.SD_DecodeScr
                0x00003bac      0x178 ./sdmmc/src/fsl_sd.o
 .text.SD_SendScr
                0x00003d24       0xdc ./sdmmc/src/fsl_sd.o
 .text.SD_SelectFunction
                0x00003e00      0x184 ./sdmmc/src/fsl_sd.o
 .text.SD_SetDataBusWidth
                0x00003f84       0x9c ./sdmmc/src/fsl_sd.o
 .text.SD_DecodeCsd
                0x00004020      0x374 ./sdmmc/src/fsl_sd.o
 .text.SD_SendCsd
                0x00004394       0x98 ./sdmmc/src/fsl_sd.o
 .text.SD_DecodeCid
                0x0000442c       0xd4 ./sdmmc/src/fsl_sd.o
 .text.SD_AllSendCid
                0x00004500       0x94 ./sdmmc/src/fsl_sd.o
 .text.SD_ApplicationSendOperationCondition
                0x00004594       0xdc ./sdmmc/src/fsl_sd.o
 .text.SD_SendInterfaceCondition
                0x00004670       0x98 ./sdmmc/src/fsl_sd.o
 .text.SD_SelectBusTiming
                0x00004708      0x268 ./sdmmc/src/fsl_sd.o
 .text.SD_DecodeStatus
                0x00004970      0x114 ./sdmmc/src/fsl_sd.o
 .text.SD_ReadStatus
                0x00004a84       0xf8 ./sdmmc/src/fsl_sd.o
                0x00004a84                SD_ReadStatus
 .text.SD_SelectCard
                0x00004b7c       0x38 ./sdmmc/src/fsl_sd.o
                0x00004b7c                SD_SelectCard
 .text.SD_Read  0x00004bb4      0x148 ./sdmmc/src/fsl_sd.o
 .text.SD_Write
                0x00004cfc      0x164 ./sdmmc/src/fsl_sd.o
 .text.SD_ReadBlocks
                0x00004e60      0x18c ./sdmmc/src/fsl_sd.o
                0x00004e60                SD_ReadBlocks
 .text.SD_WriteBlocks
                0x00004fec      0x184 ./sdmmc/src/fsl_sd.o
                0x00004fec                SD_WriteBlocks
 .text.SD_ProbeBusVoltage
                0x00005170      0x164 ./sdmmc/src/fsl_sd.o
 .text.sdcard_init
                0x000052d4      0x160 ./sdmmc/src/fsl_sd.o
 .text.SD_CardInit
                0x00005434       0x60 ./sdmmc/src/fsl_sd.o
                0x00005434                SD_CardInit
 .text.SD_CardDeinit
                0x00005494       0x54 ./sdmmc/src/fsl_sd.o
                0x00005494                SD_CardDeinit
 .text.SD_HostInit
                0x000054e8       0x8c ./sdmmc/src/fsl_sd.o
                0x000054e8                SD_HostInit
 .text.SD_HostDeinit
                0x00005574       0x34 ./sdmmc/src/fsl_sd.o
                0x00005574                SD_HostDeinit
 .text.SD_SetCardPower
                0x000055a8       0x80 ./sdmmc/src/fsl_sd.o
                0x000055a8                SD_SetCardPower
 .text.SD_PollingCardInsert
                0x00005628       0xcc ./sdmmc/src/fsl_sd.o
                0x00005628                SD_PollingCardInsert
 .text.SD_Init  0x000056f4       0x84 ./sdmmc/src/fsl_sd.o
                0x000056f4                SD_Init
 .text.SDMMC_SelectCard
                0x00005778       0x84 ./sdmmc/src/fsl_sdmmc_common.o
                0x00005778                SDMMC_SelectCard
 .text.SDMMC_SendApplicationCommand
                0x000057fc       0x80 ./sdmmc/src/fsl_sdmmc_common.o
                0x000057fc                SDMMC_SendApplicationCommand
 .text.SDMMC_SetBlockSize
                0x0000587c       0x70 ./sdmmc/src/fsl_sdmmc_common.o
                0x0000587c                SDMMC_SetBlockSize
 .text.SDMMC_OSAEventCreate
                0x000058ec       0x30 ./sdmmc/osa/fsl_sdmmc_osa.o
                0x000058ec                SDMMC_OSAEventCreate
 .text.SDMMC_OSAEventWait
                0x0000591c       0x6c ./sdmmc/osa/fsl_sdmmc_osa.o
                0x0000591c                SDMMC_OSAEventWait
 .text.SDMMC_OSAEventSet
                0x00005988       0x50 ./sdmmc/osa/fsl_sdmmc_osa.o
                0x00005988                SDMMC_OSAEventSet
 .text.SDMMC_OSAEventGet
                0x000059d8       0x40 ./sdmmc/osa/fsl_sdmmc_osa.o
                0x000059d8                SDMMC_OSAEventGet
 .text.SDMMC_OSAEventClear
                0x00005a18       0x48 ./sdmmc/osa/fsl_sdmmc_osa.o
                0x00005a18                SDMMC_OSAEventClear
 .text.SDMMC_OSAEventDestroy
                0x00005a60       0x2c ./sdmmc/osa/fsl_sdmmc_osa.o
                0x00005a60                SDMMC_OSAEventDestroy
 .text.SDMMC_OSAMutexCreate
                0x00005a8c       0x2c ./sdmmc/osa/fsl_sdmmc_osa.o
                0x00005a8c                SDMMC_OSAMutexCreate
 .text.SDMMC_OSAMutexLock
                0x00005ab8       0x30 ./sdmmc/osa/fsl_sdmmc_osa.o
                0x00005ab8                SDMMC_OSAMutexLock
 .text.SDMMC_OSAMutexUnlock
                0x00005ae8       0x2c ./sdmmc/osa/fsl_sdmmc_osa.o
                0x00005ae8                SDMMC_OSAMutexUnlock
 .text.SDMMC_OSAMutexDestroy
                0x00005b14       0x2c ./sdmmc/osa/fsl_sdmmc_osa.o
                0x00005b14                SDMMC_OSAMutexDestroy
 .text.SDMMC_OSADelayUs
                0x00005b40       0x50 ./sdmmc/osa/fsl_sdmmc_osa.o
                0x00005b40                SDMMC_OSADelayUs
 .text.SDMMCHOST_PollingCardDetectStatus
                0x00005b90       0xd4 ./sdmmc/host/fsl_sdmmc_host.o
                0x00005b90                SDMMCHOST_PollingCardDetectStatus
 .text.SDMMCHOST_ErrorRecovery
                0x00005c64       0x44 ./sdmmc/host/fsl_sdmmc_host.o
 .text.SDMMCHOST_SetCardPower
                0x00005ca8       0x68 ./sdmmc/host/fsl_sdmmc_host.o
                0x00005ca8                SDMMCHOST_SetCardPower
 .text.SDMMCHOST_Init
                0x00005d10       0xe0 ./sdmmc/host/fsl_sdmmc_host.o
                0x00005d10                SDMMCHOST_Init
 .text.SDMMCHOST_Reset
                0x00005df0       0x64 ./sdmmc/host/fsl_sdmmc_host.o
                0x00005df0                SDMMCHOST_Reset
 .text.pvPortMalloc
                0x00005e54      0x154 ./freertos/freertos-kernel/portable/MemMang/heap_4.o
                0x00005e54                pvPortMalloc
 .text.vPortFree
                0x00005fa8       0x98 ./freertos/freertos-kernel/portable/MemMang/heap_4.o
                0x00005fa8                vPortFree
 .text.prvHeapInit
                0x00006040       0xb8 ./freertos/freertos-kernel/portable/MemMang/heap_4.o
 .text.prvInsertBlockIntoFreeList
                0x000060f8       0xb4 ./freertos/freertos-kernel/portable/MemMang/heap_4.o
 .text.vPortSetupTimerInterrupt
                0x000061ac       0x48 ./freertos/freertos-kernel/portable/GCC/ARM_CM33_NTZ/non_secure/port.o
                0x000061ac                vPortSetupTimerInterrupt
 .text.prvTaskExitError
                0x000061f4       0x34 ./freertos/freertos-kernel/portable/GCC/ARM_CM33_NTZ/non_secure/port.o
 .text.prvSetupFPU
                0x00006228       0x30 ./freertos/freertos-kernel/portable/GCC/ARM_CM33_NTZ/non_secure/port.o
 .text.vPortYield
                0x00006258       0x24 ./freertos/freertos-kernel/portable/GCC/ARM_CM33_NTZ/non_secure/port.o
                0x00006258                vPortYield
 .text.vPortEnterCritical
                0x0000627c       0x24 ./freertos/freertos-kernel/portable/GCC/ARM_CM33_NTZ/non_secure/port.o
                0x0000627c                vPortEnterCritical
 .text.vPortExitCritical
                0x000062a0       0x34 ./freertos/freertos-kernel/portable/GCC/ARM_CM33_NTZ/non_secure/port.o
                0x000062a0                vPortExitCritical
 .text.SysTick_Handler
                0x000062d4       0x30 ./freertos/freertos-kernel/portable/GCC/ARM_CM33_NTZ/non_secure/port.o
                0x000062d4                SysTick_Handler
 .text.pxPortInitialiseStack
                0x00006304      0x114 ./freertos/freertos-kernel/portable/GCC/ARM_CM33_NTZ/non_secure/port.o
                0x00006304                pxPortInitialiseStack
 .text.xPortStartScheduler
                0x00006418       0x40 ./freertos/freertos-kernel/portable/GCC/ARM_CM33_NTZ/non_secure/port.o
                0x00006418                xPortStartScheduler
 .text.vQueueAddToRegistry
                0x00006458       0x88 ./freertos/freertos-kernel/queue.o
                0x00006458                vQueueAddToRegistry
 .text.vQueueUnregisterQueue
                0x000064e0       0x5c ./freertos/freertos-kernel/queue.o
                0x000064e0                vQueueUnregisterQueue
 .text.prvAddNewTaskToReadyList
                0x0000653c      0x120 ./freertos/freertos-kernel/tasks.o
 .text.vTaskDelay
                0x0000665c       0x48 ./freertos/freertos-kernel/tasks.o
                0x0000665c                vTaskDelay
 .text.vTaskSuspend
                0x000066a4       0xe4 ./freertos/freertos-kernel/tasks.o
                0x000066a4                vTaskSuspend
 .text.vTaskStartScheduler
                0x00006788       0x84 ./freertos/freertos-kernel/tasks.o
                0x00006788                vTaskStartScheduler
 .text.vTaskSuspendAll
                0x0000680c       0x1c ./freertos/freertos-kernel/tasks.o
                0x0000680c                vTaskSuspendAll
 .text.xTaskResumeAll
                0x00006828      0x1d8 ./freertos/freertos-kernel/tasks.o
                0x00006828                xTaskResumeAll
 .text.xTaskGetTickCount
                0x00006a00       0x20 ./freertos/freertos-kernel/tasks.o
                0x00006a00                xTaskGetTickCount
 .text.uxTaskGetNumberOfTasks
                0x00006a20       0x18 ./freertos/freertos-kernel/tasks.o
                0x00006a20                uxTaskGetNumberOfTasks
 .text.xTaskIncrementTick
                0x00006a38      0x220 ./freertos/freertos-kernel/tasks.o
                0x00006a38                xTaskIncrementTick
 .text.vTaskSwitchContext
                0x00006c58       0xa8 ./freertos/freertos-kernel/tasks.o
                0x00006c58                vTaskSwitchContext
 .text.vTaskPlaceOnEventList
                0x00006d00       0x38 ./freertos/freertos-kernel/tasks.o
                0x00006d00                vTaskPlaceOnEventList
 .text.vTaskPlaceOnEventListRestricted
                0x00006d38       0x7c ./freertos/freertos-kernel/tasks.o
                0x00006d38                vTaskPlaceOnEventListRestricted
 .text.xTaskRemoveFromEventList
                0x00006db4      0x19c ./freertos/freertos-kernel/tasks.o
                0x00006db4                xTaskRemoveFromEventList
 .text.vTaskRemoveFromUnorderedEventList
                0x00006f50      0x160 ./freertos/freertos-kernel/tasks.o
                0x00006f50                vTaskRemoveFromUnorderedEventList
 .text.vTaskInternalSetTimeOutState
                0x000070b0       0x2c ./freertos/freertos-kernel/tasks.o
                0x000070b0                vTaskInternalSetTimeOutState
 .text.xTaskCheckForTimeOut
                0x000070dc       0xac ./freertos/freertos-kernel/tasks.o
                0x000070dc                xTaskCheckForTimeOut
 .text.vTaskMissedYield
                0x00007188       0x18 ./freertos/freertos-kernel/tasks.o
                0x00007188                vTaskMissedYield
 .text.prvIdleTask
                0x000071a0       0x20 ./freertos/freertos-kernel/tasks.o
 .text.prvInitialiseTaskLists
                0x000071c0       0x80 ./freertos/freertos-kernel/tasks.o
 .text.prvCheckTasksWaitingTermination
                0x00007240       0x5c ./freertos/freertos-kernel/tasks.o
 .text.prvResetNextTaskUnblockTime
                0x0000729c       0x38 ./freertos/freertos-kernel/tasks.o
 .text.xTaskGetCurrentTaskHandle
                0x000072d4       0x20 ./freertos/freertos-kernel/tasks.o
                0x000072d4                xTaskGetCurrentTaskHandle
 .text.xTaskGetSchedulerState
                0x000072f4       0x3c ./freertos/freertos-kernel/tasks.o
                0x000072f4                xTaskGetSchedulerState
 .text.xTaskPriorityInherit
                0x00007330      0x120 ./freertos/freertos-kernel/tasks.o
                0x00007330                xTaskPriorityInherit
 .text.xTaskPriorityDisinherit
                0x00007450      0x10c ./freertos/freertos-kernel/tasks.o
                0x00007450                xTaskPriorityDisinherit
 .text.vTaskPriorityDisinheritAfterTimeout
                0x0000755c      0x134 ./freertos/freertos-kernel/tasks.o
                0x0000755c                vTaskPriorityDisinheritAfterTimeout
 .text.pvTaskIncrementMutexHeldCount
                0x00007690       0x28 ./freertos/freertos-kernel/tasks.o
                0x00007690                pvTaskIncrementMutexHeldCount
 .text.prvAddCurrentTaskToDelayedList
                0x000076b8       0xdc ./freertos/freertos-kernel/tasks.o
 .text.xTimerCreateTimerTask
                0x00007794       0x54 ./freertos/freertos-kernel/timers.o
                0x00007794                xTimerCreateTimerTask
 .text.prvProcessExpiredTimer
                0x000077e8       0x60 ./freertos/freertos-kernel/timers.o
 .text.prvProcessTimerOrBlockTask
                0x00007848       0x8c ./freertos/freertos-kernel/timers.o
 .text.prvGetNextExpireTime
                0x000078d4       0x48 ./freertos/freertos-kernel/timers.o
 .text.prvSampleTimeNow
                0x0000791c       0x40 ./freertos/freertos-kernel/timers.o
 .text.prvInsertTimerInActiveList
                0x0000795c       0x84 ./freertos/freertos-kernel/timers.o
 .text.prvProcessReceivedCommands
                0x000079e0      0x194 ./freertos/freertos-kernel/timers.o
 .text.prvSwitchTimerLists
                0x00007b74       0x4c ./freertos/freertos-kernel/timers.o
 .text.prvCheckForValidListAndQueue
                0x00007bc0       0x6c ./freertos/freertos-kernel/timers.o
 .text.sd_disk_write
                0x00007c2c       0x40 ./fatfs/source/fsl_sd_disk/fsl_sd_disk.o
                0x00007c2c                sd_disk_write
 .text.sd_disk_read
                0x00007c6c       0x40 ./fatfs/source/fsl_sd_disk/fsl_sd_disk.o
                0x00007c6c                sd_disk_read
 .text.sd_disk_ioctl
                0x00007cac       0xa4 ./fatfs/source/fsl_sd_disk/fsl_sd_disk.o
                0x00007cac                sd_disk_ioctl
 .text.sd_disk_initialize
                0x00007d50       0x5c ./fatfs/source/fsl_sd_disk/fsl_sd_disk.o
                0x00007d50                sd_disk_initialize
 .text.sync_fs  0x00007dac       0xdc ./fatfs/source/ff.o
 .text.create_name
                0x00007e88      0x228 ./fatfs/source/ff.o
 .text.get_ldnumber
                0x000080b0       0x90 ./fatfs/source/ff.o
 .text.check_fs
                0x00008140      0x148 ./fatfs/source/ff.o
 .text.mount_volume
                0x00008288      0x404 ./fatfs/source/ff.o
 .text.f_mount  0x0000868c       0x80 ./fatfs/source/ff.o
                0x0000868c                f_mount
 .text.f_open   0x0000870c      0x314 ./fatfs/source/ff.o
                0x0000870c                f_open
 .text.f_sync   0x00008a20      0x100 ./fatfs/source/ff.o
                0x00008a20                f_sync
 .text.f_chdrive
                0x00008b20       0x34 ./fatfs/source/ff.o
                0x00008b20                f_chdrive
 .text.POWER_EnablePD
                0x00008b54       0x20 ./drivers/fsl_clock.o
 .text.POWER_DisablePD
                0x00008b74       0x20 ./drivers/fsl_clock.o
 .text.CLOCK_AttachClk
                0x00008b94       0xa0 ./drivers/fsl_clock.o
                0x00008b94                CLOCK_AttachClk
 .text.CLOCK_SetClkDiv
                0x00008c34       0x80 ./drivers/fsl_clock.o
                0x00008c34                CLOCK_SetClkDiv
 .text.CLOCK_SetupFROClocking
                0x00008cb4       0x80 ./drivers/fsl_clock.o
                0x00008cb4                CLOCK_SetupFROClocking
 .text.CLOCK_SetFLASHAccessCyclesForFreq
                0x00008d34      0x17c ./drivers/fsl_clock.o
                0x00008d34                CLOCK_SetFLASHAccessCyclesForFreq
 .text.CLOCK_SetupExtClocking
                0x00008eb0       0x50 ./drivers/fsl_clock.o
                0x00008eb0                CLOCK_SetupExtClocking
 .text.CLOCK_GetSdioClkFreq
                0x00008f00       0x88 ./drivers/fsl_clock.o
                0x00008f00                CLOCK_GetSdioClkFreq
 .text.CLOCK_GetFro12MFreq
                0x00008f88       0x28 ./drivers/fsl_clock.o
                0x00008f88                CLOCK_GetFro12MFreq
 .text.CLOCK_GetFro1MFreq
                0x00008fb0       0x28 ./drivers/fsl_clock.o
                0x00008fb0                CLOCK_GetFro1MFreq
 .text.CLOCK_GetExtClkFreq
                0x00008fd8       0x2c ./drivers/fsl_clock.o
                0x00008fd8                CLOCK_GetExtClkFreq
 .text.CLOCK_GetFroHfFreq
                0x00009004       0x28 ./drivers/fsl_clock.o
                0x00009004                CLOCK_GetFroHfFreq
 .text.CLOCK_GetPll0OutFreq
                0x0000902c       0x18 ./drivers/fsl_clock.o
                0x0000902c                CLOCK_GetPll0OutFreq
 .text.CLOCK_GetPll1OutFreq
                0x00009044       0x18 ./drivers/fsl_clock.o
                0x00009044                CLOCK_GetPll1OutFreq
 .text.CLOCK_GetOsc32KFreq
                0x0000905c       0x58 ./drivers/fsl_clock.o
                0x0000905c                CLOCK_GetOsc32KFreq
 .text.CLOCK_GetCoreSysClkFreq
                0x000090b4       0xa8 ./drivers/fsl_clock.o
                0x000090b4                CLOCK_GetCoreSysClkFreq
 .text.CLOCK_GetPLL0InClockRate
                0x0000915c       0x64 ./drivers/fsl_clock.o
                0x0000915c                CLOCK_GetPLL0InClockRate
 .text.CLOCK_GetPLL1InClockRate
                0x000091c0       0x64 ./drivers/fsl_clock.o
                0x000091c0                CLOCK_GetPLL1InClockRate
 .text.CLOCK_SetPLL0Freq
                0x00009224      0x14c ./drivers/fsl_clock.o
                0x00009224                CLOCK_SetPLL0Freq
 .text.CLOCK_SetPLL1Freq
                0x00009370      0x110 ./drivers/fsl_clock.o
                0x00009370                CLOCK_SetPLL1Freq
 .text.CLOCK_EnableUsbhs0PhyPllClock
                0x00009480      0x190 ./drivers/fsl_clock.o
                0x00009480                CLOCK_EnableUsbhs0PhyPllClock
 .text.CLOCK_EnableUsbhs0DeviceClock
                0x00009610       0x50 ./drivers/fsl_clock.o
                0x00009610                CLOCK_EnableUsbhs0DeviceClock
 .text.SDK_DelayAtLeastUs
                0x00009660       0x8c ./drivers/fsl_common_arm.o
                0x00009660                SDK_DelayAtLeastUs
 .text.FLEXCOMM_GetInstance
                0x000096ec       0x50 ./drivers/fsl_flexcomm.o
                0x000096ec                FLEXCOMM_GetInstance
 .text.FLEXCOMM_Init
                0x0000973c       0x50 ./drivers/fsl_flexcomm.o
                0x0000973c                FLEXCOMM_Init
 .text.FLEXCOMM_SetIRQHandler
                0x0000978c       0x44 ./drivers/fsl_flexcomm.o
                0x0000978c                FLEXCOMM_SetIRQHandler
 .text.FLEXCOMM0_DriverIRQHandler
                0x000097d0       0x5c ./drivers/fsl_flexcomm.o
                0x000097d0                FLEXCOMM0_DriverIRQHandler
 .text.FLEXCOMM1_DriverIRQHandler
                0x0000982c       0x5c ./drivers/fsl_flexcomm.o
                0x0000982c                FLEXCOMM1_DriverIRQHandler
 .text.FLEXCOMM2_DriverIRQHandler
                0x00009888       0x5c ./drivers/fsl_flexcomm.o
                0x00009888                FLEXCOMM2_DriverIRQHandler
 .text.FLEXCOMM3_DriverIRQHandler
                0x000098e4       0x5c ./drivers/fsl_flexcomm.o
                0x000098e4                FLEXCOMM3_DriverIRQHandler
 .text.FLEXCOMM4_DriverIRQHandler
                0x00009940       0x5c ./drivers/fsl_flexcomm.o
                0x00009940                FLEXCOMM4_DriverIRQHandler
 .text.FLEXCOMM5_DriverIRQHandler
                0x0000999c       0x5c ./drivers/fsl_flexcomm.o
                0x0000999c                FLEXCOMM5_DriverIRQHandler
 .text.FLEXCOMM6_DriverIRQHandler
                0x000099f8       0x5c ./drivers/fsl_flexcomm.o
                0x000099f8                FLEXCOMM6_DriverIRQHandler
 .text.FLEXCOMM7_DriverIRQHandler
                0x00009a54       0x5c ./drivers/fsl_flexcomm.o
                0x00009a54                FLEXCOMM7_DriverIRQHandler
 .text.FLEXCOMM8_DriverIRQHandler
                0x00009ab0       0x5c ./drivers/fsl_flexcomm.o
                0x00009ab0                FLEXCOMM8_DriverIRQHandler
 .text.GPIO_EnablePortClock
                0x00009b0c       0x34 ./drivers/fsl_gpio.o
 .text.I2C_ClearStatusFlags
                0x00009b40       0x2c ./drivers/fsl_i2c.o
 .text.I2C_MasterGetDefaultConfig
                0x00009b6c       0x38 ./drivers/fsl_i2c.o
                0x00009b6c                I2C_MasterGetDefaultConfig
 .text.I2C_MasterSetBaudRate
                0x00009ba4      0x13c ./drivers/fsl_i2c.o
                0x00009ba4                I2C_MasterSetBaudRate
 .text.I2C_MasterSetTimeoutValue
                0x00009ce0       0x84 ./drivers/fsl_i2c.o
                0x00009ce0                I2C_MasterSetTimeoutValue
 .text.I2C_PendingStatusWait
                0x00009d64       0x74 ./drivers/fsl_i2c.o
 .text.I2C_MasterWriteBlocking
                0x00009dd8       0xe4 ./drivers/fsl_i2c.o
                0x00009dd8                I2C_MasterWriteBlocking
 .text.I2C_MasterReadBlocking
                0x00009ebc       0xcc ./drivers/fsl_i2c.o
                0x00009ebc                I2C_MasterReadBlocking
 .text.I2C_MasterTransferBlocking
                0x00009f88      0x178 ./drivers/fsl_i2c.o
                0x00009f88                I2C_MasterTransferBlocking
 .text.__NVIC_EnableIRQ
                0x0000a100       0x3c ./drivers/fsl_i2s.o
 .text.I2S_GetInstance
                0x0000a13c       0x44 ./drivers/fsl_i2s.o
 .text.I2S_Config
                0x0000a180       0xf0 ./drivers/fsl_i2s.o
 .text.I2S_ValidateBuffer
                0x0000a270      0x21c ./drivers/fsl_i2s.o
 .text.I2S_TxTransferCreateHandle
                0x0000a48c       0xd0 ./drivers/fsl_i2s.o
                0x0000a48c                I2S_TxTransferCreateHandle
 .text.I2S_TxTransferNonBlocking
                0x0000a55c       0xcc ./drivers/fsl_i2s.o
                0x0000a55c                I2S_TxTransferNonBlocking
 .text.I2S_RxTransferCreateHandle
                0x0000a628       0xd0 ./drivers/fsl_i2s.o
                0x0000a628                I2S_RxTransferCreateHandle
 .text.I2S_RxTransferNonBlocking
                0x0000a6f8       0xcc ./drivers/fsl_i2s.o
                0x0000a6f8                I2S_RxTransferNonBlocking
 .text.lowpower_set_system_voltage
                0x0000a7c4      0x154 ./drivers/fsl_power.o
 .text.lowpower_set_dcdc_power_profile
                0x0000a918       0xec ./drivers/fsl_power.o
 .text.lowpower_get_part_process_corner
                0x0000aa04       0x94 ./drivers/fsl_power.o
 .text.POWER_SetVoltageForFreq
                0x0000aa98       0x50 ./drivers/fsl_power.o
                0x0000aa98                POWER_SetVoltageForFreq
 .text.RESET_SetPeripheralReset
                0x0000aae8       0x5c ./drivers/fsl_reset.o
                0x0000aae8                RESET_SetPeripheralReset
 .text.RESET_ClearPeripheralReset
                0x0000ab44       0x60 ./drivers/fsl_reset.o
                0x0000ab44                RESET_ClearPeripheralReset
 .text.RTC_CheckDatetimeFormat
                0x0000aba4       0xe0 ./drivers/fsl_rtc.o
 .text.RTC_ConvertDatetimeToSeconds
                0x0000ac84       0xd8 ./drivers/fsl_rtc.o
 .text.RTC_ConvertSecondsToDatetime
                0x0000ad5c      0x164 ./drivers/fsl_rtc.o
 .text.RTC_SetDatetime
                0x0000aec0       0x48 ./drivers/fsl_rtc.o
                0x0000aec0                RTC_SetDatetime
 .text.RTC_GetDatetime
                0x0000af08       0x38 ./drivers/fsl_rtc.o
                0x0000af08                RTC_GetDatetime
 .text.__NVIC_EnableIRQ
                0x0000af40       0x3c ./drivers/fsl_sdif.o
 .text.SDIF_GetInstance
                0x0000af7c       0x40 ./drivers/fsl_sdif.o
 .text.SDIF_TransferConfig
                0x0000afbc      0x1a4 ./drivers/fsl_sdif.o
 .text.SDIF_SendCommand
                0x0000b160       0x48 ./drivers/fsl_sdif.o
                0x0000b160                SDIF_SendCommand
 .text.SDIF_ConfigClockDelay
                0x0000b1a8       0x6c ./drivers/fsl_sdif.o
                0x0000b1a8                SDIF_ConfigClockDelay
 .text.SDIF_SyncClockCommand
                0x0000b214       0x58 ./drivers/fsl_sdif.o
 .text.SDIF_SetCardClock
                0x0000b26c       0xc4 ./drivers/fsl_sdif.o
                0x0000b26c                SDIF_SetCardClock
 .text.SDIF_InternalDMAConfig
                0x0000b330      0x294 ./drivers/fsl_sdif.o
                0x0000b330                SDIF_InternalDMAConfig
 .text.SDIF_Init
                0x0000b5c4       0x80 ./drivers/fsl_sdif.o
                0x0000b5c4                SDIF_Init
 .text.SDIF_TransferNonBlocking
                0x0000b644       0xe0 ./drivers/fsl_sdif.o
                0x0000b644                SDIF_TransferNonBlocking
 .text.SDIF_TransferCreateHandle
                0x0000b724       0xb0 ./drivers/fsl_sdif.o
                0x0000b724                SDIF_TransferCreateHandle
 .text.SDIF_TransferHandleCommand
                0x0000b7d4       0xb4 ./drivers/fsl_sdif.o
 .text.SDIF_TransferHandleData
                0x0000b888      0x158 ./drivers/fsl_sdif.o
 .text.SDIF_TransferHandleIRQ
                0x0000b9e0       0xa8 ./drivers/fsl_sdif.o
 .text.SDIF_Deinit
                0x0000ba88       0x3c ./drivers/fsl_sdif.o
                0x0000ba88                SDIF_Deinit
 .text.SDIO_DriverIRQHandler
                0x0000bac4       0x34 ./drivers/fsl_sdif.o
                0x0000bac4                SDIO_DriverIRQHandler
 .text.SYSCTL_GetInstance
                0x0000baf8       0x40 ./drivers/fsl_sysctl.o
 .text.USART_Init
                0x0000bb38      0x1cc ./drivers/fsl_usart.o
                0x0000bb38                USART_Init
 .text.USART_GetDefaultConfig
                0x0000bd04       0x80 ./drivers/fsl_usart.o
                0x0000bd04                USART_GetDefaultConfig
 .text.USART_SetBaudRate
                0x0000bd84      0x18c ./drivers/fsl_usart.o
                0x0000bd84                USART_SetBaudRate
 .text.USART_WriteBlocking
                0x0000bf10       0x8c ./drivers/fsl_usart.o
                0x0000bf10                USART_WriteBlocking
 .text.SystemInit
                0x0000bf9c       0x64 ./device/system_LPC55S69_cm33_core0.o
                0x0000bf9c                SystemInit
 .text.HAL_UartInitCommon
                0x0000c000      0x110 ./component/uart/fsl_adapter_usart.o
 .text.HAL_UartSendBlocking
                0x0000c110       0x64 ./component/uart/fsl_adapter_usart.o
                0x0000c110                HAL_UartSendBlocking
 .text.OSA_TimeDelay
                0x0000c174       0x30 ./component/osa/fsl_os_abstraction_free_rtos.o
                0x0000c174                OSA_TimeDelay
 .text.OSA_SemaphoreCreate
                0x0000c1a4       0x44 ./component/osa/fsl_os_abstraction_free_rtos.o
                0x0000c1a4                OSA_SemaphoreCreate
 .text.OSA_SemaphoreDestroy
                0x0000c1e8       0x30 ./component/osa/fsl_os_abstraction_free_rtos.o
                0x0000c1e8                OSA_SemaphoreDestroy
 .text.OSA_SemaphoreWait
                0x0000c218       0x68 ./component/osa/fsl_os_abstraction_free_rtos.o
                0x0000c218                OSA_SemaphoreWait
 .text.OSA_SemaphorePost
                0x0000c280       0x90 ./component/osa/fsl_os_abstraction_free_rtos.o
                0x0000c280                OSA_SemaphorePost
 .text.OSA_MutexCreate
                0x0000c310       0x40 ./component/osa/fsl_os_abstraction_free_rtos.o
                0x0000c310                OSA_MutexCreate
 .text.OSA_MutexLock
                0x0000c350       0x68 ./component/osa/fsl_os_abstraction_free_rtos.o
                0x0000c350                OSA_MutexLock
 .text.OSA_MutexUnlock
                0x0000c3b8       0x3c ./component/osa/fsl_os_abstraction_free_rtos.o
                0x0000c3b8                OSA_MutexUnlock
 .text.OSA_MutexDestroy
                0x0000c3f4       0x30 ./component/osa/fsl_os_abstraction_free_rtos.o
                0x0000c3f4                OSA_MutexDestroy
 .text.HAL_I2cGetStatus
                0x0000c424       0xa8 ./component/i2c/fsl_adapter_flexcomm_i2c.o
 .text.HAL_I2cMasterInit
                0x0000c4cc       0x78 ./component/i2c/fsl_adapter_flexcomm_i2c.o
                0x0000c4cc                HAL_I2cMasterInit
 .text.HAL_I2cMasterTransferBlocking
                0x0000c544       0x94 ./component/i2c/fsl_adapter_flexcomm_i2c.o
                0x0000c544                HAL_I2cMasterTransferBlocking
 .text.HAL_CODEC_WM8904_Init
                0x0000c5d8       0x4c ./codec/port/wm8904/fsl_codec_wm8904_adapter.o
                0x0000c5d8                HAL_CODEC_WM8904_Init
 .text.HAL_CODEC_WM8904_SetVolume
                0x0000c624       0xd8 ./codec/port/wm8904/fsl_codec_wm8904_adapter.o
                0x0000c624                HAL_CODEC_WM8904_SetVolume
 .text.CODEC_Init
                0x0000c6fc       0x38 ./codec/fsl_codec_common.o
                0x0000c6fc                CODEC_Init
 .text.CODEC_SetVolume
                0x0000c734       0x74 ./codec/fsl_codec_common.o
                0x0000c734                CODEC_SetVolume
 .text.WM8904_WriteRegister
                0x0000c7a8       0x64 ./codec/fsl_wm8904.o
                0x0000c7a8                WM8904_WriteRegister
 .text.WM8904_ReadRegister
                0x0000c80c       0x70 ./codec/fsl_wm8904.o
                0x0000c80c                WM8904_ReadRegister
 .text.WM8904_Init
                0x0000c87c      0x3d8 ./codec/fsl_wm8904.o
                0x0000c87c                WM8904_Init
 .text.WM8904_SetMasterClock
                0x0000cc54      0x434 ./codec/fsl_wm8904.o
                0x0000cc54                WM8904_SetMasterClock
 .text.WM8904_SetFLLConfig
                0x0000d088      0x238 ./codec/fsl_wm8904.o
                0x0000d088                WM8904_SetFLLConfig
 .text.WM8904_CheckAudioFormat
                0x0000d2c0      0x210 ./codec/fsl_wm8904.o
                0x0000d2c0                WM8904_CheckAudioFormat
 .text.WM8904_SetChannelVolume
                0x0000d4d0       0xb4 ./codec/fsl_wm8904.o
                0x0000d4d0                WM8904_SetChannelVolume
 .text.WM8904_SetRecord
                0x0000d584       0xd0 ./codec/fsl_wm8904.o
                0x0000d584                WM8904_SetRecord
 .text.BOARD_InitDebugConsole
                0x0000d654       0x38 ./board/board.o
                0x0000d654                BOARD_InitDebugConsole
 .text.POWER_DisablePD
                0x0000d68c       0x20 ./board/clock_config.o
 .text.BOARD_BootClockPLL1_150M
                0x0000d6ac       0xd4 ./board/clock_config.o
                0x0000d6ac                BOARD_BootClockPLL1_150M
 .text.BOARD_InitPins
                0x0000d780      0x2ac ./board/pin_mux.o
                0x0000d780                BOARD_InitPins
 .text.__NVIC_SetPriority
                0x0000da2c       0x54 ./board/sdmmc_config.o
 .text.BOARD_SDIF0ClockConfiguration
                0x0000da80       0x38 ./board/sdmmc_config.o
                0x0000da80                BOARD_SDIF0ClockConfiguration
 .text.BOARD_SDCardDetectInit
                0x0000dab8       0x34 ./board/sdmmc_config.o
                0x0000dab8                BOARD_SDCardDetectInit
 .text.BOARD_SD_Config
                0x0000daec       0x74 ./board/sdmmc_config.o
                0x0000daec                BOARD_SD_Config
 .text._initio  0x0000db60       0x78 c:/nxp/mcuxpressoide_11.8.0_1165/ide/plugins/com.nxp.mcuxpresso.tools.win32_11.8.0.202306131047/tools/bin/../lib/gcc/arm-none-eabi/12.2.1/../../../../arm-none-eabi/lib/thumb/v8-m.main+fp/hard\libcr_c.a(initio.o)
                0x0000db60                _initio
 .text._Cwritebuf
                0x0000dbd8       0x6c c:/nxp/mcuxpressoide_11.8.0_1165/ide/plugins/com.nxp.mcuxpresso.tools.win32_11.8.0.202306131047/tools/bin/../lib/gcc/arm-none-eabi/12.2.1/../../../../arm-none-eabi/lib/thumb/v8-m.main+fp/hard\libcr_c.a(_writebuf.o)
                0x0000dbd8                _Cwritebuf
 .text.fflush   0x0000dc44       0x3c c:/nxp/mcuxpressoide_11.8.0_1165/ide/plugins/com.nxp.mcuxpresso.tools.win32_11.8.0.202306131047/tools/bin/../lib/gcc/arm-none-eabi/12.2.1/../../../../arm-none-eabi/lib/thumb/v8-m.main+fp/hard\libcr_c.a(fflush.o)
                0x0000dc44                fflush
 .text.fseek    0x0000dc80       0xf8 c:/nxp/mcuxpressoide_11.8.0_1165/ide/plugins/com.nxp.mcuxpresso.tools.win32_11.8.0.202306131047/tools/bin/../lib/gcc/arm-none-eabi/12.2.1/../../../../arm-none-eabi/lib/thumb/v8-m.main+fp/hard\libcr_c.a(fseek.o)
                0x0000dc80                fseek
 .text.ftell    0x0000dd78       0x44 c:/nxp/mcuxpressoide_11.8.0_1165/ide/plugins/com.nxp.mcuxpresso.tools.win32_11.8.0.202306131047/tools/bin/../lib/gcc/arm-none-eabi/12.2.1/../../../../arm-none-eabi/lib/thumb/v8-m.main+fp/hard\libcr_c.a(ftell.o)
                0x0000dd78                ftell
 .text.DbgConsole_PrintCallback
                0x0000ddbc       0x66 ./utilities/fsl_debug_console.o
 .text.DbgConsole_Printf
                0x0000de22       0x2c ./utilities/fsl_debug_console.o
                0x0000de22                DbgConsole_Printf
 .text.PrintGetWidth
                0x0000de4e       0x6a ./utilities/fsl_str.o
 .text.PrintGetPrecision
                0x0000deb8       0x8c ./utilities/fsl_str.o
 .text.PrintIsobpu
                0x0000df44       0x38 ./utilities/fsl_str.o
 .text.PrintIsdi
                0x0000df7c       0x2c ./utilities/fsl_str.o
 .text.PrintOutputdifFobpu
                0x0000dfa8       0x44 ./utilities/fsl_str.o
 .text.PrintOutputxX
                0x0000dfec       0x44 ./utilities/fsl_str.o
 .text.PrintIsfF
                0x0000e030       0x2c ./utilities/fsl_str.o
 .text.PrintIsxX
                0x0000e05c       0x2c ./utilities/fsl_str.o
 .text.PrintFilterLengthFlag
                0x0000e088       0x3e ./utilities/fsl_str.o
 .text.PrintGetRadixFromobpu
                0x0000e0c6       0x40 ./utilities/fsl_str.o
 .text.ConvertRadixNumToString
                0x0000e106       0xc2 ./utilities/fsl_str.o
 .text.StrFormatPrintf
                0x0000e1c8      0x2ac ./utilities/fsl_str.o
                0x0000e1c8                StrFormatPrintf
 .text.USB_EhciPhyInit
                0x0000e474       0xaa ./usb/phy/usb_phy.o
                0x0000e474                USB_EhciPhyInit
 .text.USB_DeviceLpcIp3511MaxPacketNeedCopy
                0x0000e51e       0x16 ./usb/device/source/lpcip3511/usb_device_lpcip3511.o
 .text.USB_DeviceLpc3511IpGetEndpointStateStruct
                0x0000e534       0x34 ./usb/device/source/lpcip3511/usb_device_lpcip3511.o
 .text.USB_DeviceLpc3511IpEndpointPrime
                0x0000e568      0x150 ./usb/device/source/lpcip3511/usb_device_lpcip3511.o
 .text.USB_DeviceLpc3511IpEndpointInit
                0x0000e6b8      0x1ec ./usb/device/source/lpcip3511/usb_device_lpcip3511.o
 .text.USB_DeviceLpc3511IpEndpointDeinit
                0x0000e8a4       0xb8 ./usb/device/source/lpcip3511/usb_device_lpcip3511.o
 .text.USB_DeviceLpc3511IpEndpointStall
                0x0000e95c      0x118 ./usb/device/source/lpcip3511/usb_device_lpcip3511.o
 .text.USB_DeviceLpc3511IpEndpointUnstall
                0x0000ea74       0xe4 ./usb/device/source/lpcip3511/usb_device_lpcip3511.o
 .text.USB_DeviceLpc3511IpDoPreviousTransactionMemcpy
                0x0000eb58       0x84 ./usb/device/source/lpcip3511/usb_device_lpcip3511.o
 .text.USB_DeviceLpc3511IpTokenUpdate
                0x0000ebdc       0xcc ./usb/device/source/lpcip3511/usb_device_lpcip3511.o
 .text.USB_DeviceLpc3511IpInterruptToken
                0x0000eca8      0x32c ./usb/device/source/lpcip3511/usb_device_lpcip3511.o
 .text.USB_DeviceLpc3511IpInterruptReset
                0x0000efd4       0x84 ./usb/device/source/lpcip3511/usb_device_lpcip3511.o
 .text.USB_DeviceLpc3511IpTransaction
                0x0000f058       0xfe ./usb/device/source/lpcip3511/usb_device_lpcip3511.o
 .text.USB_DeviceLpc3511IpSend
                0x0000f156       0x76 ./usb/device/source/lpcip3511/usb_device_lpcip3511.o
                0x0000f156                USB_DeviceLpc3511IpSend
 .text.USB_DeviceLpc3511IpRecv
                0x0000f1cc       0x26 ./usb/device/source/lpcip3511/usb_device_lpcip3511.o
                0x0000f1cc                USB_DeviceLpc3511IpRecv
 .text.USB_DeviceLpc3511IpCancel
                0x0000f1f2      0x316 ./usb/device/source/lpcip3511/usb_device_lpcip3511.o
                0x0000f1f2                USB_DeviceLpc3511IpCancel
 .text.USB_DeviceLpc3511IpControlPreSetDeviceAddress
                0x0000f508       0x58 ./usb/device/source/lpcip3511/usb_device_lpcip3511.o
 .text.USB_DeviceLpcIp3511IsrFunction
                0x0000f560      0x158 ./usb/device/source/lpcip3511/usb_device_lpcip3511.o
                0x0000f560                USB_DeviceLpcIp3511IsrFunction
 .text.USB_DeviceCh9GetStatus
                0x0000f6b8      0x10a ./usb/device/source/usb_device_ch9.o
 .text.USB_DeviceCh9SetClearFeature
                0x0000f7c2      0x10c ./usb/device/source/usb_device_ch9.o
 .text.USB_DeviceCh9SetAddress
                0x0000f8ce       0xca ./usb/device/source/usb_device_ch9.o
 .text.USB_DeviceCh9GetDescriptor
                0x0000f998      0x1f6 ./usb/device/source/usb_device_ch9.o
 .text.USB_DeviceCh9GetConfiguration
                0x0000fb8e       0x8e ./usb/device/source/usb_device_ch9.o
 .text.USB_DeviceCh9SetConfiguration
                0x0000fc1c       0xb6 ./usb/device/source/usb_device_ch9.o
 .text.USB_DeviceCh9GetInterface
                0x0000fcd2       0x9c ./usb/device/source/usb_device_ch9.o
 .text.USB_DeviceCh9SetInterface
                0x0000fd6e       0x90 ./usb/device/source/usb_device_ch9.o
 .text.USB_DeviceCh9SynchFrame
                0x0000fdfe       0x90 ./usb/device/source/usb_device_ch9.o
 .text.USB_DeviceControlCallbackFeedback
                0x0000fe8e       0x9a ./usb/device/source/usb_device_ch9.o
 .text.USB_DeviceFreeHandle
                0x0000ff28       0x36 ./usb/device/source/usb_device_dci.o
 .text.USB_DeviceTransfer
                0x0000ff5e      0x124 ./usb/device/source/usb_device_dci.o
 .text.USB_DeviceControl
                0x00010082       0x4c ./usb/device/source/usb_device_dci.o
 .text.USB_DeviceResetNotification
                0x000100ce       0x98 ./usb/device/source/usb_device_dci.o
 .text.USB_DeviceNotification
                0x00010166      0x102 ./usb/device/source/usb_device_dci.o
 .text.USB_DeviceNotificationTrigger
                0x00010268       0x40 ./usb/device/source/usb_device_dci.o
                0x00010268                USB_DeviceNotificationTrigger
 .text.USB_DeviceInit
                0x000102a8      0x166 ./usb/device/source/usb_device_dci.o
                0x000102a8                USB_DeviceInit
 .text.USB_DeviceRun
                0x0001040e       0x1c ./usb/device/source/usb_device_dci.o
                0x0001040e                USB_DeviceRun
 .text.USB_DeviceDeinit
                0x0001042a       0x42 ./usb/device/source/usb_device_dci.o
                0x0001042a                USB_DeviceDeinit
 .text.USB_DeviceSendRequest
                0x0001046c       0x32 ./usb/device/source/usb_device_dci.o
                0x0001046c                USB_DeviceSendRequest
 .text.USB_DeviceRecvRequest
                0x0001049e       0x2c ./usb/device/source/usb_device_dci.o
                0x0001049e                USB_DeviceRecvRequest
 .text.USB_DeviceInitEndpoint
                0x000104ca       0xbe ./usb/device/source/usb_device_dci.o
                0x000104ca                USB_DeviceInitEndpoint
 .text.USB_DeviceDeinitEndpoint
                0x00010588       0xac ./usb/device/source/usb_device_dci.o
                0x00010588                USB_DeviceDeinitEndpoint
 .text.USB_DeviceStallEndpoint
                0x00010634       0x30 ./usb/device/source/usb_device_dci.o
                0x00010634                USB_DeviceStallEndpoint
 .text.USB_DeviceUnstallEndpoint
                0x00010664       0x30 ./usb/device/source/usb_device_dci.o
                0x00010664                USB_DeviceUnstallEndpoint
 .text.USB_DeviceHidFreeHandle
                0x00010694       0x2e ./usb/device/class/hid/usb_device_hid.o
 .text.USB_DeviceHidInterruptIn
                0x000106c2       0x54 ./usb/device/class/hid/usb_device_hid.o
 .text.USB_DeviceHidInterruptOut
                0x00010716       0x54 ./usb/device/class/hid/usb_device_hid.o
 .text.USB_DeviceHidEndpointsDeinit
                0x0001076a       0x64 ./usb/device/class/hid/usb_device_hid.o
 .text.USB_DeviceHidInit
                0x000107ce       0x70 ./usb/device/class/hid/usb_device_hid.o
                0x000107ce                USB_DeviceHidInit
 .text.USB_DeviceHidDeinit
                0x0001083e       0x30 ./usb/device/class/hid/usb_device_hid.o
                0x0001083e                USB_DeviceHidDeinit
 .text.USB_DeviceHidSend
                0x0001086e       0x7c ./usb/device/class/hid/usb_device_hid.o
                0x0001086e                USB_DeviceHidSend
 .text.USB_DeviceClassCallback
                0x000108ea       0x5e ./usb/device/class/usb_device_class.o
                0x000108ea                USB_DeviceClassCallback
 .text.USB_DeviceClassGetSpeed
                0x00010948       0x44 ./usb/device/class/usb_device_class.o
                0x00010948                USB_DeviceClassGetSpeed
 .text.WDT_BOD_IRQHandler
                0x0001098c        0x8 ./startup/startup_lpc55s69_cm33_core0.o
                0x0001098c                WDT_BOD_IRQHandler
 .text.DMA0_IRQHandler
                0x00010994        0x8 ./startup/startup_lpc55s69_cm33_core0.o
                0x00010994                DMA0_IRQHandler
 .text.GINT0_IRQHandler
                0x0001099c        0x8 ./startup/startup_lpc55s69_cm33_core0.o
                0x0001099c                GINT0_IRQHandler
 .text.GINT1_IRQHandler
                0x000109a4        0x8 ./startup/startup_lpc55s69_cm33_core0.o
                0x000109a4                GINT1_IRQHandler
 .text.PIN_INT0_IRQHandler
                0x000109ac        0x8 ./startup/startup_lpc55s69_cm33_core0.o
                0x000109ac                PIN_INT0_IRQHandler
 .text.PIN_INT1_IRQHandler
                0x000109b4        0x8 ./startup/startup_lpc55s69_cm33_core0.o
                0x000109b4                PIN_INT1_IRQHandler
 .text.PIN_INT2_IRQHandler
                0x000109bc        0x8 ./startup/startup_lpc55s69_cm33_core0.o
                0x000109bc                PIN_INT2_IRQHandler
 .text.PIN_INT3_IRQHandler
                0x000109c4        0x8 ./startup/startup_lpc55s69_cm33_core0.o
                0x000109c4                PIN_INT3_IRQHandler
 .text.UTICK0_IRQHandler
                0x000109cc        0x8 ./startup/startup_lpc55s69_cm33_core0.o
                0x000109cc                UTICK0_IRQHandler
 .text.MRT0_IRQHandler
                0x000109d4        0x8 ./startup/startup_lpc55s69_cm33_core0.o
                0x000109d4                MRT0_IRQHandler
 .text.CTIMER0_IRQHandler
                0x000109dc        0x8 ./startup/startup_lpc55s69_cm33_core0.o
                0x000109dc                CTIMER0_IRQHandler
 .text.CTIMER1_IRQHandler
                0x000109e4        0x8 ./startup/startup_lpc55s69_cm33_core0.o
                0x000109e4                CTIMER1_IRQHandler
 .text.SCT0_IRQHandler
                0x000109ec        0x8 ./startup/startup_lpc55s69_cm33_core0.o
                0x000109ec                SCT0_IRQHandler
 .text.CTIMER3_IRQHandler
                0x000109f4        0x8 ./startup/startup_lpc55s69_cm33_core0.o
                0x000109f4                CTIMER3_IRQHandler
 .text.FLEXCOMM0_IRQHandler
                0x000109fc        0x8 ./startup/startup_lpc55s69_cm33_core0.o
                0x000109fc                FLEXCOMM0_IRQHandler
 .text.FLEXCOMM1_IRQHandler
                0x00010a04        0x8 ./startup/startup_lpc55s69_cm33_core0.o
                0x00010a04                FLEXCOMM1_IRQHandler
 .text.FLEXCOMM2_IRQHandler
                0x00010a0c        0x8 ./startup/startup_lpc55s69_cm33_core0.o
                0x00010a0c                FLEXCOMM2_IRQHandler
 .text.FLEXCOMM3_IRQHandler
                0x00010a14        0x8 ./startup/startup_lpc55s69_cm33_core0.o
                0x00010a14                FLEXCOMM3_IRQHandler
 .text.FLEXCOMM4_IRQHandler
                0x00010a1c        0x8 ./startup/startup_lpc55s69_cm33_core0.o
                0x00010a1c                FLEXCOMM4_IRQHandler
 .text.FLEXCOMM5_IRQHandler
                0x00010a24        0x8 ./startup/startup_lpc55s69_cm33_core0.o
                0x00010a24                FLEXCOMM5_IRQHandler
 .text.FLEXCOMM6_IRQHandler
                0x00010a2c        0x8 ./startup/startup_lpc55s69_cm33_core0.o
                0x00010a2c                FLEXCOMM6_IRQHandler
 .text.FLEXCOMM7_IRQHandler
                0x00010a34        0x8 ./startup/startup_lpc55s69_cm33_core0.o
                0x00010a34                FLEXCOMM7_IRQHandler
 .text.ADC0_IRQHandler
                0x00010a3c        0x8 ./startup/startup_lpc55s69_cm33_core0.o
                0x00010a3c                ADC0_IRQHandler
 .text.Reserved39_IRQHandler
                0x00010a44        0x8 ./startup/startup_lpc55s69_cm33_core0.o
                0x00010a44                Reserved39_IRQHandler
 .text.ACMP_IRQHandler
                0x00010a4c        0x8 ./startup/startup_lpc55s69_cm33_core0.o
                0x00010a4c                ACMP_IRQHandler
 .text.Reserved41_IRQHandler
                0x00010a54        0x8 ./startup/startup_lpc55s69_cm33_core0.o
                0x00010a54                Reserved41_IRQHandler
 .text.Reserved42_IRQHandler
                0x00010a5c        0x8 ./startup/startup_lpc55s69_cm33_core0.o
                0x00010a5c                Reserved42_IRQHandler
 .text.USB0_NEEDCLK_IRQHandler
                0x00010a64        0x8 ./startup/startup_lpc55s69_cm33_core0.o
                0x00010a64                USB0_NEEDCLK_IRQHandler
 .text.USB0_IRQHandler
                0x00010a6c        0x8 ./startup/startup_lpc55s69_cm33_core0.o
                0x00010a6c                USB0_IRQHandler
 .text.RTC_IRQHandler
                0x00010a74        0x8 ./startup/startup_lpc55s69_cm33_core0.o
                0x00010a74                RTC_IRQHandler
 .text.Reserved46_IRQHandler
                0x00010a7c        0x8 ./startup/startup_lpc55s69_cm33_core0.o
                0x00010a7c                Reserved46_IRQHandler
 .text.MAILBOX_IRQHandler
                0x00010a84        0x8 ./startup/startup_lpc55s69_cm33_core0.o
                0x00010a84                MAILBOX_IRQHandler
 .text.PIN_INT4_IRQHandler
                0x00010a8c        0x8 ./startup/startup_lpc55s69_cm33_core0.o
                0x00010a8c                PIN_INT4_IRQHandler
 .text.PIN_INT5_IRQHandler
                0x00010a94        0x8 ./startup/startup_lpc55s69_cm33_core0.o
                0x00010a94                PIN_INT5_IRQHandler
 .text.PIN_INT6_IRQHandler
                0x00010a9c        0x8 ./startup/startup_lpc55s69_cm33_core0.o
                0x00010a9c                PIN_INT6_IRQHandler
 .text.PIN_INT7_IRQHandler
                0x00010aa4        0x8 ./startup/startup_lpc55s69_cm33_core0.o
                0x00010aa4                PIN_INT7_IRQHandler
 .text.CTIMER2_IRQHandler
                0x00010aac        0x8 ./startup/startup_lpc55s69_cm33_core0.o
                0x00010aac                CTIMER2_IRQHandler
 .text.CTIMER4_IRQHandler
                0x00010ab4        0x8 ./startup/startup_lpc55s69_cm33_core0.o
                0x00010ab4                CTIMER4_IRQHandler
 .text.OS_EVENT_IRQHandler
                0x00010abc        0x8 ./startup/startup_lpc55s69_cm33_core0.o
                0x00010abc                OS_EVENT_IRQHandler
 .text.Reserved55_IRQHandler
                0x00010ac4        0x8 ./startup/startup_lpc55s69_cm33_core0.o
                0x00010ac4                Reserved55_IRQHandler
 .text.Reserved56_IRQHandler
                0x00010acc        0x8 ./startup/startup_lpc55s69_cm33_core0.o
                0x00010acc                Reserved56_IRQHandler
 .text.Reserved57_IRQHandler
                0x00010ad4        0x8 ./startup/startup_lpc55s69_cm33_core0.o
                0x00010ad4                Reserved57_IRQHandler
 .text.SDIO_IRQHandler
                0x00010adc        0x8 ./startup/startup_lpc55s69_cm33_core0.o
                0x00010adc                SDIO_IRQHandler
 .text.Reserved59_IRQHandler
                0x00010ae4        0x8 ./startup/startup_lpc55s69_cm33_core0.o
                0x00010ae4                Reserved59_IRQHandler
 .text.Reserved60_IRQHandler
                0x00010aec        0x8 ./startup/startup_lpc55s69_cm33_core0.o
                0x00010aec                Reserved60_IRQHandler
 .text.Reserved61_IRQHandler
                0x00010af4        0x8 ./startup/startup_lpc55s69_cm33_core0.o
                0x00010af4                Reserved61_IRQHandler
 .text.USB1_PHY_IRQHandler
                0x00010afc        0x8 ./startup/startup_lpc55s69_cm33_core0.o
                0x00010afc                USB1_PHY_IRQHandler
 .text.USB1_NEEDCLK_IRQHandler
                0x00010b04        0x8 ./startup/startup_lpc55s69_cm33_core0.o
                0x00010b04                USB1_NEEDCLK_IRQHandler
 .text.SEC_HYPERVISOR_CALL_IRQHandler
                0x00010b0c        0x8 ./startup/startup_lpc55s69_cm33_core0.o
                0x00010b0c                SEC_HYPERVISOR_CALL_IRQHandler
 .text.SEC_GPIO_INT0_IRQ0_IRQHandler
                0x00010b14        0x8 ./startup/startup_lpc55s69_cm33_core0.o
                0x00010b14                SEC_GPIO_INT0_IRQ0_IRQHandler
 .text.SEC_GPIO_INT0_IRQ1_IRQHandler
                0x00010b1c        0x8 ./startup/startup_lpc55s69_cm33_core0.o
                0x00010b1c                SEC_GPIO_INT0_IRQ1_IRQHandler
 .text.PLU_IRQHandler
                0x00010b24        0x8 ./startup/startup_lpc55s69_cm33_core0.o
                0x00010b24                PLU_IRQHandler
 .text.SEC_VIO_IRQHandler
                0x00010b2c        0x8 ./startup/startup_lpc55s69_cm33_core0.o
                0x00010b2c                SEC_VIO_IRQHandler
 .text.HASHCRYPT_IRQHandler
                0x00010b34        0x8 ./startup/startup_lpc55s69_cm33_core0.o
                0x00010b34                HASHCRYPT_IRQHandler
 .text.CASER_IRQHandler
                0x00010b3c        0x8 ./startup/startup_lpc55s69_cm33_core0.o
                0x00010b3c                CASER_IRQHandler
 .text.PUF_IRQHandler
                0x00010b44        0x8 ./startup/startup_lpc55s69_cm33_core0.o
                0x00010b44                PUF_IRQHandler
 .text.PQ_IRQHandler
                0x00010b4c        0x8 ./startup/startup_lpc55s69_cm33_core0.o
                0x00010b4c                PQ_IRQHandler
 .text.DMA1_IRQHandler
                0x00010b54        0x8 ./startup/startup_lpc55s69_cm33_core0.o
                0x00010b54                DMA1_IRQHandler
 .text.FLEXCOMM8_IRQHandler
                0x00010b5c        0x8 ./startup/startup_lpc55s69_cm33_core0.o
                0x00010b5c                FLEXCOMM8_IRQHandler
 .text.TxCallback
                0x00010b64       0x26 ./source/audio.o
 .text.RxCallback
                0x00010b8a       0x26 ./source/audio.o
 .text.GPIO_PinWrite
                0x00010bb0       0x2a ./source/led_blinky.o
 .text.GPIO_PinRead
                0x00010bda       0x28 ./source/led_blinky.o
 .text.GPIO_PortToggle
                0x00010c02       0x26 ./source/led_blinky.o
 .text.mouse_task
                0x00010c28        0xe ./source/mouse.o
 .text.CLOCK_EnableClock
                0x00010c36       0x30 ./source/multi_peripherals_test.o
 .text.CLOCK_DisableClock
                0x00010c66       0x30 ./source/multi_peripherals_test.o
 .text.EnableIRQ
                0x00010c96       0x32 ./source/multi_peripherals_test.o
 .text.USB_DeviceIsrEnable
                0x00010cc8       0x30 ./source/multi_peripherals_test.o
                0x00010cc8                USB_DeviceIsrEnable
 .text.GPIO_PortToggle
                0x00010cf8       0x26 ./source/rtc.o
 .text.RTC_StartTimer
                0x00010d1e       0x20 ./source/rtc.o
 .text.RTC_StopTimer
                0x00010d3e       0x20 ./source/rtc.o
 .text.HardFault_Handler
                0x00010d5e       0x36 ./source/semihost_hardfault.o
                0x00010d5e                HardFault_Handler
 .text.USB_DeviceGetHidPhysicalDescriptor
                0x00010d94       0x18 ./source/usb_device_descriptor.o
                0x00010d94                USB_DeviceGetHidPhysicalDescriptor
 .text.SDIF_GetControllerStatus
                0x00010dac       0x18 ./sdmmc/src/fsl_sd.o
 .text.SDMMCHOST_SendCardActive
                0x00010dc4       0x1c ./sdmmc/src/fsl_sd.o
 .text.SDMMCHOST_SetCardClock
                0x00010de0       0x24 ./sdmmc/src/fsl_sd.o
 .text.SDMMCHOST_IsCardBusy
                0x00010e04       0x2c ./sdmmc/src/fsl_sd.o
 .text.SDMMCHOST_ExecuteTuning
                0x00010e30       0x1c ./sdmmc/src/fsl_sd.o
 .text.SDMMCHOST_EnableDDRMode
                0x00010e4c       0x1a ./sdmmc/src/fsl_sd.o
 .text.SDMMCHOST_GetSignalLineStatus
                0x00010e66       0x18 ./sdmmc/src/fsl_sd.o
 .text.SDMMCHOST_ForceClockOn
                0x00010e7e       0x18 ./sdmmc/src/fsl_sd.o
 .text.SD_SwitchIOVoltage
                0x00010e96       0x46 ./sdmmc/src/fsl_sd.o
 .text.SD_Deinit
                0x00010edc       0x1c ./sdmmc/src/fsl_sd.o
                0x00010edc                SD_Deinit
 .text.SD_HostDoReset
                0x00010ef8       0x1a ./sdmmc/src/fsl_sd.o
                0x00010ef8                SD_HostDoReset
 .text.SDMMC_GoIdle
                0x00010f12       0x56 ./sdmmc/src/fsl_sdmmc_common.o
                0x00010f12                SDMMC_GoIdle
 .text.SDMMC_OSAInit
                0x00010f68        0xe ./sdmmc/osa/fsl_sdmmc_osa.o
                0x00010f68                SDMMC_OSAInit
 .text.SDMMC_OSADelay
                0x00010f76       0x16 ./sdmmc/osa/fsl_sdmmc_osa.o
                0x00010f76                SDMMC_OSADelay
 .text.SDIF_EnableCardPower
                0x00010f8c       0x38 ./sdmmc/host/fsl_sdmmc_host.o
 .text.SDIF_EnableCard1Power
                0x00010fc4       0x38 ./sdmmc/host/fsl_sdmmc_host.o
 .text.SDIF_DetectCardInsert
                0x00010ffc       0x46 ./sdmmc/host/fsl_sdmmc_host.o
 .text.SDIF_DetectCard1Insert
                0x00011042       0x46 ./sdmmc/host/fsl_sdmmc_host.o
 .text.SDIF_EnableInterrupt
                0x00011088       0x22 ./sdmmc/host/fsl_sdmmc_host.o
 .text.SDIF_DisableInterrupt
                0x000110aa       0x24 ./sdmmc/host/fsl_sdmmc_host.o
 .text.SDIF_ClearInterruptStatus
                0x000110ce       0x22 ./sdmmc/host/fsl_sdmmc_host.o
 .text.SDIF_ClearInternalDMAStatus
                0x000110f0       0x26 ./sdmmc/host/fsl_sdmmc_host.o
 .text.SDIF_GetControllerStatus
                0x00011116       0x18 ./sdmmc/host/fsl_sdmmc_host.o
 .text.SDMMCHOST_DetectCardInsertByHost
                0x0001112e       0x5a ./sdmmc/host/fsl_sdmmc_host.o
 .text.SDMMCHOST_DetectCardRemoveByHost
                0x00011188       0x5a ./sdmmc/host/fsl_sdmmc_host.o
 .text.SDMMCHOST_CardDetectInit
                0x000111e2       0x76 ./sdmmc/host/fsl_sdmmc_host.o
                0x000111e2                SDMMCHOST_CardDetectInit
 .text.SDMMCHOST_CardDetectStatus
                0x00011258       0x6e ./sdmmc/host/fsl_sdmmc_host.o
                0x00011258                SDMMCHOST_CardDetectStatus
 .text.SDMMCHOST_TransferCompleteCallback
                0x000112c6       0x5a ./sdmmc/host/fsl_sdmmc_host.o
 .text.SDMMCHOST_TransferFunction
                0x00011320      0x116 ./sdmmc/host/fsl_sdmmc_host.o
                0x00011320                SDMMCHOST_TransferFunction
 .text.SDMMCHOST_ConvertDataToLittleEndian
                0x00011436       0x56 ./sdmmc/host/fsl_sdmmc_host.o
                0x00011436                SDMMCHOST_ConvertDataToLittleEndian
 .text.SDMMCHOST_SetCardBusWidth
                0x0001148c       0x62 ./sdmmc/host/fsl_sdmmc_host.o
                0x0001148c                SDMMCHOST_SetCardBusWidth
 .text.SDMMCHOST_Deinit
                0x000114ee       0x40 ./sdmmc/host/fsl_sdmmc_host.o
                0x000114ee                SDMMCHOST_Deinit
 .text.vPortSVCHandler_C
                0x0001152e       0x34 ./freertos/freertos-kernel/portable/GCC/ARM_CM33_NTZ/non_secure/port.o
                0x0001152e                vPortSVCHandler_C
 .text.ulSetInterruptMask
                0x00011562       0x1a ./freertos/freertos-kernel/portable/GCC/ARM_CM33_NTZ/non_secure/portasm.o
                0x00011562                ulSetInterruptMask
 .text.vClearInterruptMask
                0x0001157c       0x10 ./freertos/freertos-kernel/portable/GCC/ARM_CM33_NTZ/non_secure/portasm.o
                0x0001157c                vClearInterruptMask
 .text.xEventGroupCreate
                0x0001158c       0x2e ./freertos/freertos-kernel/event_groups.o
                0x0001158c                xEventGroupCreate
 .text.xEventGroupClearBits
                0x000115ba       0x4e ./freertos/freertos-kernel/event_groups.o
                0x000115ba                xEventGroupClearBits
 .text.xEventGroupSetBits
                0x00011608       0xf4 ./freertos/freertos-kernel/event_groups.o
                0x00011608                xEventGroupSetBits
 .text.vListInitialise
                0x000116fc       0x40 ./freertos/freertos-kernel/list.o
                0x000116fc                vListInitialise
 .text.vListInitialiseItem
                0x0001173c       0x1a ./freertos/freertos-kernel/list.o
                0x0001173c                vListInitialiseItem
 .text.vListInsertEnd
                0x00011756       0x48 ./freertos/freertos-kernel/list.o
                0x00011756                vListInsertEnd
 .text.vListInsert
                0x0001179e       0x72 ./freertos/freertos-kernel/list.o
                0x0001179e                vListInsert
 .text.uxListRemove
                0x00011810       0x54 ./freertos/freertos-kernel/list.o
                0x00011810                uxListRemove
 .text.xQueueGenericReset
                0x00011864       0xee ./freertos/freertos-kernel/queue.o
                0x00011864                xQueueGenericReset
 .text.xQueueGenericCreate
                0x00011952       0x8c ./freertos/freertos-kernel/queue.o
                0x00011952                xQueueGenericCreate
 .text.prvInitialiseNewQueue
                0x000119de       0x46 ./freertos/freertos-kernel/queue.o
 .text.prvInitialiseMutex
                0x00011a24       0x34 ./freertos/freertos-kernel/queue.o
 .text.xQueueCreateMutex
                0x00011a58       0x30 ./freertos/freertos-kernel/queue.o
                0x00011a58                xQueueCreateMutex
 .text.xQueueGiveMutexRecursive
                0x00011a88       0x58 ./freertos/freertos-kernel/queue.o
                0x00011a88                xQueueGiveMutexRecursive
 .text.xQueueTakeMutexRecursive
                0x00011ae0       0x5c ./freertos/freertos-kernel/queue.o
                0x00011ae0                xQueueTakeMutexRecursive
 .text.xQueueCreateCountingSemaphore
                0x00011b3c       0x4c ./freertos/freertos-kernel/queue.o
                0x00011b3c                xQueueCreateCountingSemaphore
 .text.xQueueGenericSend
                0x00011b88      0x192 ./freertos/freertos-kernel/queue.o
                0x00011b88                xQueueGenericSend
 .text.xQueueGiveFromISR
                0x00011d1a       0xe4 ./freertos/freertos-kernel/queue.o
                0x00011d1a                xQueueGiveFromISR
 .text.xQueueReceive
                0x00011dfe      0x172 ./freertos/freertos-kernel/queue.o
                0x00011dfe                xQueueReceive
 .text.xQueueSemaphoreTake
                0x00011f70      0x1b2 ./freertos/freertos-kernel/queue.o
                0x00011f70                xQueueSemaphoreTake
 .text.vQueueDelete
                0x00012122       0x2c ./freertos/freertos-kernel/queue.o
                0x00012122                vQueueDelete
 .text.prvGetDisinheritPriorityAfterTimeout
                0x0001214e       0x30 ./freertos/freertos-kernel/queue.o
 .text.prvCopyDataToQueue
                0x0001217e       0xd4 ./freertos/freertos-kernel/queue.o
 .text.prvCopyDataFromQueue
                0x00012252       0x4c ./freertos/freertos-kernel/queue.o
 .text.prvUnlockQueue
                0x0001229e       0xa4 ./freertos/freertos-kernel/queue.o
 .text.prvIsQueueEmpty
                0x00012342       0x2c ./freertos/freertos-kernel/queue.o
 .text.prvIsQueueFull
                0x0001236e       0x30 ./freertos/freertos-kernel/queue.o
 .text.vQueueWaitForMessageRestricted
                0x0001239e       0x68 ./freertos/freertos-kernel/queue.o
                0x0001239e                vQueueWaitForMessageRestricted
 .text.xTaskCreate
                0x00012406       0x8c ./freertos/freertos-kernel/tasks.o
                0x00012406                xTaskCreate
 .text.prvInitialiseNewTask
                0x00012492      0x100 ./freertos/freertos-kernel/tasks.o
 .text.prvDeleteTCB
                0x00012592       0x20 ./freertos/freertos-kernel/tasks.o
 .text.prvReloadTimer
                0x000125b2       0x42 ./freertos/freertos-kernel/timers.o
 .text.prvTimerTask
                0x000125f4       0x24 ./freertos/freertos-kernel/timers.o
 .text.sd_disk_status
                0x00012618       0x22 ./fatfs/source/fsl_sd_disk/fsl_sd_disk.o
                0x00012618                sd_disk_status
 .text.disk_status
                0x0001263a       0x2c ./fatfs/source/diskio.o
                0x0001263a                disk_status
 .text.disk_initialize
                0x00012666       0x2c ./fatfs/source/diskio.o
                0x00012666                disk_initialize
 .text.disk_read
                0x00012692       0x36 ./fatfs/source/diskio.o
                0x00012692                disk_read
 .text.disk_write
                0x000126c8       0x36 ./fatfs/source/diskio.o
                0x000126c8                disk_write
 .text.disk_ioctl
                0x000126fe       0x36 ./fatfs/source/diskio.o
                0x000126fe                disk_ioctl
 .text.ld_word  0x00012734       0x30 ./fatfs/source/ff.o
 .text.ld_dword
                0x00012764       0x46 ./fatfs/source/ff.o
 .text.st_word  0x000127aa       0x36 ./fatfs/source/ff.o
 .text.st_dword
                0x000127e0       0x58 ./fatfs/source/ff.o
 .text.dbc_1st  0x00012838       0x22 ./fatfs/source/ff.o
 .text.dbc_2nd  0x0001285a       0x22 ./fatfs/source/ff.o
 .text.sync_window
                0x0001287c       0x78 ./fatfs/source/ff.o
 .text.move_window
                0x000128f4       0x5a ./fatfs/source/ff.o
 .text.clst2sect
                0x0001294e       0x3e ./fatfs/source/ff.o
 .text.get_fat  0x0001298c      0x14e ./fatfs/source/ff.o
 .text.put_fat  0x00012ada      0x1d4 ./fatfs/source/ff.o
 .text.remove_chain
                0x00012cae       0xca ./fatfs/source/ff.o
 .text.create_chain
                0x00012d78      0x1a2 ./fatfs/source/ff.o
 .text.dir_clear
                0x00012f1a       0x90 ./fatfs/source/ff.o
 .text.dir_sdi  0x00012faa       0xf6 ./fatfs/source/ff.o
 .text.dir_next
                0x000130a0      0x12c ./fatfs/source/ff.o
 .text.dir_alloc
                0x000131cc       0x8e ./fatfs/source/ff.o
 .text.ld_clust
                0x0001325a       0x3e ./fatfs/source/ff.o
 .text.st_clust
                0x00013298       0x40 ./fatfs/source/ff.o
 .text.dir_find
                0x000132d8       0xaa ./fatfs/source/ff.o
 .text.dir_register
                0x00013382       0x64 ./fatfs/source/ff.o
 .text.follow_path
                0x000133e6      0x11c ./fatfs/source/ff.o
 .text.find_volume
                0x00013502       0xbe ./fatfs/source/ff.o
 .text.validate
                0x000135c0       0x6a ./fatfs/source/ff.o
 .text.f_read   0x0001362a      0x266 ./fatfs/source/ff.o
                0x0001362a                f_read
 .text.f_write  0x00013890      0x2d2 ./fatfs/source/ff.o
                0x00013890                f_write
 .text.f_close  0x00013b62       0x40 ./fatfs/source/ff.o
                0x00013b62                f_close
 .text.f_lseek  0x00013ba2      0x25a ./fatfs/source/ff.o
                0x00013ba2                f_lseek
 .text.CLOCK_IsPLL0Locked
                0x00013dfc       0x24 ./drivers/fsl_clock.o
 .text.CLOCK_IsPLL1Locked
                0x00013e20       0x24 ./drivers/fsl_clock.o
 .text.findPll0PreDiv
                0x00013e44       0x3e ./drivers/fsl_clock.o
 .text.findPll1PreDiv
                0x00013e82       0x3e ./drivers/fsl_clock.o
 .text.DelayLoop
                0x00013ec0       0x20 ./drivers/fsl_common_arm.o
 .text.CLOCK_EnableClock
                0x00013ee0       0x30 ./drivers/fsl_flexcomm.o
 .text.FLEXCOMM_PeripheralIsPresent
                0x00013f10       0x64 ./drivers/fsl_flexcomm.o
 .text.FLEXCOMM_SetPeriph
                0x00013f74       0x74 ./drivers/fsl_flexcomm.o
 .text.CLOCK_EnableClock
                0x00013fe8       0x30 ./drivers/fsl_gpio.o
 .text.GPIO_PinInit
                0x00014018       0xa4 ./drivers/fsl_gpio.o
                0x00014018                GPIO_PinInit
 .text.I2C_MasterEnable
                0x000140bc       0x44 ./drivers/fsl_i2c.o
 .text.I2C_MasterRepeatedStart
                0x00014100       0x26 ./drivers/fsl_i2c.o
 .text.I2C_SlaveEnable
                0x00014126       0x44 ./drivers/fsl_i2c.o
 .text.I2C_MasterInit
                0x0001416a       0x6e ./drivers/fsl_i2c.o
                0x0001416a                I2C_MasterInit
 .text.I2C_GetStatusFlags
                0x000141d8       0x88 ./drivers/fsl_i2c.o
                0x000141d8                I2C_GetStatusFlags
 .text.I2C_MasterStart
                0x00014260       0x46 ./drivers/fsl_i2c.o
                0x00014260                I2C_MasterStart
 .text.I2C_MasterStop
                0x000142a6       0x2c ./drivers/fsl_i2c.o
                0x000142a6                I2C_MasterStop
 .text.I2C_MasterCheckStartResponse
                0x000142d2       0x40 ./drivers/fsl_i2c.o
 .text.EnableIRQ
                0x00014312       0x32 ./drivers/fsl_i2s.o
 .text.I2S_Enable
                0x00014344       0x24 ./drivers/fsl_i2s.o
 .text.I2S_Disable
                0x00014368       0x24 ./drivers/fsl_i2s.o
 .text.I2S_EnableInterrupts
                0x0001438c       0x1e ./drivers/fsl_i2s.o
 .text.I2S_DisableInterrupts
                0x000143aa       0x1e ./drivers/fsl_i2s.o
 .text.I2S_TxInit
                0x000143c8       0x82 ./drivers/fsl_i2s.o
                0x000143c8                I2S_TxInit
 .text.I2S_RxInit
                0x0001444a       0x72 ./drivers/fsl_i2s.o
                0x0001444a                I2S_RxInit
 .text.I2S_TxGetDefaultConfig
                0x000144bc       0x68 ./drivers/fsl_i2s.o
                0x000144bc                I2S_TxGetDefaultConfig
 .text.I2S_RxGetDefaultConfig
                0x00014524       0x68 ./drivers/fsl_i2s.o
                0x00014524                I2S_RxGetDefaultConfig
 .text.I2S_TxEnable
                0x0001458c       0x48 ./drivers/fsl_i2s.o
 .text.I2S_RxEnable
                0x000145d4       0x48 ./drivers/fsl_i2s.o
 .text.I2S_TxHandleIRQ
                0x0001461c      0x3c6 ./drivers/fsl_i2s.o
                0x0001461c                I2S_TxHandleIRQ
 .text.I2S_RxHandleIRQ
                0x000149e2      0x340 ./drivers/fsl_i2s.o
                0x000149e2                I2S_RxHandleIRQ
 .text.lowpower_set_voltage_for_process
                0x00014d22       0xaa ./drivers/fsl_power.o
 .text.RESET_PeripheralReset
                0x00014dcc       0x1c ./drivers/fsl_reset.o
                0x00014dcc                RESET_PeripheralReset
 .text.CLOCK_EnableClock
                0x00014de8       0x30 ./drivers/fsl_rtc.o
 .text.RTC_GetSecondsTimerCount
                0x00014e18       0x2a ./drivers/fsl_rtc.o
 .text.RTC_Init
                0x00014e42       0x34 ./drivers/fsl_rtc.o
                0x00014e42                RTC_Init
 .text.CLOCK_EnableClock
                0x00014e76       0x30 ./drivers/fsl_sdif.o
 .text.CLOCK_DisableClock
                0x00014ea6       0x30 ./drivers/fsl_sdif.o
 .text.EnableIRQ
                0x00014ed6       0x32 ./drivers/fsl_sdif.o
 .text.SDIF_EnableCardClock
                0x00014f08       0x38 ./drivers/fsl_sdif.o
 .text.SDIF_DetectCardInsert
                0x00014f40       0x46 ./drivers/fsl_sdif.o
 .text.SDIF_EnableGlobalInterrupt
                0x00014f86       0x38 ./drivers/fsl_sdif.o
 .text.SDIF_EnableInterrupt
                0x00014fbe       0x22 ./drivers/fsl_sdif.o
 .text.SDIF_DisableInterrupt
                0x00014fe0       0x24 ./drivers/fsl_sdif.o
 .text.SDIF_GetInterruptStatus
                0x00015004       0x18 ./drivers/fsl_sdif.o
 .text.SDIF_GetEnabledInterruptStatus
                0x0001501c       0x22 ./drivers/fsl_sdif.o
 .text.SDIF_ClearInterruptStatus
                0x0001503e       0x22 ./drivers/fsl_sdif.o
 .text.SDIF_EnableDmaInterrupt
                0x00015060       0x26 ./drivers/fsl_sdif.o
 .text.SDIF_DisableDmaInterrupt
                0x00015086       0x28 ./drivers/fsl_sdif.o
 .text.SDIF_GetEnabledDMAInterruptStatus
                0x000150ae       0x26 ./drivers/fsl_sdif.o
 .text.SDIF_ClearInternalDMAStatus
                0x000150d4       0x26 ./drivers/fsl_sdif.o
 .text.SDIF_EnableInternalDMA
                0x000150fa       0x58 ./drivers/fsl_sdif.o
 .text.SDIF_ReadCommandResponse
                0x00015152       0x82 ./drivers/fsl_sdif.o
 .text.SDIF_SetCommandRegister
                0x000151d4       0x5c ./drivers/fsl_sdif.o
 .text.SDIF_ReadDataPort
                0x00015230       0xba ./drivers/fsl_sdif.o
 .text.SDIF_WriteDataPort
                0x000152ea       0xb8 ./drivers/fsl_sdif.o
 .text.SDIF_Reset
                0x000153a2       0x6c ./drivers/fsl_sdif.o
                0x000153a2                SDIF_Reset
 .text.SDIF_SendCardActive
                0x0001540e       0x90 ./drivers/fsl_sdif.o
                0x0001540e                SDIF_SendCardActive
 .text.SDIF_SetCardBusWidth
                0x0001549e       0x50 ./drivers/fsl_sdif.o
                0x0001549e                SDIF_SetCardBusWidth
 .text.SDIF_SetCard1BusWidth
                0x000154ee       0x50 ./drivers/fsl_sdif.o
                0x000154ee                SDIF_SetCard1BusWidth
 .text.SDIF_TransferHandleDMA
                0x0001553e       0x9e ./drivers/fsl_sdif.o
 .text.SDIF_TransferHandleSDIOInterrupt
                0x000155dc       0x28 ./drivers/fsl_sdif.o
 .text.SDIF_TransferHandleCardDetect
                0x00015604       0x4e ./drivers/fsl_sdif.o
 .text.CLOCK_EnableClock
                0x00015652       0x30 ./drivers/fsl_sysctl.o
 .text.SYSCTL_UpdateRegister
                0x00015682       0x36 ./drivers/fsl_sysctl.o
 .text.SYSCTL_Init
                0x000156b8       0x20 ./drivers/fsl_sysctl.o
                0x000156b8                SYSCTL_Init
 .text.SYSCTL_SetShareSet
                0x000156d8       0x58 ./drivers/fsl_sysctl.o
                0x000156d8                SYSCTL_SetShareSet
 .text.SYSCTL_SetShareSignalSrc
                0x00015730       0x70 ./drivers/fsl_sysctl.o
                0x00015730                SYSCTL_SetShareSignalSrc
 .text.USART_EnableContinuousSCLK
                0x000157a0       0x38 ./drivers/fsl_usart.o
 .text.SystemInitHook
                0x000157d8        0xe ./device/system_LPC55S69_cm33_core0.o
                0x000157d8                SystemInitHook
 .text.HAL_UartGetStatus
                0x000157e6       0x22 ./component/uart/fsl_adapter_usart.o
 .text.HAL_UartInit
                0x00015808       0x36 ./component/uart/fsl_adapter_usart.o
                0x00015808                HAL_UartInit
 .text.DisableGlobalIRQ
                0x0001583e       0x22 ./component/serial_manager/fsl_component_serial_manager.o
 .text.EnableGlobalIRQ
                0x00015860       0x20 ./component/serial_manager/fsl_component_serial_manager.o
 .text.SerialManager_StartWriting
                0x00015880       0x38 ./component/serial_manager/fsl_component_serial_manager.o
 .text.SerialManager_Write
                0x000158b8       0x44 ./component/serial_manager/fsl_component_serial_manager.o
 .text.SerialManager_Init
                0x000158fc       0x60 ./component/serial_manager/fsl_component_serial_manager.o
                0x000158fc                SerialManager_Init
 .text.SerialManager_OpenWriteHandle
                0x0001595c       0x50 ./component/serial_manager/fsl_component_serial_manager.o