03:34:59 **** Incremental Build of configuration Debug for project LPC55S69_Project 4.1 ****
make -r -j8 all 
Building target: LPC55S69_Project 4.1.axf
Invoking: MCU Linker
arm-none-eabi-gcc -nostdlib -Xlinker -Map="LPC55S69_Project 4.1.map" -Xlinker --gc-sections -Xlinker -print-memory-usage -Xlinker --sort-section=alignment -Xlinker --cref -mcpu=cortex-m33 -mfpu=fpv5-sp-d16 -mfloat-abi=hard -mthumb -T LPC55S69_Project_4_1_Debug.ld -o "LPC55S69_Project 4.1.axf" ./utilities/fsl_assert.o ./utilities/fsl_debug_console.o ./utilities/fsl_str.o  ./startup/boot_multicore_slave.o ./startup/startup_lpc55s69_cm33_core0.o  ./source/LPC55S69_Project\ 4.1.o ./source/semihost_hardfault.o  ./drivers/fsl_clock.o ./drivers/fsl_common.o ./drivers/fsl_common_arm.o ./drivers/fsl_flexcomm.o ./drivers/fsl_gpio.o ./drivers/fsl_i2c.o ./drivers/fsl_inputmux.o ./drivers/fsl_pint.o ./drivers/fsl_power.o ./drivers/fsl_reset.o ./drivers/fsl_usart.o  ./device/system_LPC55S69_cm33_core0.o  ./component/uart/fsl_adapter_usart.o  ./component/serial_manager/fsl_component_serial_manager.o ./component/serial_manager/fsl_component_serial_port_uart.o  ./component/lists/fsl_component_generic_list.o  ./board/board.o ./board/clock_config.o ./board/peripherals.o ./board/pin_mux.o   
Memory region         Used Size  Region Size  %age Used
   PROGRAM_FLASH:       14300 B       630 KB      2.22%
            SRAM:        8512 B       256 KB      3.25%
           SRAMX:          0 GB        32 KB      0.00%
         USB_RAM:          0 GB        16 KB      0.00%
           SRAM4:          0 GB        16 KB      0.00%
Finished building target: LPC55S69_Project 4.1.axf
 
Performing post-build steps
arm-none-eabi-size "LPC55S69_Project 4.1.axf"; # arm-none-eabi-objcopy -v -O binary "LPC55S69_Project 4.1.axf" "LPC55S69_Project 4.1.bin" ; # checksum -p LPC55S69 -d "LPC55S69_Project 4.1.bin";
   text	   data	    bss	    dec	    hex	filename
  14292	      8	   8504	  22804	   5914	LPC55S69_Project 4.1.axf
 
03:35:19 **** Incremental Build of configuration Debug for project LPC55S69_Project 4.1 ****
make -r -j8 all 
make[1]: Nothing to be done for 'main-build'.
Performing post-build steps
arm-none-eabi-size "LPC55S69_Project 4.1.axf"; # arm-none-eabi-objcopy -v -O binary "LPC55S69_Project 4.1.axf" "LPC55S69_Project 4.1.bin" ; # checksum -p LPC55S69 -d "LPC55S69_Project 4.1.bin";
   text	   data	    bss	    dec	    hex	filename
  14292	      8	   8504	  22804	   5914	LPC55S69_Project 4.1.axf
 
03:38:33 **** Incremental Build of configuration Debug for project LPC55S69_Project 4.1 ****
make -r -j8 all 
Building file: ../source/LPC55S69_Project 4.1.c
Invoking: MCU C Compiler
arm-none-eabi-gcc -DCPU_LPC55S69JBD100 -DCPU_LPC55S69JBD100_cm33 -DCPU_LPC55S69JBD100_cm33_core0 -DSDK_OS_BAREMETAL -DSERIAL_PORT_TYPE_UART=1 -DSDK_DEBUGCONSOLE=0 -DCR_INTEGER_PRINTF -DPRINTF_FLOAT_ENABLE=0 -D__MCUXPRESSO -D__USE_CMSIS -DDEBUG -D__REDLIB__ -I"C:\Users\fwint\Documents\MCUXpressoIDE_11.8.0_1165\workspace\LPC55S69_Project 4.1\board" -I"C:\Users\fwint\Documents\MCUXpressoIDE_11.8.0_1165\workspace\LPC55S69_Project 4.1\source" -I"C:\Users\fwint\Documents\MCUXpressoIDE_11.8.0_1165\workspace\LPC55S69_Project 4.1\drivers" -I"C:\Users\fwint\Documents\MCUXpressoIDE_11.8.0_1165\workspace\LPC55S69_Project 4.1\device" -I"C:\Users\fwint\Documents\MCUXpressoIDE_11.8.0_1165\workspace\LPC55S69_Project 4.1\CMSIS" -I"C:\Users\fwint\Documents\MCUXpressoIDE_11.8.0_1165\workspace\LPC55S69_Project 4.1\utilities" -I"C:\Users\fwint\Documents\MCUXpressoIDE_11.8.0_1165\workspace\LPC55S69_Project 4.1\component\uart" -I"C:\Users\fwint\Documents\MCUXpressoIDE_11.8.0_1165\workspace\LPC55S69_Project 4.1\component\serial_manager" -I"C:\Users\fwint\Documents\MCUXpressoIDE_11.8.0_1165\workspace\LPC55S69_Project 4.1\component\lists" -I"C:\Users\fwint\Documents\MCUXpressoIDE_11.8.0_1165\workspace\LPC55S69_Project 4.1\startup" -O0 -fno-common -g3 -Wall -c -ffunction-sections -fdata-sections -ffreestanding -fno-builtin -fmerge-constants -fmacro-prefix-map="../source ./"= -mcpu=cortex-m33 -mfpu=fpv5-sp-d16 -mfloat-abi=hard -mthumb -D__REDLIB__ -fstack-usage -specs=redlib.specs -MMD -MP -MF"source/LPC55S69_Project 4.1.d" -MT"source/LPC55S69_Project 4.1.o" -o "source/LPC55S69_Project 4.1.o" "../source/LPC55S69_Project 4.1.c"
Finished building: ../source/LPC55S69_Project 4.1.c
 
Building target: LPC55S69_Project 4.1.axf
Invoking: MCU Linker
arm-none-eabi-gcc -nostdlib -Xlinker -Map="LPC55S69_Project 4.1.map" -Xlinker --gc-sections -Xlinker -print-memory-usage -Xlinker --sort-section=alignment -Xlinker --cref -mcpu=cortex-m33 -mfpu=fpv5-sp-d16 -mfloat-abi=hard -mthumb -T LPC55S69_Project_4_1_Debug.ld -o "LPC55S69_Project 4.1.axf" ./utilities/fsl_assert.o ./utilities/fsl_debug_console.o ./utilities/fsl_str.o  ./startup/boot_multicore_slave.o ./startup/startup_lpc55s69_cm33_core0.o  ./source/LPC55S69_Project\ 4.1.o ./source/semihost_hardfault.o  ./drivers/fsl_clock.o ./drivers/fsl_common.o ./drivers/fsl_common_arm.o ./drivers/fsl_flexcomm.o ./drivers/fsl_gpio.o ./drivers/fsl_i2c.o ./drivers/fsl_inputmux.o ./drivers/fsl_pint.o ./drivers/fsl_power.o ./drivers/fsl_reset.o ./drivers/fsl_usart.o  ./device/system_LPC55S69_cm33_core0.o  ./component/uart/fsl_adapter_usart.o  ./component/serial_manager/fsl_component_serial_manager.o ./component/serial_manager/fsl_component_serial_port_uart.o  ./component/lists/fsl_component_generic_list.o  ./board/board.o ./board/clock_config.o ./board/peripherals.o ./board/pin_mux.o   
Memory region         Used Size  Region Size  %age Used
   PROGRAM_FLASH:       14296 B       630 KB      2.22%
            SRAM:        8512 B       256 KB      3.25%
           SRAMX:          0 GB        32 KB      0.00%
         USB_RAM:          0 GB        16 KB      0.00%
           SRAM4:          0 GB        16 KB      0.00%
Finished building target: LPC55S69_Project 4.1.axf
 
Performing post-build steps
arm-none-eabi-size "LPC55S69_Project 4.1.axf"; # arm-none-eabi-objcopy -v -O binary "LPC55S69_Project 4.1.axf" "LPC55S69_Project 4.1.bin" ; # checksum -p LPC55S69 -d "LPC55S69_Project 4.1.bin";
   text	   data	    bss	    dec	    hex	filename
  14288	      8	   8504	  22800	   5910	LPC55S69_Project 4.1.axf
 
03:40:01 **** Incremental Build of configuration Debug for project LPC55S69_Project 4.1 ****
make -r -j8 all 
Building file: ../source/LPC55S69_Project 4.1.c
Invoking: MCU C Compiler
arm-none-eabi-gcc -DCPU_LPC55S69JBD100 -DCPU_LPC55S69JBD100_cm33 -DCPU_LPC55S69JBD100_cm33_core0 -DSDK_OS_BAREMETAL -DSERIAL_PORT_TYPE_UART=1 -DSDK_DEBUGCONSOLE=0 -DCR_INTEGER_PRINTF -DPRINTF_FLOAT_ENABLE=0 -D__MCUXPRESSO -D__USE_CMSIS -DDEBUG -D__REDLIB__ -I"C:\Users\fwint\Documents\MCUXpressoIDE_11.8.0_1165\workspace\LPC55S69_Project 4.1\board" -I"C:\Users\fwint\Documents\MCUXpressoIDE_11.8.0_1165\workspace\LPC55S69_Project 4.1\source" -I"C:\Users\fwint\Documents\MCUXpressoIDE_11.8.0_1165\workspace\LPC55S69_Project 4.1\drivers" -I"C:\Users\fwint\Documents\MCUXpressoIDE_11.8.0_1165\workspace\LPC55S69_Project 4.1\device" -I"C:\Users\fwint\Documents\MCUXpressoIDE_11.8.0_1165\workspace\LPC55S69_Project 4.1\CMSIS" -I"C:\Users\fwint\Documents\MCUXpressoIDE_11.8.0_1165\workspace\LPC55S69_Project 4.1\utilities" -I"C:\Users\fwint\Documents\MCUXpressoIDE_11.8.0_1165\workspace\LPC55S69_Project 4.1\component\uart" -I"C:\Users\fwint\Documents\MCUXpressoIDE_11.8.0_1165\workspace\LPC55S69_Project 4.1\component\serial_manager" -I"C:\Users\fwint\Documents\MCUXpressoIDE_11.8.0_1165\workspace\LPC55S69_Project 4.1\component\lists" -I"C:\Users\fwint\Documents\MCUXpressoIDE_11.8.0_1165\workspace\LPC55S69_Project 4.1\startup" -O0 -fno-common -g3 -Wall -c -ffunction-sections -fdata-sections -ffreestanding -fno-builtin -fmerge-constants -fmacro-prefix-map="../source ./"= -mcpu=cortex-m33 -mfpu=fpv5-sp-d16 -mfloat-abi=hard -mthumb -D__REDLIB__ -fstack-usage -specs=redlib.specs -MMD -MP -MF"source/LPC55S69_Project 4.1.d" -MT"source/LPC55S69_Project 4.1.o" -o "source/LPC55S69_Project 4.1.o" "../source/LPC55S69_Project 4.1.c"
Finished building: ../source/LPC55S69_Project 4.1.c
 
Building target: LPC55S69_Project 4.1.axf
Invoking: MCU Linker
arm-none-eabi-gcc -nostdlib -Xlinker -Map="LPC55S69_Project 4.1.map" -Xlinker --gc-sections -Xlinker -print-memory-usage -Xlinker --sort-section=alignment -Xlinker --cref -mcpu=cortex-m33 -mfpu=fpv5-sp-d16 -mfloat-abi=hard -mthumb -T LPC55S69_Project_4_1_Debug.ld -o "LPC55S69_Project 4.1.axf" ./utilities/fsl_assert.o ./utilities/fsl_debug_console.o ./utilities/fsl_str.o  ./startup/boot_multicore_slave.o ./startup/startup_lpc55s69_cm33_core0.o  ./source/LPC55S69_Project\ 4.1.o ./source/semihost_hardfault.o  ./drivers/fsl_clock.o ./drivers/fsl_common.o ./drivers/fsl_common_arm.o ./drivers/fsl_flexcomm.o ./drivers/fsl_gpio.o ./drivers/fsl_i2c.o ./drivers/fsl_inputmux.o ./drivers/fsl_pint.o ./drivers/fsl_power.o ./drivers/fsl_reset.o ./drivers/fsl_usart.o  ./device/system_LPC55S69_cm33_core0.o  ./component/uart/fsl_adapter_usart.o  ./component/serial_manager/fsl_component_serial_manager.o ./component/serial_manager/fsl_component_serial_port_uart.o  ./component/lists/fsl_component_generic_list.o  ./board/board.o ./board/clock_config.o ./board/peripherals.o ./board/pin_mux.o   
Memory region         Used Size  Region Size  %age Used
   PROGRAM_FLASH:       14296 B       630 KB      2.22%
            SRAM:        8512 B       256 KB      3.25%
           SRAMX:          0 GB        32 KB      0.00%
         USB_RAM:          0 GB        16 KB      0.00%
           SRAM4:          0 GB        16 KB      0.00%
Finished building target: LPC55S69_Project 4.1.axf
 
Performing post-build steps
arm-none-eabi-size "LPC55S69_Project 4.1.axf"; # arm-none-eabi-objcopy -v -O binary "LPC55S69_Project 4.1.axf" "LPC55S69_Project 4.1.bin" ; # checksum -p LPC55S69 -d "LPC55S69_Project 4.1.bin";
   text	   data	    bss	    dec	    hex	filename
  14288	      8	   8504	  22800	   5910	LPC55S69_Project 4.1.axf
 
03:44:20 **** Incremental Build of configuration Debug for project LPC55S69_Project 4.1 ****
make -r -j8 all 
Building file: ../source/LPC55S69_Project 4.1.c
Building file: ../board/peripherals.c
Invoking: MCU C Compiler
arm-none-eabi-gcc -DCPU_LPC55S69JBD100 -DCPU_LPC55S69JBD100_cm33 -DCPU_LPC55S69JBD100_cm33_core0 -DSDK_OS_BAREMETAL -DSERIAL_PORT_TYPE_UART=1 -DSDK_DEBUGCONSOLE=0 -DCR_INTEGER_PRINTF -DPRINTF_FLOAT_ENABLE=0 -D__MCUXPRESSO -D__USE_CMSIS -DDEBUG -D__REDLIB__ -I"C:\Users\fwint\Documents\MCUXpressoIDE_11.8.0_1165\workspace\LPC55S69_Project 4.1\board" -I"C:\Users\fwint\Documents\MCUXpressoIDE_11.8.0_1165\workspace\LPC55S69_Project 4.1\source" -I"C:\Users\fwint\Documents\MCUXpressoIDE_11.8.0_1165\workspace\LPC55S69_Project 4.1\drivers" -I"C:\Users\fwint\Documents\MCUXpressoIDE_11.8.0_1165\workspace\LPC55S69_Project 4.1\device" -I"C:\Users\fwint\Documents\MCUXpressoIDE_11.8.0_1165\workspace\LPC55S69_Project 4.1\CMSIS" -I"C:\Users\fwint\Documents\MCUXpressoIDE_11.8.0_1165\workspace\LPC55S69_Project 4.1\utilities" -I"C:\Users\fwint\Documents\MCUXpressoIDE_11.8.0_1165\workspace\LPC55S69_Project 4.1\component\uart" -I"C:\Users\fwint\Documents\MCUXpressoIDE_11.8.0_1165\workspace\LPC55S69_Project 4.1\component\serial_manager" -I"C:\Users\fwint\Documents\MCUXpressoIDE_11.8.0_1165\workspace\LPC55S69_Project 4.1\component\lists" -I"C:\Users\fwint\Documents\MCUXpressoIDE_11.8.0_1165\workspace\LPC55S69_Project 4.1\startup" -O0 -fno-common -g3 -Wall -c -ffunction-sections -fdata-sections -ffreestanding -fno-builtin -fmerge-constants -fmacro-prefix-map="../source ./"= -mcpu=cortex-m33 -mfpu=fpv5-sp-d16 -mfloat-abi=hard -mthumb -D__REDLIB__ -fstack-usage -specs=redlib.specs -MMD -MP -MF"source/LPC55S69_Project 4.1.d" -MT"source/LPC55S69_Project 4.1.o" -o "source/LPC55S69_Project 4.1.o" "../source/LPC55S69_Project 4.1.c"
Invoking: MCU C Compiler
arm-none-eabi-gcc -DCPU_LPC55S69JBD100 -DCPU_LPC55S69JBD100_cm33 -DCPU_LPC55S69JBD100_cm33_core0 -DSDK_OS_BAREMETAL -DSERIAL_PORT_TYPE_UART=1 -DSDK_DEBUGCONSOLE=0 -DCR_INTEGER_PRINTF -DPRINTF_FLOAT_ENABLE=0 -D__MCUXPRESSO -D__USE_CMSIS -DDEBUG -D__REDLIB__ -I"C:\Users\fwint\Documents\MCUXpressoIDE_11.8.0_1165\workspace\LPC55S69_Project 4.1\board" -I"C:\Users\fwint\Documents\MCUXpressoIDE_11.8.0_1165\workspace\LPC55S69_Project 4.1\source" -I"C:\Users\fwint\Documents\MCUXpressoIDE_11.8.0_1165\workspace\LPC55S69_Project 4.1\drivers" -I"C:\Users\fwint\Documents\MCUXpressoIDE_11.8.0_1165\workspace\LPC55S69_Project 4.1\device" -I"C:\Users\fwint\Documents\MCUXpressoIDE_11.8.0_1165\workspace\LPC55S69_Project 4.1\CMSIS" -I"C:\Users\fwint\Documents\MCUXpressoIDE_11.8.0_1165\workspace\LPC55S69_Project 4.1\utilities" -I"C:\Users\fwint\Documents\MCUXpressoIDE_11.8.0_1165\workspace\LPC55S69_Project 4.1\component\uart" -I"C:\Users\fwint\Documents\MCUXpressoIDE_11.8.0_1165\workspace\LPC55S69_Project 4.1\component\serial_manager" -I"C:\Users\fwint\Documents\MCUXpressoIDE_11.8.0_1165\workspace\LPC55S69_Project 4.1\component\lists" -I"C:\Users\fwint\Documents\MCUXpressoIDE_11.8.0_1165\workspace\LPC55S69_Project 4.1\startup" -O0 -fno-common -g3 -Wall -c -ffunction-sections -fdata-sections -ffreestanding -fno-builtin -fmerge-constants -fmacro-prefix-map="../board/"= -mcpu=cortex-m33 -mfpu=fpv5-sp-d16 -mfloat-abi=hard -mthumb -D__REDLIB__ -fstack-usage -specs=redlib.specs -MMD -MP -MF"board/peripherals.d" -MT"board/peripherals.o" -MT"board/peripherals.d" -o "board/peripherals.o" "../board/peripherals.c"
Finished building: ../source/LPC55S69_Project 4.1.c
Finished building: ../board/peripherals.c
 
 
Building target: LPC55S69_Project 4.1.axf
Invoking: MCU Linker
arm-none-eabi-gcc -nostdlib -Xlinker -Map="LPC55S69_Project 4.1.map" -Xlinker --gc-sections -Xlinker -print-memory-usage -Xlinker --sort-section=alignment -Xlinker --cref -mcpu=cortex-m33 -mfpu=fpv5-sp-d16 -mfloat-abi=hard -mthumb -T LPC55S69_Project_4_1_Debug.ld -o "LPC55S69_Project 4.1.axf" ./utilities/fsl_assert.o ./utilities/fsl_debug_console.o ./utilities/fsl_str.o  ./startup/boot_multicore_slave.o ./startup/startup_lpc55s69_cm33_core0.o  ./source/LPC55S69_Project\ 4.1.o ./source/semihost_hardfault.o  ./drivers/fsl_clock.o ./drivers/fsl_common.o ./drivers/fsl_common_arm.o ./drivers/fsl_flexcomm.o ./drivers/fsl_gpio.o ./drivers/fsl_i2c.o ./drivers/fsl_inputmux.o ./drivers/fsl_pint.o ./drivers/fsl_power.o ./drivers/fsl_reset.o ./drivers/fsl_usart.o  ./device/system_LPC55S69_cm33_core0.o  ./component/uart/fsl_adapter_usart.o  ./component/serial_manager/fsl_component_serial_manager.o ./component/serial_manager/fsl_component_serial_port_uart.o  ./component/lists/fsl_component_generic_list.o  ./board/board.o ./board/clock_config.o ./board/peripherals.o ./board/pin_mux.o   
Memory region         Used Size  Region Size  %age Used
   PROGRAM_FLASH:       14296 B       630 KB      2.22%
            SRAM:        8512 B       256 KB      3.25%
           SRAMX:          0 GB        32 KB      0.00%
         USB_RAM:          0 GB        16 KB      0.00%
           SRAM4:          0 GB        16 KB      0.00%
Finished building target: LPC55S69_Project 4.1.axf
 
Performing post-build steps
arm-none-eabi-size "LPC55S69_Project 4.1.axf"; # arm-none-eabi-objcopy -v -O binary "LPC55S69_Project 4.1.axf" "LPC55S69_Project 4.1.bin" ; # checksum -p LPC55S69 -d "LPC55S69_Project 4.1.bin";
   text	   data	    bss	    dec	    hex	filename
  14288	      8	   8504	  22800	   5910	LPC55S69_Project 4.1.axf
 
03:45:14 **** Incremental Build of configuration Debug for project LPC55S69_Project 4.1 ****
make -r -j8 all 
make[1]: Nothing to be done for 'main-build'.
Performing post-build steps
arm-none-eabi-size "LPC55S69_Project 4.1.axf"; # arm-none-eabi-objcopy -v -O binary "LPC55S69_Project 4.1.axf" "LPC55S69_Project 4.1.bin" ; # checksum -p LPC55S69 -d "LPC55S69_Project 4.1.bin";
   text	   data	    bss	    dec	    hex	filename
  14288	      8	   8504	  22800	   5910	LPC55S69_Project 4.1.axf
 
03:57:31 **** Incremental Build of configuration Debug for project LPC55S69_Project 4.1 ****
make -r -j8 all 
make[1]: Nothing to be done for 'main-build'.
Performing post-build steps
arm-none-eabi-size "LPC55S69_Project 4.1.axf"; # arm-none-eabi-objcopy -v -O binary "LPC55S69_Project 4.1.axf" "LPC55S69_Project 4.1.bin" ; # checksum -p LPC55S69 -d "LPC55S69_Project 4.1.bin";
   text	   data	    bss	    dec	    hex	filename
  14288	      8	   8504	  22800	   5910	LPC55S69_Project 4.1.axf
 
03:57:59 **** Incremental Build of configuration Debug for project LPC55S69_Project 4.1 ****
make -r -j8 all 
make[1]: Nothing to be done for 'main-build'.
Performing post-build steps
arm-none-eabi-size "LPC55S69_Project 4.1.axf"; # arm-none-eabi-objcopy -v -O binary "LPC55S69_Project 4.1.axf" "LPC55S69_Project 4.1.bin" ; # checksum -p LPC55S69 -d "LPC55S69_Project 4.1.bin";
   text	   data	    bss	    dec	    hex	filename
  14288	      8	   8504	  22800	   5910	LPC55S69_Project 4.1.axf
 
08:55:11 **** Build of configuration Debug for project CLOCKS ****
make -r -j8 all 
Building file: ../utilities/fsl_assert.c
Building file: ../utilities/fsl_debug_console.c
Building file: ../utilities/fsl_str.c
Invoking: MCU C Compiler
Invoking: MCU C Compiler
arm-none-eabi-gcc -DCPU_LPC55S69JBD100 -DCPU_LPC55S69JBD100_cm33 -DCPU_LPC55S69JBD100_cm33_core0 -DSDK_OS_BAREMETAL -DSERIAL_PORT_TYPE_UART=1 -DSDK_DEBUGCONSOLE=0 -DCR_INTEGER_PRINTF -DPRINTF_FLOAT_ENABLE=0 -D__MCUXPRESSO -D__USE_CMSIS -DDEBUG -D__REDLIB__ -I"C:\Users\fwint\Documents\MCUXpressoIDE_11.8.0_1165\workspace\CLOCKS\board" -I"C:\Users\fwint\Documents\MCUXpressoIDE_11.8.0_1165\workspace\CLOCKS\source" -I"C:\Users\fwint\Documents\MCUXpressoIDE_11.8.0_1165\workspace\CLOCKS\drivers" -I"C:\Users\fwint\Documents\MCUXpressoIDE_11.8.0_1165\workspace\CLOCKS\device" -I"C:\Users\fwint\Documents\MCUXpressoIDE_11.8.0_1165\workspace\CLOCKS\CMSIS" -I"C:\Users\fwint\Documents\MCUXpressoIDE_11.8.0_1165\workspace\CLOCKS\utilities" -I"C:\Users\fwint\Documents\MCUXpressoIDE_11.8.0_1165\workspace\CLOCKS\component\uart" -I"C:\Users\fwint\Documents\MCUXpressoIDE_11.8.0_1165\workspace\CLOCKS\component\serial_manager" -I"C:\Users\fwint\Documents\MCUXpressoIDE_11.8.0_1165\workspace\CLOCKS\component\lists" -I"C:\Users\fwint\Documents\MCUXpressoIDE_11.8.0_1165\workspace\CLOCKS\startup" -O0 -fno-common -g3 -Wall -c -ffunction-sections -fdata-sections -ffreestanding -fno-builtin -fmerge-constants -fmacro-prefix-map="../utilities/"= -mcpu=cortex-m33 -mfpu=fpv5-sp-d16 -mfloat-abi=hard -mthumb -D__REDLIB__ -fstack-usage -specs=redlib.specs -MMD -MP -MF"utilities/fsl_assert.d" -MT"utilities/fsl_assert.o" -MT"utilities/fsl_assert.d" -o "utilities/fsl_assert.o" "../utilities/fsl_assert.c"
Invoking: MCU C Compiler
arm-none-eabi-gcc -DCPU_LPC55S69JBD100 -DCPU_LPC55S69JBD100_cm33 -DCPU_LPC55S69JBD100_cm33_core0 -DSDK_OS_BAREMETAL -DSERIAL_PORT_TYPE_UART=1 -DSDK_DEBUGCONSOLE=0 -DCR_INTEGER_PRINTF -DPRINTF_FLOAT_ENABLE=0 -D__MCUXPRESSO -D__USE_CMSIS -DDEBUG -D__REDLIB__ -I"C:\Users\fwint\Documents\MCUXpressoIDE_11.8.0_1165\workspace\CLOCKS\board" -I"C:\Users\fwint\Documents\MCUXpressoIDE_11.8.0_1165\workspace\CLOCKS\source" -I"C:\Users\fwint\Documents\MCUXpressoIDE_11.8.0_1165\workspace\CLOCKS\drivers" -I"C:\Users\fwint\Documents\MCUXpressoIDE_11.8.0_1165\workspace\CLOCKS\device" -I"C:\Users\fwint\Documents\MCUXpressoIDE_11.8.0_1165\workspace\CLOCKS\CMSIS" -I"C:\Users\fwint\Documents\MCUXpressoIDE_11.8.0_1165\workspace\CLOCKS\utilities" -I"C:\Users\fwint\Documents\MCUXpressoIDE_11.8.0_1165\workspace\CLOCKS\component\uart" -I"C:\Users\fwint\Documents\MCUXpressoIDE_11.8.0_1165\workspace\CLOCKS\component\serial_manager" -I"C:\Users\fwint\Documents\MCUXpressoIDE_11.8.0_1165\workspace\CLOCKS\component\lists" -I"C:\Users\fwint\Documents\MCUXpressoIDE_11.8.0_1165\workspace\CLOCKS\startup" -O0 -fno-common -g3 -Wall -c -ffunction-sections -fdata-sections -ffreestanding -fno-builtin -fmerge-constants -fmacro-prefix-map="../utilities/"= -mcpu=cortex-m33 -mfpu=fpv5-sp-d16 -mfloat-abi=hard -mthumb -D__REDLIB__ -fstack-usage -specs=redlib.specs -MMD -MP -MF"utilities/fsl_debug_console.d" -MT"utilities/fsl_debug_console.o" -MT"utilities/fsl_debug_console.d" -o "utilities/fsl_debug_console.o" "../utilities/fsl_debug_console.c"
arm-none-eabi-gcc -DCPU_LPC55S69JBD100 -DCPU_LPC55S69JBD100_cm33 -DCPU_LPC55S69JBD100_cm33_core0 -DSDK_OS_BAREMETAL -DSERIAL_PORT_TYPE_UART=1 -DSDK_DEBUGCONSOLE=0 -DCR_INTEGER_PRINTF -DPRINTF_FLOAT_ENABLE=0 -D__MCUXPRESSO -D__USE_CMSIS -DDEBUG -D__REDLIB__ -I"C:\Users\fwint\Documents\MCUXpressoIDE_11.8.0_1165\workspace\CLOCKS\board" -I"C:\Users\fwint\Documents\MCUXpressoIDE_11.8.0_1165\workspace\CLOCKS\source" -I"C:\Users\fwint\Documents\MCUXpressoIDE_11.8.0_1165\workspace\CLOCKS\drivers" -I"C:\Users\fwint\Documents\MCUXpressoIDE_11.8.0_1165\workspace\CLOCKS\device" -I"C:\Users\fwint\Documents\MCUXpressoIDE_11.8.0_1165\workspace\CLOCKS\CMSIS" -I"C:\Users\fwint\Documents\MCUXpressoIDE_11.8.0_1165\workspace\CLOCKS\utilities" -I"C:\Users\fwint\Documents\MCUXpressoIDE_11.8.0_1165\workspace\CLOCKS\component\uart" -I"C:\Users\fwint\Documents\MCUXpressoIDE_11.8.0_1165\workspace\CLOCKS\component\serial_manager" -I"C:\Users\fwint\Documents\MCUXpressoIDE_11.8.0_1165\workspace\CLOCKS\component\lists" -I"C:\Users\fwint\Documents\MCUXpressoIDE_11.8.0_1165\workspace\CLOCKS\startup" -O0 -fno-common -g3 -Wall -c -ffunction-sections -fdata-sections -ffreestanding -fno-builtin -fmerge-constants -fmacro-prefix-map="../utilities/"= -mcpu=cortex-m33 -mfpu=fpv5-sp-d16 -mfloat-abi=hard -mthumb -D__REDLIB__ -fstack-usage -specs=redlib.specs -MMD -MP -MF"utilities/fsl_str.d" -MT"utilities/fsl_str.o" -MT"utilities/fsl_str.d" -o "utilities/fsl_str.o" "../utilities/fsl_str.c"
Building file: ../startup/boot_multicore_slave.c
Building file: ../startup/startup_lpc55s69_cm33_core0.c
Invoking: MCU C Compiler
Building file: ../source/CLOCKS.c
arm-none-eabi-gcc -DCPU_LPC55S69JBD100 -DCPU_LPC55S69JBD100_cm33 -DCPU_LPC55S69JBD100_cm33_core0 -DSDK_OS_BAREMETAL -DSERIAL_PORT_TYPE_UART=1 -DSDK_DEBUGCONSOLE=0 -DCR_INTEGER_PRINTF -DPRINTF_FLOAT_ENABLE=0 -D__MCUXPRESSO -D__USE_CMSIS -DDEBUG -D__REDLIB__ -I"C:\Users\fwint\Documents\MCUXpressoIDE_11.8.0_1165\workspace\CLOCKS\board" -I"C:\Users\fwint\Documents\MCUXpressoIDE_11.8.0_1165\workspace\CLOCKS\source" -I"C:\Users\fwint\Documents\MCUXpressoIDE_11.8.0_1165\workspace\CLOCKS\drivers" -I"C:\Users\fwint\Documents\MCUXpressoIDE_11.8.0_1165\workspace\CLOCKS\device" -I"C:\Users\fwint\Documents\MCUXpressoIDE_11.8.0_1165\workspace\CLOCKS\CMSIS" -I"C:\Users\fwint\Documents\MCUXpressoIDE_11.8.0_1165\workspace\CLOCKS\utilities" -I"C:\Users\fwint\Documents\MCUXpressoIDE_11.8.0_1165\workspace\CLOCKS\component\uart" -I"C:\Users\fwint\Documents\MCUXpressoIDE_11.8.0_1165\workspace\CLOCKS\component\serial_manager" -I"C:\Users\fwint\Documents\MCUXpressoIDE_11.8.0_1165\workspace\CLOCKS\component\lists" -I"C:\Users\fwint\Documents\MCUXpressoIDE_11.8.0_1165\workspace\CLOCKS\startup" -O0 -fno-common -g3 -Wall -c -ffunction-sections -fdata-sections -ffreestanding -fno-builtin -fmerge-constants -fmacro-prefix-map="../startup/"= -mcpu=cortex-m33 -mfpu=fpv5-sp-d16 -mfloat-abi=hard -mthumb -D__REDLIB__ -fstack-usage -specs=redlib.specs -MMD -MP -MF"startup/boot_multicore_slave.d" -MT"startup/boot_multicore_slave.o" -MT"startup/boot_multicore_slave.d" -o "startup/boot_multicore_slave.o" "../startup/boot_multicore_slave.c"
Invoking: MCU C Compiler
arm-none-eabi-gcc -DCPU_LPC55S69JBD100 -DCPU_LPC55S69JBD100_cm33 -DCPU_LPC55S69JBD100_cm33_core0 -DSDK_OS_BAREMETAL -DSERIAL_PORT_TYPE_UART=1 -DSDK_DEBUGCONSOLE=0 -DCR_INTEGER_PRINTF -DPRINTF_FLOAT_ENABLE=0 -D__MCUXPRESSO -D__USE_CMSIS -DDEBUG -D__REDLIB__ -I"C:\Users\fwint\Documents\MCUXpressoIDE_11.8.0_1165\workspace\CLOCKS\board" -I"C:\Users\fwint\Documents\MCUXpressoIDE_11.8.0_1165\workspace\CLOCKS\source" -I"C:\Users\fwint\Documents\MCUXpressoIDE_11.8.0_1165\workspace\CLOCKS\drivers" -I"C:\Users\fwint\Documents\MCUXpressoIDE_11.8.0_1165\workspace\CLOCKS\device" -I"C:\Users\fwint\Documents\MCUXpressoIDE_11.8.0_1165\workspace\CLOCKS\CMSIS" -I"C:\Users\fwint\Documents\MCUXpressoIDE_11.8.0_1165\workspace\CLOCKS\utilities" -I"C:\Users\fwint\Documents\MCUXpressoIDE_11.8.0_1165\workspace\CLOCKS\component\uart" -I"C:\Users\fwint\Documents\MCUXpressoIDE_11.8.0_1165\workspace\CLOCKS\component\serial_manager" -I"C:\Users\fwint\Documents\MCUXpressoIDE_11.8.0_1165\workspace\CLOCKS\component\lists" -I"C:\Users\fwint\Documents\MCUXpressoIDE_11.8.0_1165\workspace\CLOCKS\startup" -O0 -fno-common -g3 -Wall -c -ffunction-sections -fdata-sections -ffreestanding -fno-builtin -fmerge-constants -fmacro-prefix-map="../startup/"= -mcpu=cortex-m33 -mfpu=fpv5-sp-d16 -mfloat-abi=hard -mthumb -D__REDLIB__ -fstack-usage -specs=redlib.specs -MMD -MP -MF"startup/startup_lpc55s69_cm33_core0.d" -MT"startup/startup_lpc55s69_cm33_core0.o" -MT"startup/startup_lpc55s69_cm33_core0.d" -o "startup/startup_lpc55s69_cm33_core0.o" "../startup/startup_lpc55s69_cm33_core0.c"
Invoking: MCU C Compiler
arm-none-eabi-gcc -DCPU_LPC55S69JBD100 -DCPU_LPC55S69JBD100_cm33 -DCPU_LPC55S69JBD100_cm33_core0 -DSDK_OS_BAREMETAL -DSERIAL_PORT_TYPE_UART=1 -DSDK_DEBUGCONSOLE=0 -DCR_INTEGER_PRINTF -DPRINTF_FLOAT_ENABLE=0 -D__MCUXPRESSO -D__USE_CMSIS -DDEBUG -D__REDLIB__ -I"C:\Users\fwint\Documents\MCUXpressoIDE_11.8.0_1165\workspace\CLOCKS\board" -I"C:\Users\fwint\Documents\MCUXpressoIDE_11.8.0_1165\workspace\CLOCKS\source" -I"C:\Users\fwint\Documents\MCUXpressoIDE_11.8.0_1165\workspace\CLOCKS\drivers" -I"C:\Users\fwint\Documents\MCUXpressoIDE_11.8.0_1165\workspace\CLOCKS\device" -I"C:\Users\fwint\Documents\MCUXpressoIDE_11.8.0_1165\workspace\CLOCKS\CMSIS" -I"C:\Users\fwint\Documents\MCUXpressoIDE_11.8.0_1165\workspace\CLOCKS\utilities" -I"C:\Users\fwint\Documents\MCUXpressoIDE_11.8.0_1165\workspace\CLOCKS\component\uart" -I"C:\Users\fwint\Documents\MCUXpressoIDE_11.8.0_1165\workspace\CLOCKS\component\serial_manager" -I"C:\Users\fwint\Documents\MCUXpressoIDE_11.8.0_1165\workspace\CLOCKS\component\lists" -I"C:\Users\fwint\Documents\MCUXpressoIDE_11.8.0_1165\workspace\CLOCKS\startup" -O0 -fno-common -g3 -Wall -c -ffunction-sections -fdata-sections -ffreestanding -fno-builtin -fmerge-constants -fmacro-prefix-map="../source/"= -mcpu=cortex-m33 -mfpu=fpv5-sp-d16 -mfloat-abi=hard -mthumb -D__REDLIB__ -fstack-usage -specs=redlib.specs -MMD -MP -MF"source/CLOCKS.d" -MT"source/CLOCKS.o" -MT"source/CLOCKS.d" -o "source/CLOCKS.o" "../source/CLOCKS.c"
Building file: ../source/semihost_hardfault.c
Building file: ../drivers/fsl_clock.c
Invoking: MCU C Compiler
arm-none-eabi-gcc -DCPU_LPC55S69JBD100 -DCPU_LPC55S69JBD100_cm33 -DCPU_LPC55S69JBD100_cm33_core0 -DSDK_OS_BAREMETAL -DSERIAL_PORT_TYPE_UART=1 -DSDK_DEBUGCONSOLE=0 -DCR_INTEGER_PRINTF -DPRINTF_FLOAT_ENABLE=0 -D__MCUXPRESSO -D__USE_CMSIS -DDEBUG -D__REDLIB__ -I"C:\Users\fwint\Documents\MCUXpressoIDE_11.8.0_1165\workspace\CLOCKS\board" -I"C:\Users\fwint\Documents\MCUXpressoIDE_11.8.0_1165\workspace\CLOCKS\source" -I"C:\Users\fwint\Documents\MCUXpressoIDE_11.8.0_1165\workspace\CLOCKS\drivers" -I"C:\Users\fwint\Documents\MCUXpressoIDE_11.8.0_1165\workspace\CLOCKS\device" -I"C:\Users\fwint\Documents\MCUXpressoIDE_11.8.0_1165\workspace\CLOCKS\CMSIS" -I"C:\Users\fwint\Documents\MCUXpressoIDE_11.8.0_1165\workspace\CLOCKS\utilities" -I"C:\Users\fwint\Documents\MCUXpressoIDE_11.8.0_1165\workspace\CLOCKS\component\uart" -I"C:\Users\fwint\Documents\MCUXpressoIDE_11.8.0_1165\workspace\CLOCKS\component\serial_manager" -I"C:\Users\fwint\Documents\MCUXpressoIDE_11.8.0_1165\workspace\CLOCKS\component\lists" -I"C:\Users\fwint\Documents\MCUXpressoIDE_11.8.0_1165\workspace\CLOCKS\startup" -O0 -fno-common -g3 -Wall -c -ffunction-sections -fdata-sections -ffreestanding -fno-builtin -fmerge-constants -fmacro-prefix-map="../source/"= -mcpu=cortex-m33 -mfpu=fpv5-sp-d16 -mfloat-abi=hard -mthumb -D__REDLIB__ -fstack-usage -specs=redlib.specs -MMD -MP -MF"source/semihost_hardfault.d" -MT"source/semihost_hardfault.o" -MT"source/semihost_hardfault.d" -o "source/semihost_hardfault.o" "../source/semihost_hardfault.c"
Invoking: MCU C Compiler
arm-none-eabi-gcc -DCPU_LPC55S69JBD100 -DCPU_LPC55S69JBD100_cm33 -DCPU_LPC55S69JBD100_cm33_core0 -DSDK_OS_BAREMETAL -DSERIAL_PORT_TYPE_UART=1 -DSDK_DEBUGCONSOLE=0 -DCR_INTEGER_PRINTF -DPRINTF_FLOAT_ENABLE=0 -D__MCUXPRESSO -D__USE_CMSIS -DDEBUG -D__REDLIB__ -I"C:\Users\fwint\Documents\MCUXpressoIDE_11.8.0_1165\workspace\CLOCKS\board" -I"C:\Users\fwint\Documents\MCUXpressoIDE_11.8.0_1165\workspace\CLOCKS\source" -I"C:\Users\fwint\Documents\MCUXpressoIDE_11.8.0_1165\workspace\CLOCKS\drivers" -I"C:\Users\fwint\Documents\MCUXpressoIDE_11.8.0_1165\workspace\CLOCKS\device" -I"C:\Users\fwint\Documents\MCUXpressoIDE_11.8.0_1165\workspace\CLOCKS\CMSIS" -I"C:\Users\fwint\Documents\MCUXpressoIDE_11.8.0_1165\workspace\CLOCKS\utilities" -I"C:\Users\fwint\Documents\MCUXpressoIDE_11.8.0_1165\workspace\CLOCKS\component\uart" -I"C:\Users\fwint\Documents\MCUXpressoIDE_11.8.0_1165\workspace\CLOCKS\component\serial_manager" -I"C:\Users\fwint\Documents\MCUXpressoIDE_11.8.0_1165\workspace\CLOCKS\component\lists" -I"C:\Users\fwint\Documents\MCUXpressoIDE_11.8.0_1165\workspace\CLOCKS\startup" -O0 -fno-common -g3 -Wall -c -ffunction-sections -fdata-sections -ffreestanding -fno-builtin -fmerge-constants -fmacro-prefix-map="../drivers/"= -mcpu=cortex-m33 -mfpu=fpv5-sp-d16 -mfloat-abi=hard -mthumb -D__REDLIB__ -fstack-usage -specs=redlib.specs -MMD -MP -MF"drivers/fsl_clock.d" -MT"drivers/fsl_clock.o" -MT"drivers/fsl_clock.d" -o "drivers/fsl_clock.o" "../drivers/fsl_clock.c"
Finished building: ../startup/boot_multicore_slave.c
 
Building file: ../drivers/fsl_common.c
Invoking: MCU C Compiler
Finished building: ../utilities/fsl_assert.c
Finished building: ../utilities/fsl_debug_console.c
arm-none-eabi-gcc -DCPU_LPC55S69JBD100 -DCPU_LPC55S69JBD100_cm33 -DCPU_LPC55S69JBD100_cm33_core0 -DSDK_OS_BAREMETAL -DSERIAL_PORT_TYPE_UART=1 -DSDK_DEBUGCONSOLE=0 -DCR_INTEGER_PRINTF -DPRINTF_FLOAT_ENABLE=0 -D__MCUXPRESSO -D__USE_CMSIS -DDEBUG -D__REDLIB__ -I"C:\Users\fwint\Documents\MCUXpressoIDE_11.8.0_1165\workspace\CLOCKS\board" -I"C:\Users\fwint\Documents\MCUXpressoIDE_11.8.0_1165\workspace\CLOCKS\source" -I"C:\Users\fwint\Documents\MCUXpressoIDE_11.8.0_1165\workspace\CLOCKS\drivers" -I"C:\Users\fwint\Documents\MCUXpressoIDE_11.8.0_1165\workspace\CLOCKS\device" -I"C:\Users\fwint\Documents\MCUXpressoIDE_11.8.0_1165\workspace\CLOCKS\CMSIS" -I"C:\Users\fwint\Documents\MCUXpressoIDE_11.8.0_1165\workspace\CLOCKS\utilities" -I"C:\Users\fwint\Documents\MCUXpressoIDE_11.8.0_1165\workspace\CLOCKS\component\uart" -I"C:\Users\fwint\Documents\MCUXpressoIDE_11.8.0_1165\workspace\CLOCKS\component\serial_manager" -I"C:\Users\fwint\Documents\MCUXpressoIDE_11.8.0_1165\workspace\CLOCKS\component\lists" -I"C:\Users\fwint\Documents\MCUXpressoIDE_11.8.0_1165\workspace\CLOCKS\startup" -O0 -fno-common -g3 -Wall -c -ffunction-sections -fdata-sections -ffreestanding -fno-builtin -fmerge-constants -fmacro-prefix-map="../drivers/"= -mcpu=cortex-m33 -mfpu=fpv5-sp-d16 -mfloat-abi=hard -mthumb -D__REDLIB__ -fstack-usage -specs=redlib.specs -MMD -MP -MF"drivers/fsl_common.d" -MT"drivers/fsl_common.o" -MT"drivers/fsl_common.d" -o "drivers/fsl_common.o" "../drivers/fsl_common.c"
Finished building: ../startup/startup_lpc55s69_cm33_core0.c
 
 
Finished building: ../utilities/fsl_str.c
Finished building: ../source/CLOCKS.c
 
 
Finished building: ../source/semihost_hardfault.c
 
Building file: ../drivers/fsl_common_arm.c
 
Building file: ../drivers/fsl_flexcomm.c
Invoking: MCU C Compiler
Invoking: MCU C Compiler
arm-none-eabi-gcc -DCPU_LPC55S69JBD100 -DCPU_LPC55S69JBD100_cm33 -DCPU_LPC55S69JBD100_cm33_core0 -DSDK_OS_BAREMETAL -DSERIAL_PORT_TYPE_UART=1 -DSDK_DEBUGCONSOLE=0 -DCR_INTEGER_PRINTF -DPRINTF_FLOAT_ENABLE=0 -D__MCUXPRESSO -D__USE_CMSIS -DDEBUG -D__REDLIB__ -I"C:\Users\fwint\Documents\MCUXpressoIDE_11.8.0_1165\workspace\CLOCKS\board" -I"C:\Users\fwint\Documents\MCUXpressoIDE_11.8.0_1165\workspace\CLOCKS\source" -I"C:\Users\fwint\Documents\MCUXpressoIDE_11.8.0_1165\workspace\CLOCKS\drivers" -I"C:\Users\fwint\Documents\MCUXpressoIDE_11.8.0_1165\workspace\CLOCKS\device" -I"C:\Users\fwint\Documents\MCUXpressoIDE_11.8.0_1165\workspace\CLOCKS\CMSIS" -I"C:\Users\fwint\Documents\MCUXpressoIDE_11.8.0_1165\workspace\CLOCKS\utilities" -I"C:\Users\fwint\Documents\MCUXpressoIDE_11.8.0_1165\workspace\CLOCKS\component\uart" -I"C:\Users\fwint\Documents\MCUXpressoIDE_11.8.0_1165\workspace\CLOCKS\component\serial_manager" -I"C:\Users\fwint\Documents\MCUXpressoIDE_11.8.0_1165\workspace\CLOCKS\component\lists" -I"C:\Users\fwint\Documents\MCUXpressoIDE_11.8.0_1165\workspace\CLOCKS\startup" -O0 -fno-common -g3 -Wall -c -ffunction-sections -fdata-sections -ffreestanding -fno-builtin -fmerge-constants -fmacro-prefix-map="../drivers/"= -mcpu=cortex-m33 -mfpu=fpv5-sp-d16 -mfloat-abi=hard -mthumb -D__REDLIB__ -fstack-usage -specs=redlib.specs -MMD -MP -MF"drivers/fsl_common_arm.d" -MT"drivers/fsl_common_arm.o" -MT"drivers/fsl_common_arm.d" -o "drivers/fsl_common_arm.o" "../drivers/fsl_common_arm.c"
Building file: ../drivers/fsl_gpio.c
arm-none-eabi-gcc -DCPU_LPC55S69JBD100 -DCPU_LPC55S69JBD100_cm33 -DCPU_LPC55S69JBD100_cm33_core0 -DSDK_OS_BAREMETAL -DSERIAL_PORT_TYPE_UART=1 -DSDK_DEBUGCONSOLE=0 -DCR_INTEGER_PRINTF -DPRINTF_FLOAT_ENABLE=0 -D__MCUXPRESSO -D__USE_CMSIS -DDEBUG -D__REDLIB__ -I"C:\Users\fwint\Documents\MCUXpressoIDE_11.8.0_1165\workspace\CLOCKS\board" -I"C:\Users\fwint\Documents\MCUXpressoIDE_11.8.0_1165\workspace\CLOCKS\source" -I"C:\Users\fwint\Documents\MCUXpressoIDE_11.8.0_1165\workspace\CLOCKS\drivers" -I"C:\Users\fwint\Documents\MCUXpressoIDE_11.8.0_1165\workspace\CLOCKS\device" -I"C:\Users\fwint\Documents\MCUXpressoIDE_11.8.0_1165\workspace\CLOCKS\CMSIS" -I"C:\Users\fwint\Documents\MCUXpressoIDE_11.8.0_1165\workspace\CLOCKS\utilities" -I"C:\Users\fwint\Documents\MCUXpressoIDE_11.8.0_1165\workspace\CLOCKS\component\uart" -I"C:\Users\fwint\Documents\MCUXpressoIDE_11.8.0_1165\workspace\CLOCKS\component\serial_manager" -I"C:\Users\fwint\Documents\MCUXpressoIDE_11.8.0_1165\workspace\CLOCKS\component\lists" -I"C:\Users\fwint\Documents\MCUXpressoIDE_11.8.0_1165\workspace\CLOCKS\startup" -O0 -fno-common -g3 -Wall -c -ffunction-sections -fdata-sections -ffreestanding -fno-builtin -fmerge-constants -fmacro-prefix-map="../drivers/"= -mcpu=cortex-m33 -mfpu=fpv5-sp-d16 -mfloat-abi=hard -mthumb -D__REDLIB__ -fstack-usage -specs=redlib.specs -MMD -MP -MF"drivers/fsl_flexcomm.d" -MT"drivers/fsl_flexcomm.o" -MT"drivers/fsl_flexcomm.d" -o "drivers/fsl_flexcomm.o" "../drivers/fsl_flexcomm.c"
Invoking: MCU C Compiler
arm-none-eabi-gcc -DCPU_LPC55S69JBD100 -DCPU_LPC55S69JBD100_cm33 -DCPU_LPC55S69JBD100_cm33_core0 -DSDK_OS_BAREMETAL -DSERIAL_PORT_TYPE_UART=1 -DSDK_DEBUGCONSOLE=0 -DCR_INTEGER_PRINTF -DPRINTF_FLOAT_ENABLE=0 -D__MCUXPRESSO -D__USE_CMSIS -DDEBUG -D__REDLIB__ -I"C:\Users\fwint\Documents\MCUXpressoIDE_11.8.0_1165\workspace\CLOCKS\board" -I"C:\Users\fwint\Documents\MCUXpressoIDE_11.8.0_1165\workspace\CLOCKS\source" -I"C:\Users\fwint\Documents\MCUXpressoIDE_11.8.0_1165\workspace\CLOCKS\drivers" -I"C:\Users\fwint\Documents\MCUXpressoIDE_11.8.0_1165\workspace\CLOCKS\device" -I"C:\Users\fwint\Documents\MCUXpressoIDE_11.8.0_1165\workspace\CLOCKS\CMSIS" -I"C:\Users\fwint\Documents\MCUXpressoIDE_11.8.0_1165\workspace\CLOCKS\utilities" -I"C:\Users\fwint\Documents\MCUXpressoIDE_11.8.0_1165\workspace\CLOCKS\component\uart" -I"C:\Users\fwint\Documents\MCUXpressoIDE_11.8.0_1165\workspace\CLOCKS\component\serial_manager" -I"C:\Users\fwint\Documents\MCUXpressoIDE_11.8.0_1165\workspace\CLOCKS\component\lists" -I"C:\Users\fwint\Documents\MCUXpressoIDE_11.8.0_1165\workspace\CLOCKS\startup" -O0 -fno-common -g3 -Wall -c -ffunction-sections -fdata-sections -ffreestanding -fno-builtin -fmerge-constants -fmacro-prefix-map="../drivers/"= -mcpu=cortex-m33 -mfpu=fpv5-sp-d16 -mfloat-abi=hard -mthumb -D__REDLIB__ -fstack-usage -specs=redlib.specs -MMD -MP -MF"drivers/fsl_gpio.d" -MT"drivers/fsl_gpio.o" -MT"drivers/fsl_gpio.d" -o "drivers/fsl_gpio.o" "../drivers/fsl_gpio.c"
Building file: ../drivers/fsl_i2c.c
Invoking: MCU C Compiler
Building file: ../drivers/fsl_power.c
arm-none-eabi-gcc -DCPU_LPC55S69JBD100 -DCPU_LPC55S69JBD100_cm33 -DCPU_LPC55S69JBD100_cm33_core0 -DSDK_OS_BAREMETAL -DSERIAL_PORT_TYPE_UART=1 -DSDK_DEBUGCONSOLE=0 -DCR_INTEGER_PRINTF -DPRINTF_FLOAT_ENABLE=0 -D__MCUXPRESSO -D__USE_CMSIS -DDEBUG -D__REDLIB__ -I"C:\Users\fwint\Documents\MCUXpressoIDE_11.8.0_1165\workspace\CLOCKS\board" -I"C:\Users\fwint\Documents\MCUXpressoIDE_11.8.0_1165\workspace\CLOCKS\source" -I"C:\Users\fwint\Documents\MCUXpressoIDE_11.8.0_1165\workspace\CLOCKS\drivers" -I"C:\Users\fwint\Documents\MCUXpressoIDE_11.8.0_1165\workspace\CLOCKS\device" -I"C:\Users\fwint\Documents\MCUXpressoIDE_11.8.0_1165\workspace\CLOCKS\CMSIS" -I"C:\Users\fwint\Documents\MCUXpressoIDE_11.8.0_1165\workspace\CLOCKS\utilities" -I"C:\Users\fwint\Documents\MCUXpressoIDE_11.8.0_1165\workspace\CLOCKS\component\uart" -I"C:\Users\fwint\Documents\MCUXpressoIDE_11.8.0_1165\workspace\CLOCKS\component\serial_manager" -I"C:\Users\fwint\Documents\MCUXpressoIDE_11.8.0_1165\workspace\CLOCKS\component\lists" -I"C:\Users\fwint\Documents\MCUXpressoIDE_11.8.0_1165\workspace\CLOCKS\startup" -O0 -fno-common -g3 -Wall -c -ffunction-sections -fdata-sections -ffreestanding -fno-builtin -fmerge-constants -fmacro-prefix-map="../drivers/"= -mcpu=cortex-m33 -mfpu=fpv5-sp-d16 -mfloat-abi=hard -mthumb -D__REDLIB__ -fstack-usage -specs=redlib.specs -MMD -MP -MF"drivers/fsl_i2c.d" -MT"drivers/fsl_i2c.o" -MT"drivers/fsl_i2c.d" -o "drivers/fsl_i2c.o" "../drivers/fsl_i2c.c"
Building file: ../drivers/fsl_reset.c
Finished building: ../drivers/fsl_clock.c
Invoking: MCU C Compiler
arm-none-eabi-gcc -DCPU_LPC55S69JBD100 -DCPU_LPC55S69JBD100_cm33 -DCPU_LPC55S69JBD100_cm33_core0 -DSDK_OS_BAREMETAL -DSERIAL_PORT_TYPE_UART=1 -DSDK_DEBUGCONSOLE=0 -DCR_INTEGER_PRINTF -DPRINTF_FLOAT_ENABLE=0 -D__MCUXPRESSO -D__USE_CMSIS -DDEBUG -D__REDLIB__ -I"C:\Users\fwint\Documents\MCUXpressoIDE_11.8.0_1165\workspace\CLOCKS\board" -I"C:\Users\fwint\Documents\MCUXpressoIDE_11.8.0_1165\workspace\CLOCKS\source" -I"C:\Users\fwint\Documents\MCUXpressoIDE_11.8.0_1165\workspace\CLOCKS\drivers" -I"C:\Users\fwint\Documents\MCUXpressoIDE_11.8.0_1165\workspace\CLOCKS\device" -I"C:\Users\fwint\Documents\MCUXpressoIDE_11.8.0_1165\workspace\CLOCKS\CMSIS" -I"C:\Users\fwint\Documents\MCUXpressoIDE_11.8.0_1165\workspace\CLOCKS\utilities" -I"C:\Users\fwint\Documents\MCUXpressoIDE_11.8.0_1165\workspace\CLOCKS\component\uart" -I"C:\Users\fwint\Documents\MCUXpressoIDE_11.8.0_1165\workspace\CLOCKS\component\serial_manager" -I"C:\Users\fwint\Documents\MCUXpressoIDE_11.8.0_1165\workspace\CLOCKS\component\lists" -I"C:\Users\fwint\Documents\MCUXpressoIDE_11.8.0_1165\workspace\CLOCKS\startup" -O0 -fno-common -g3 -Wall -c -ffunction-sections -fdata-sections -ffreestanding -fno-builtin -fmerge-constants -fmacro-prefix-map="../drivers/"= -mcpu=cortex-m33 -mfpu=fpv5-sp-d16 -mfloat-abi=hard -mthumb -D__REDLIB__ -fstack-usage -specs=redlib.specs -MMD -MP -MF"drivers/fsl_power.d" -MT"drivers/fsl_power.o" -MT"drivers/fsl_power.d" -o "drivers/fsl_power.o" "../drivers/fsl_power.c"
Invoking: MCU C Compiler
 
arm-none-eabi-gcc -DCPU_LPC55S69JBD100 -DCPU_LPC55S69JBD100_cm33 -DCPU_LPC55S69JBD100_cm33_core0 -DSDK_OS_BAREMETAL -DSERIAL_PORT_TYPE_UART=1 -DSDK_DEBUGCONSOLE=0 -DCR_INTEGER_PRINTF -DPRINTF_FLOAT_ENABLE=0 -D__MCUXPRESSO -D__USE_CMSIS -DDEBUG -D__REDLIB__ -I"C:\Users\fwint\Documents\MCUXpressoIDE_11.8.0_1165\workspace\CLOCKS\board" -I"C:\Users\fwint\Documents\MCUXpressoIDE_11.8.0_1165\workspace\CLOCKS\source" -I"C:\Users\fwint\Documents\MCUXpressoIDE_11.8.0_1165\workspace\CLOCKS\drivers" -I"C:\Users\fwint\Documents\MCUXpressoIDE_11.8.0_1165\workspace\CLOCKS\device" -I"C:\Users\fwint\Documents\MCUXpressoIDE_11.8.0_1165\workspace\CLOCKS\CMSIS" -I"C:\Users\fwint\Documents\MCUXpressoIDE_11.8.0_1165\workspace\CLOCKS\utilities" -I"C:\Users\fwint\Documents\MCUXpressoIDE_11.8.0_1165\workspace\CLOCKS\component\uart" -I"C:\Users\fwint\Documents\MCUXpressoIDE_11.8.0_1165\workspace\CLOCKS\component\serial_manager" -I"C:\Users\fwint\Documents\MCUXpressoIDE_11.8.0_1165\workspace\CLOCKS\component\lists" -I"C:\Users\fwint\Documents\MCUXpressoIDE_11.8.0_1165\workspace\CLOCKS\startup" -O0 -fno-common -g3 -Wall -c -ffunction-sections -fdata-sections -ffreestanding -fno-builtin -fmerge-constants -fmacro-prefix-map="../drivers/"= -mcpu=cortex-m33 -mfpu=fpv5-sp-d16 -mfloat-abi=hard -mthumb -D__REDLIB__ -fstack-usage -specs=redlib.specs -MMD -MP -MF"drivers/fsl_reset.d" -MT"drivers/fsl_reset.o" -MT"drivers/fsl_reset.d" -o "drivers/fsl_reset.o" "../drivers/fsl_reset.c"
Building file: ../drivers/fsl_spi.c
Invoking: MCU C Compiler
arm-none-eabi-gcc -DCPU_LPC55S69JBD100 -DCPU_LPC55S69JBD100_cm33 -DCPU_LPC55S69JBD100_cm33_core0 -DSDK_OS_BAREMETAL -DSERIAL_PORT_TYPE_UART=1 -DSDK_DEBUGCONSOLE=0 -DCR_INTEGER_PRINTF -DPRINTF_FLOAT_ENABLE=0 -D__MCUXPRESSO -D__USE_CMSIS -DDEBUG -D__REDLIB__ -I"C:\Users\fwint\Documents\MCUXpressoIDE_11.8.0_1165\workspace\CLOCKS\board" -I"C:\Users\fwint\Documents\MCUXpressoIDE_11.8.0_1165\workspace\CLOCKS\source" -I"C:\Users\fwint\Documents\MCUXpressoIDE_11.8.0_1165\workspace\CLOCKS\drivers" -I"C:\Users\fwint\Documents\MCUXpressoIDE_11.8.0_1165\workspace\CLOCKS\device" -I"C:\Users\fwint\Documents\MCUXpressoIDE_11.8.0_1165\workspace\CLOCKS\CMSIS" -I"C:\Users\fwint\Documents\MCUXpressoIDE_11.8.0_1165\workspace\CLOCKS\utilities" -I"C:\Users\fwint\Documents\MCUXpressoIDE_11.8.0_1165\workspace\CLOCKS\component\uart" -I"C:\Users\fwint\Documents\MCUXpressoIDE_11.8.0_1165\workspace\CLOCKS\component\serial_manager" -I"C:\Users\fwint\Documents\MCUXpressoIDE_11.8.0_1165\workspace\CLOCKS\component\lists" -I"C:\Users\fwint\Documents\MCUXpressoIDE_11.8.0_1165\workspace\CLOCKS\startup" -O0 -fno-common -g3 -Wall -c -ffunction-sections -fdata-sections -ffreestanding -fno-builtin -fmerge-constants -fmacro-prefix-map="../drivers/"= -mcpu=cortex-m33 -mfpu=fpv5-sp-d16 -mfloat-abi=hard -mthumb -D__REDLIB__ -fstack-usage -specs=redlib.specs -MMD -MP -MF"drivers/fsl_spi.d" -MT"drivers/fsl_spi.o" -MT"drivers/fsl_spi.d" -o "drivers/fsl_spi.o" "../drivers/fsl_spi.c"
Finished building: ../drivers/fsl_flexcomm.c
Finished building: ../drivers/fsl_common.c
Finished building: ../drivers/fsl_common_arm.c
 
 
 
Building file: ../drivers/fsl_usart.c
Building file: ../device/system_LPC55S69_cm33_core0.c
Building file: ../component/uart/fsl_adapter_usart.c
Finished building: ../drivers/fsl_gpio.c
Finished building: ../drivers/fsl_reset.c
Invoking: MCU C Compiler
Invoking: MCU C Compiler
Invoking: MCU C Compiler
 
arm-none-eabi-gcc -DCPU_LPC55S69JBD100 -DCPU_LPC55S69JBD100_cm33 -DCPU_LPC55S69JBD100_cm33_core0 -DSDK_OS_BAREMETAL -DSERIAL_PORT_TYPE_UART=1 -DSDK_DEBUGCONSOLE=0 -DCR_INTEGER_PRINTF -DPRINTF_FLOAT_ENABLE=0 -D__MCUXPRESSO -D__USE_CMSIS -DDEBUG -D__REDLIB__ -I"C:\Users\fwint\Documents\MCUXpressoIDE_11.8.0_1165\workspace\CLOCKS\board" -I"C:\Users\fwint\Documents\MCUXpressoIDE_11.8.0_1165\workspace\CLOCKS\source" -I"C:\Users\fwint\Documents\MCUXpressoIDE_11.8.0_1165\workspace\CLOCKS\drivers" -I"C:\Users\fwint\Documents\MCUXpressoIDE_11.8.0_1165\workspace\CLOCKS\device" -I"C:\Users\fwint\Documents\MCUXpressoIDE_11.8.0_1165\workspace\CLOCKS\CMSIS" -I"C:\Users\fwint\Documents\MCUXpressoIDE_11.8.0_1165\workspace\CLOCKS\utilities" -I"C:\Users\fwint\Documents\MCUXpressoIDE_11.8.0_1165\workspace\CLOCKS\component\uart" -I"C:\Users\fwint\Documents\MCUXpressoIDE_11.8.0_1165\workspace\CLOCKS\component\serial_manager" -I"C:\Users\fwint\Documents\MCUXpressoIDE_11.8.0_1165\workspace\CLOCKS\component\lists" -I"C:\Users\fwint\Documents\MCUXpressoIDE_11.8.0_1165\workspace\CLOCKS\startup" -O0 -fno-common -g3 -Wall -c -ffunction-sections -fdata-sections -ffreestanding -fno-builtin -fmerge-constants -fmacro-prefix-map="../drivers/"= -mcpu=cortex-m33 -mfpu=fpv5-sp-d16 -mfloat-abi=hard -mthumb -D__REDLIB__ -fstack-usage -specs=redlib.specs -MMD -MP -MF"drivers/fsl_usart.d" -MT"drivers/fsl_usart.o" -MT"drivers/fsl_usart.d" -o "drivers/fsl_usart.o" "../drivers/fsl_usart.c"
 
arm-none-eabi-gcc -DCPU_LPC55S69JBD100 -DCPU_LPC55S69JBD100_cm33 -DCPU_LPC55S69JBD100_cm33_core0 -DSDK_OS_BAREMETAL -DSERIAL_PORT_TYPE_UART=1 -DSDK_DEBUGCONSOLE=0 -DCR_INTEGER_PRINTF -DPRINTF_FLOAT_ENABLE=0 -D__MCUXPRESSO -D__USE_CMSIS -DDEBUG -D__REDLIB__ -I"C:\Users\fwint\Documents\MCUXpressoIDE_11.8.0_1165\workspace\CLOCKS\board" -I"C:\Users\fwint\Documents\MCUXpressoIDE_11.8.0_1165\workspace\CLOCKS\source" -I"C:\Users\fwint\Documents\MCUXpressoIDE_11.8.0_1165\workspace\CLOCKS\drivers" -I"C:\Users\fwint\Documents\MCUXpressoIDE_11.8.0_1165\workspace\CLOCKS\device" -I"C:\Users\fwint\Documents\MCUXpressoIDE_11.8.0_1165\workspace\CLOCKS\CMSIS" -I"C:\Users\fwint\Documents\MCUXpressoIDE_11.8.0_1165\workspace\CLOCKS\utilities" -I"C:\Users\fwint\Documents\MCUXpressoIDE_11.8.0_1165\workspace\CLOCKS\component\uart" -I"C:\Users\fwint\Documents\MCUXpressoIDE_11.8.0_1165\workspace\CLOCKS\component\serial_manager" -I"C:\Users\fwint\Documents\MCUXpressoIDE_11.8.0_1165\workspace\CLOCKS\component\lists" -I"C:\Users\fwint\Documents\MCUXpressoIDE_11.8.0_1165\workspace\CLOCKS\startup" -O0 -fno-common -g3 -Wall -c -ffunction-sections -fdata-sections -ffreestanding -fno-builtin -fmerge-constants -fmacro-prefix-map="../device/"= -mcpu=cortex-m33 -mfpu=fpv5-sp-d16 -mfloat-abi=hard -mthumb -D__REDLIB__ -fstack-usage -specs=redlib.specs -MMD -MP -MF"device/system_LPC55S69_cm33_core0.d" -MT"device/system_LPC55S69_cm33_core0.o" -MT"device/system_LPC55S69_cm33_core0.d" -o "device/system_LPC55S69_cm33_core0.o" "../device/system_LPC55S69_cm33_core0.c"
arm-none-eabi-gcc -DCPU_LPC55S69JBD100 -DCPU_LPC55S69JBD100_cm33 -DCPU_LPC55S69JBD100_cm33_core0 -DSDK_OS_BAREMETAL -DSERIAL_PORT_TYPE_UART=1 -DSDK_DEBUGCONSOLE=0 -DCR_INTEGER_PRINTF -DPRINTF_FLOAT_ENABLE=0 -D__MCUXPRESSO -D__USE_CMSIS -DDEBUG -D__REDLIB__ -I"C:\Users\fwint\Documents\MCUXpressoIDE_11.8.0_1165\workspace\CLOCKS\board" -I"C:\Users\fwint\Documents\MCUXpressoIDE_11.8.0_1165\workspace\CLOCKS\source" -I"C:\Users\fwint\Documents\MCUXpressoIDE_11.8.0_1165\workspace\CLOCKS\drivers" -I"C:\Users\fwint\Documents\MCUXpressoIDE_11.8.0_1165\workspace\CLOCKS\device" -I"C:\Users\fwint\Documents\MCUXpressoIDE_11.8.0_1165\workspace\CLOCKS\CMSIS" -I"C:\Users\fwint\Documents\MCUXpressoIDE_11.8.0_1165\workspace\CLOCKS\utilities" -I"C:\Users\fwint\Documents\MCUXpressoIDE_11.8.0_1165\workspace\CLOCKS\component\uart" -I"C:\Users\fwint\Documents\MCUXpressoIDE_11.8.0_1165\workspace\CLOCKS\component\serial_manager" -I"C:\Users\fwint\Documents\MCUXpressoIDE_11.8.0_1165\workspace\CLOCKS\component\lists" -I"C:\Users\fwint\Documents\MCUXpressoIDE_11.8.0_1165\workspace\CLOCKS\startup" -O0 -fno-common -g3 -Wall -c -ffunction-sections -fdata-sections -ffreestanding -fno-builtin -fmerge-constants -fmacro-prefix-map="../component/uart/"= -mcpu=cortex-m33 -mfpu=fpv5-sp-d16 -mfloat-abi=hard -mthumb -D__REDLIB__ -fstack-usage -specs=redlib.specs -MMD -MP -MF"component/uart/fsl_adapter_usart.d" -MT"component/uart/fsl_adapter_usart.o" -MT"component/uart/fsl_adapter_usart.d" -o "component/uart/fsl_adapter_usart.o" "../component/uart/fsl_adapter_usart.c"
Finished building: ../drivers/fsl_power.c
Building file: ../component/serial_manager/fsl_component_serial_manager.c
 
Invoking: MCU C Compiler
Finished building: ../drivers/fsl_i2c.c
arm-none-eabi-gcc -DCPU_LPC55S69JBD100 -DCPU_LPC55S69JBD100_cm33 -DCPU_LPC55S69JBD100_cm33_core0 -DSDK_OS_BAREMETAL -DSERIAL_PORT_TYPE_UART=1 -DSDK_DEBUGCONSOLE=0 -DCR_INTEGER_PRINTF -DPRINTF_FLOAT_ENABLE=0 -D__MCUXPRESSO -D__USE_CMSIS -DDEBUG -D__REDLIB__ -I"C:\Users\fwint\Documents\MCUXpressoIDE_11.8.0_1165\workspace\CLOCKS\board" -I"C:\Users\fwint\Documents\MCUXpressoIDE_11.8.0_1165\workspace\CLOCKS\source" -I"C:\Users\fwint\Documents\MCUXpressoIDE_11.8.0_1165\workspace\CLOCKS\drivers" -I"C:\Users\fwint\Documents\MCUXpressoIDE_11.8.0_1165\workspace\CLOCKS\device" -I"C:\Users\fwint\Documents\MCUXpressoIDE_11.8.0_1165\workspace\CLOCKS\CMSIS" -I"C:\Users\fwint\Documents\MCUXpressoIDE_11.8.0_1165\workspace\CLOCKS\utilities" -I"C:\Users\fwint\Documents\MCUXpressoIDE_11.8.0_1165\workspace\CLOCKS\component\uart" -I"C:\Users\fwint\Documents\MCUXpressoIDE_11.8.0_1165\workspace\CLOCKS\component\serial_manager" -I"C:\Users\fwint\Documents\MCUXpressoIDE_11.8.0_1165\workspace\CLOCKS\component\lists" -I"C:\Users\fwint\Documents\MCUXpressoIDE_11.8.0_1165\workspace\CLOCKS\startup" -O0 -fno-common -g3 -Wall -c -ffunction-sections -fdata-sections -ffreestanding -fno-builtin -fmerge-constants -fmacro-prefix-map="../component/serial_manager/"= -mcpu=cortex-m33 -mfpu=fpv5-sp-d16 -mfloat-abi=hard -mthumb -D__REDLIB__ -fstack-usage -specs=redlib.specs -MMD -MP -MF"component/serial_manager/fsl_component_serial_manager.d" -MT"component/serial_manager/fsl_component_serial_manager.o" -MT"component/serial_manager/fsl_component_serial_manager.d" -o "component/serial_manager/fsl_component_serial_manager.o" "../component/serial_manager/fsl_component_serial_manager.c"
Finished building: ../drivers/fsl_spi.c
 
 
Building file: ../component/serial_manager/fsl_component_serial_port_uart.c
Building file: ../component/lists/fsl_component_generic_list.c
Invoking: MCU C Compiler
Building file: ../board/board.c
arm-none-eabi-gcc -DCPU_LPC55S69JBD100 -DCPU_LPC55S69JBD100_cm33 -DCPU_LPC55S69JBD100_cm33_core0 -DSDK_OS_BAREMETAL -DSERIAL_PORT_TYPE_UART=1 -DSDK_DEBUGCONSOLE=0 -DCR_INTEGER_PRINTF -DPRINTF_FLOAT_ENABLE=0 -D__MCUXPRESSO -D__USE_CMSIS -DDEBUG -D__REDLIB__ -I"C:\Users\fwint\Documents\MCUXpressoIDE_11.8.0_1165\workspace\CLOCKS\board" -I"C:\Users\fwint\Documents\MCUXpressoIDE_11.8.0_1165\workspace\CLOCKS\source" -I"C:\Users\fwint\Documents\MCUXpressoIDE_11.8.0_1165\workspace\CLOCKS\drivers" -I"C:\Users\fwint\Documents\MCUXpressoIDE_11.8.0_1165\workspace\CLOCKS\device" -I"C:\Users\fwint\Documents\MCUXpressoIDE_11.8.0_1165\workspace\CLOCKS\CMSIS" -I"C:\Users\fwint\Documents\MCUXpressoIDE_11.8.0_1165\workspace\CLOCKS\utilities" -I"C:\Users\fwint\Documents\MCUXpressoIDE_11.8.0_1165\workspace\CLOCKS\component\uart" -I"C:\Users\fwint\Documents\MCUXpressoIDE_11.8.0_1165\workspace\CLOCKS\component\serial_manager" -I"C:\Users\fwint\Documents\MCUXpressoIDE_11.8.0_1165\workspace\CLOCKS\component\lists" -I"C:\Users\fwint\Documents\MCUXpressoIDE_11.8.0_1165\workspace\CLOCKS\startup" -O0 -fno-common -g3 -Wall -c -ffunction-sections -fdata-sections -ffreestanding -fno-builtin -fmerge-constants -fmacro-prefix-map="../component/serial_manager/"= -mcpu=cortex-m33 -mfpu=fpv5-sp-d16 -mfloat-abi=hard -mthumb -D__REDLIB__ -fstack-usage -specs=redlib.specs -MMD -MP -MF"component/serial_manager/fsl_component_serial_port_uart.d" -MT"component/serial_manager/fsl_component_serial_port_uart.o" -MT"component/serial_manager/fsl_component_serial_port_uart.d" -o "component/serial_manager/fsl_component_serial_port_uart.o" "../component/serial_manager/fsl_component_serial_port_uart.c"
Invoking: MCU C Compiler
arm-none-eabi-gcc -DCPU_LPC55S69JBD100 -DCPU_LPC55S69JBD100_cm33 -DCPU_LPC55S69JBD100_cm33_core0 -DSDK_OS_BAREMETAL -DSERIAL_PORT_TYPE_UART=1 -DSDK_DEBUGCONSOLE=0 -DCR_INTEGER_PRINTF -DPRINTF_FLOAT_ENABLE=0 -D__MCUXPRESSO -D__USE_CMSIS -DDEBUG -D__REDLIB__ -I"C:\Users\fwint\Documents\MCUXpressoIDE_11.8.0_1165\workspace\CLOCKS\board" -I"C:\Users\fwint\Documents\MCUXpressoIDE_11.8.0_1165\workspace\CLOCKS\source" -I"C:\Users\fwint\Documents\MCUXpressoIDE_11.8.0_1165\workspace\CLOCKS\drivers" -I"C:\Users\fwint\Documents\MCUXpressoIDE_11.8.0_1165\workspace\CLOCKS\device" -I"C:\Users\fwint\Documents\MCUXpressoIDE_11.8.0_1165\workspace\CLOCKS\CMSIS" -I"C:\Users\fwint\Documents\MCUXpressoIDE_11.8.0_1165\workspace\CLOCKS\utilities" -I"C:\Users\fwint\Documents\MCUXpressoIDE_11.8.0_1165\workspace\CLOCKS\component\uart" -I"C:\Users\fwint\Documents\MCUXpressoIDE_11.8.0_1165\workspace\CLOCKS\component\serial_manager" -I"C:\Users\fwint\Documents\MCUXpressoIDE_11.8.0_1165\workspace\CLOCKS\component\lists" -I"C:\Users\fwint\Documents\MCUXpressoIDE_11.8.0_1165\workspace\CLOCKS\startup" -O0 -fno-common -g3 -Wall -c -ffunction-sections -fdata-sections -ffreestanding -fno-builtin -fmerge-constants -fmacro-prefix-map="../component/lists/"= -mcpu=cortex-m33 -mfpu=fpv5-sp-d16 -mfloat-abi=hard -mthumb -D__REDLIB__ -fstack-usage -specs=redlib.specs -MMD -MP -MF"component/lists/fsl_component_generic_list.d" -MT"component/lists/fsl_component_generic_list.o" -MT"component/lists/fsl_component_generic_list.d" -o "component/lists/fsl_component_generic_list.o" "../component/lists/fsl_component_generic_list.c"
Invoking: MCU C Compiler
arm-none-eabi-gcc -DCPU_LPC55S69JBD100 -DCPU_LPC55S69JBD100_cm33 -DCPU_LPC55S69JBD100_cm33_core0 -DSDK_OS_BAREMETAL -DSERIAL_PORT_TYPE_UART=1 -DSDK_DEBUGCONSOLE=0 -DCR_INTEGER_PRINTF -DPRINTF_FLOAT_ENABLE=0 -D__MCUXPRESSO -D__USE_CMSIS -DDEBUG -D__REDLIB__ -I"C:\Users\fwint\Documents\MCUXpressoIDE_11.8.0_1165\workspace\CLOCKS\board" -I"C:\Users\fwint\Documents\MCUXpressoIDE_11.8.0_1165\workspace\CLOCKS\source" -I"C:\Users\fwint\Documents\MCUXpressoIDE_11.8.0_1165\workspace\CLOCKS\drivers" -I"C:\Users\fwint\Documents\MCUXpressoIDE_11.8.0_1165\workspace\CLOCKS\device" -I"C:\Users\fwint\Documents\MCUXpressoIDE_11.8.0_1165\workspace\CLOCKS\CMSIS" -I"C:\Users\fwint\Documents\MCUXpressoIDE_11.8.0_1165\workspace\CLOCKS\utilities" -I"C:\Users\fwint\Documents\MCUXpressoIDE_11.8.0_1165\workspace\CLOCKS\component\uart" -I"C:\Users\fwint\Documents\MCUXpressoIDE_11.8.0_1165\workspace\CLOCKS\component\serial_manager" -I"C:\Users\fwint\Documents\MCUXpressoIDE_11.8.0_1165\workspace\CLOCKS\component\lists" -I"C:\Users\fwint\Documents\MCUXpressoIDE_11.8.0_1165\workspace\CLOCKS\startup" -O0 -fno-common -g3 -Wall -c -ffunction-sections -fdata-sections -ffreestanding -fno-builtin -fmerge-constants -fmacro-prefix-map="../board/"= -mcpu=cortex-m33 -mfpu=fpv5-sp-d16 -mfloat-abi=hard -mthumb -D__REDLIB__ -fstack-usage -specs=redlib.specs -MMD -MP -MF"board/board.d" -MT"board/board.o" -MT"board/board.d" -o "board/board.o" "../board/board.c"
Building file: ../board/clock_config.c
Invoking: MCU C Compiler
arm-none-eabi-gcc -DCPU_LPC55S69JBD100 -DCPU_LPC55S69JBD100_cm33 -DCPU_LPC55S69JBD100_cm33_core0 -DSDK_OS_BAREMETAL -DSERIAL_PORT_TYPE_UART=1 -DSDK_DEBUGCONSOLE=0 -DCR_INTEGER_PRINTF -DPRINTF_FLOAT_ENABLE=0 -D__MCUXPRESSO -D__USE_CMSIS -DDEBUG -D__REDLIB__ -I"C:\Users\fwint\Documents\MCUXpressoIDE_11.8.0_1165\workspace\CLOCKS\board" -I"C:\Users\fwint\Documents\MCUXpressoIDE_11.8.0_1165\workspace\CLOCKS\source" -I"C:\Users\fwint\Documents\MCUXpressoIDE_11.8.0_1165\workspace\CLOCKS\drivers" -I"C:\Users\fwint\Documents\MCUXpressoIDE_11.8.0_1165\workspace\CLOCKS\device" -I"C:\Users\fwint\Documents\MCUXpressoIDE_11.8.0_1165\workspace\CLOCKS\CMSIS" -I"C:\Users\fwint\Documents\MCUXpressoIDE_11.8.0_1165\workspace\CLOCKS\utilities" -I"C:\Users\fwint\Documents\MCUXpressoIDE_11.8.0_1165\workspace\CLOCKS\component\uart" -I"C:\Users\fwint\Documents\MCUXpressoIDE_11.8.0_1165\workspace\CLOCKS\component\serial_manager" -I"C:\Users\fwint\Documents\MCUXpressoIDE_11.8.0_1165\workspace\CLOCKS\component\lists" -I"C:\Users\fwint\Documents\MCUXpressoIDE_11.8.0_1165\workspace\CLOCKS\startup" -O0 -fno-common -g3 -Wall -c -ffunction-sections -fdata-sections -ffreestanding -fno-builtin -fmerge-constants -fmacro-prefix-map="../board/"= -mcpu=cortex-m33 -mfpu=fpv5-sp-d16 -mfloat-abi=hard -mthumb -D__REDLIB__ -fstack-usage -specs=redlib.specs -MMD -MP -MF"board/clock_config.d" -MT"board/clock_config.o" -MT"board/clock_config.d" -o "board/clock_config.o" "../board/clock_config.c"
Finished building: ../component/uart/fsl_adapter_usart.c
Finished building: ../drivers/fsl_usart.c
Finished building: ../device/system_LPC55S69_cm33_core0.c
 
 
 
Building file: ../board/peripherals.c
Finished building: ../component/serial_manager/fsl_component_serial_manager.c
Invoking: MCU C Compiler
 
arm-none-eabi-gcc -DCPU_LPC55S69JBD100 -DCPU_LPC55S69JBD100_cm33 -DCPU_LPC55S69JBD100_cm33_core0 -DSDK_OS_BAREMETAL -DSERIAL_PORT_TYPE_UART=1 -DSDK_DEBUGCONSOLE=0 -DCR_INTEGER_PRINTF -DPRINTF_FLOAT_ENABLE=0 -D__MCUXPRESSO -D__USE_CMSIS -DDEBUG -D__REDLIB__ -I"C:\Users\fwint\Documents\MCUXpressoIDE_11.8.0_1165\workspace\CLOCKS\board" -I"C:\Users\fwint\Documents\MCUXpressoIDE_11.8.0_1165\workspace\CLOCKS\source" -I"C:\Users\fwint\Documents\MCUXpressoIDE_11.8.0_1165\workspace\CLOCKS\drivers" -I"C:\Users\fwint\Documents\MCUXpressoIDE_11.8.0_1165\workspace\CLOCKS\device" -I"C:\Users\fwint\Documents\MCUXpressoIDE_11.8.0_1165\workspace\CLOCKS\CMSIS" -I"C:\Users\fwint\Documents\MCUXpressoIDE_11.8.0_1165\workspace\CLOCKS\utilities" -I"C:\Users\fwint\Documents\MCUXpressoIDE_11.8.0_1165\workspace\CLOCKS\component\uart" -I"C:\Users\fwint\Documents\MCUXpressoIDE_11.8.0_1165\workspace\CLOCKS\component\serial_manager" -I"C:\Users\fwint\Documents\MCUXpressoIDE_11.8.0_1165\workspace\CLOCKS\component\lists" -I"C:\Users\fwint\Documents\MCUXpressoIDE_11.8.0_1165\workspace\CLOCKS\startup" -O0 -fno-common -g3 -Wall -c -ffunction-sections -fdata-sections -ffreestanding -fno-builtin -fmerge-constants -fmacro-prefix-map="../board/"= -mcpu=cortex-m33 -mfpu=fpv5-sp-d16 -mfloat-abi=hard -mthumb -D__REDLIB__ -fstack-usage -specs=redlib.specs -MMD -MP -MF"board/peripherals.d" -MT"board/peripherals.o" -MT"board/peripherals.d" -o "board/peripherals.o" "../board/peripherals.c"
Building file: ../board/pin_mux.c
Finished building: ../component/serial_manager/fsl_component_serial_port_uart.c
Invoking: MCU C Compiler
Finished building: ../board/board.c
arm-none-eabi-gcc -DCPU_LPC55S69JBD100 -DCPU_LPC55S69JBD100_cm33 -DCPU_LPC55S69JBD100_cm33_core0 -DSDK_OS_BAREMETAL -DSERIAL_PORT_TYPE_UART=1 -DSDK_DEBUGCONSOLE=0 -DCR_INTEGER_PRINTF -DPRINTF_FLOAT_ENABLE=0 -D__MCUXPRESSO -D__USE_CMSIS -DDEBUG -D__REDLIB__ -I"C:\Users\fwint\Documents\MCUXpressoIDE_11.8.0_1165\workspace\CLOCKS\board" -I"C:\Users\fwint\Documents\MCUXpressoIDE_11.8.0_1165\workspace\CLOCKS\source" -I"C:\Users\fwint\Documents\MCUXpressoIDE_11.8.0_1165\workspace\CLOCKS\drivers" -I"C:\Users\fwint\Documents\MCUXpressoIDE_11.8.0_1165\workspace\CLOCKS\device" -I"C:\Users\fwint\Documents\MCUXpressoIDE_11.8.0_1165\workspace\CLOCKS\CMSIS" -I"C:\Users\fwint\Documents\MCUXpressoIDE_11.8.0_1165\workspace\CLOCKS\utilities" -I"C:\Users\fwint\Documents\MCUXpressoIDE_11.8.0_1165\workspace\CLOCKS\component\uart" -I"C:\Users\fwint\Documents\MCUXpressoIDE_11.8.0_1165\workspace\CLOCKS\component\serial_manager" -I"C:\Users\fwint\Documents\MCUXpressoIDE_11.8.0_1165\workspace\CLOCKS\component\lists" -I"C:\Users\fwint\Documents\MCUXpressoIDE_11.8.0_1165\workspace\CLOCKS\startup" -O0 -fno-common -g3 -Wall -c -ffunction-sections -fdata-sections -ffreestanding -fno-builtin -fmerge-constants -fmacro-prefix-map="../board/"= -mcpu=cortex-m33 -mfpu=fpv5-sp-d16 -mfloat-abi=hard -mthumb -D__REDLIB__ -fstack-usage -specs=redlib.specs -MMD -MP -MF"board/pin_mux.d" -MT"board/pin_mux.o" -MT"board/pin_mux.d" -o "board/pin_mux.o" "../board/pin_mux.c"
 
Finished building: ../component/lists/fsl_component_generic_list.c
 
 
Finished building: ../board/clock_config.c
 
Finished building: ../board/peripherals.c
 
Finished building: ../board/pin_mux.c
 
Building target: CLOCKS.axf
Invoking: MCU Linker
arm-none-eabi-gcc -nostdlib -Xlinker -Map="CLOCKS.map" -Xlinker --gc-sections -Xlinker -print-memory-usage -Xlinker --sort-section=alignment -Xlinker --cref -mcpu=cortex-m33 -mfpu=fpv5-sp-d16 -mfloat-abi=hard -mthumb -T CLOCKS_Debug.ld -o "CLOCKS.axf" ./utilities/fsl_assert.o ./utilities/fsl_debug_console.o ./utilities/fsl_str.o  ./startup/boot_multicore_slave.o ./startup/startup_lpc55s69_cm33_core0.o  ./source/CLOCKS.o ./source/semihost_hardfault.o  ./drivers/fsl_clock.o ./drivers/fsl_common.o ./drivers/fsl_common_arm.o ./drivers/fsl_flexcomm.o ./drivers/fsl_gpio.o ./drivers/fsl_i2c.o ./drivers/fsl_power.o ./drivers/fsl_reset.o ./drivers/fsl_spi.o ./drivers/fsl_usart.o  ./device/system_LPC55S69_cm33_core0.o  ./component/uart/fsl_adapter_usart.o  ./component/serial_manager/fsl_component_serial_manager.o ./component/serial_manager/fsl_component_serial_port_uart.o  ./component/lists/fsl_component_generic_list.o  ./board/board.o ./board/clock_config.o ./board/peripherals.o ./board/pin_mux.o   
Memory region         Used Size  Region Size  %age Used
   PROGRAM_FLASH:       10392 B       630 KB      1.61%
            SRAM:        8464 B       256 KB      3.23%
           SRAMX:          0 GB        32 KB      0.00%
         USB_RAM:          0 GB        16 KB      0.00%
           SRAM4:          0 GB        16 KB      0.00%
Finished building target: CLOCKS.axf
 
Performing post-build steps
arm-none-eabi-size "CLOCKS.axf"; # arm-none-eabi-objcopy -v -O binary "CLOCKS.axf" "CLOCKS.bin" ; # checksum -p LPC55S69 -d "CLOCKS.bin";
   text	   data	    bss	    dec	    hex	filename
  10388	      4	   8460	  18852	   49a4	CLOCKS.axf
 
09:03:10 **** Incremental Build of configuration Debug for project CLOCKS ****
make -r -j8 all 
make[1]: Nothing to be done for 'main-build'.
Performing post-build steps
arm-none-eabi-size "CLOCKS.axf"; # arm-none-eabi-objcopy -v -O binary "CLOCKS.axf" "CLOCKS.bin" ; # checksum -p LPC55S69 -d "CLOCKS.bin";
   text	   data	    bss	    dec	    hex	filename
  10388	      4	   8460	  18852	   49a4	CLOCKS.axf
 
09:06:32 **** Build of configuration Debug for project Lab05 ****
make -r -j8 all 
Building file: ../utilities/fsl_assert.c
Building file: ../utilities/fsl_debug_console.c
Building file: ../utilities/fsl_str.c
Invoking: MCU C Compiler
Invoking: MCU C Compiler
arm-none-eabi-gcc -D__REDLIB__ -DCPU_LPC55S69JBD100 -DCPU_LPC55S69JBD100_cm33 -DCPU_LPC55S69JBD100_cm33_core0 -DSDK_OS_BAREMETAL -DSERIAL_PORT_TYPE_UART=1 -DSDK_DEBUGCONSOLE=0 -DCR_INTEGER_PRINTF -DPRINTF_FLOAT_ENABLE=0 -D__MCUXPRESSO -D__USE_CMSIS -DDEBUG -I"C:\Users\fwint\Documents\MCUXpressoIDE_11.8.0_1165\workspace\Lab05\board" -I"C:\Users\fwint\Documents\MCUXpressoIDE_11.8.0_1165\workspace\Lab05\source" -I"C:\Users\fwint\Documents\MCUXpressoIDE_11.8.0_1165\workspace\Lab05\drivers" -I"C:\Users\fwint\Documents\MCUXpressoIDE_11.8.0_1165\workspace\Lab05\device" -I"C:\Users\fwint\Documents\MCUXpressoIDE_11.8.0_1165\workspace\Lab05\CMSIS" -I"C:\Users\fwint\Documents\MCUXpressoIDE_11.8.0_1165\workspace\Lab05\utilities" -I"C:\Users\fwint\Documents\MCUXpressoIDE_11.8.0_1165\workspace\Lab05\component\uart" -I"C:\Users\fwint\Documents\MCUXpressoIDE_11.8.0_1165\workspace\Lab05\component\serial_manager" -I"C:\Users\fwint\Documents\MCUXpressoIDE_11.8.0_1165\workspace\Lab05\component\lists" -I"C:\Users\fwint\Documents\MCUXpressoIDE_11.8.0_1165\workspace\Lab05\startup" -O0 -fno-common -g3 -Wall -c -ffunction-sections -fdata-sections -ffreestanding -fno-builtin -fmerge-constants -fmacro-prefix-map="../utilities/"= -mcpu=cortex-m33 -mfpu=fpv5-sp-d16 -mfloat-abi=hard -mthumb -D__REDLIB__ -fstack-usage -specs=redlib.specs -MMD -MP -MF"utilities/fsl_assert.d" -MT"utilities/fsl_assert.o" -MT"utilities/fsl_assert.d" -o "utilities/fsl_assert.o" "../utilities/fsl_assert.c"
Invoking: MCU C Compiler
arm-none-eabi-gcc -D__REDLIB__ -DCPU_LPC55S69JBD100 -DCPU_LPC55S69JBD100_cm33 -DCPU_LPC55S69JBD100_cm33_core0 -DSDK_OS_BAREMETAL -DSERIAL_PORT_TYPE_UART=1 -DSDK_DEBUGCONSOLE=0 -DCR_INTEGER_PRINTF -DPRINTF_FLOAT_ENABLE=0 -D__MCUXPRESSO -D__USE_CMSIS -DDEBUG -I"C:\Users\fwint\Documents\MCUXpressoIDE_11.8.0_1165\workspace\Lab05\board" -I"C:\Users\fwint\Documents\MCUXpressoIDE_11.8.0_1165\workspace\Lab05\source" -I"C:\Users\fwint\Documents\MCUXpressoIDE_11.8.0_1165\workspace\Lab05\drivers" -I"C:\Users\fwint\Documents\MCUXpressoIDE_11.8.0_1165\workspace\Lab05\device" -I"C:\Users\fwint\Documents\MCUXpressoIDE_11.8.0_1165\workspace\Lab05\CMSIS" -I"C:\Users\fwint\Documents\MCUXpressoIDE_11.8.0_1165\workspace\Lab05\utilities" -I"C:\Users\fwint\Documents\MCUXpressoIDE_11.8.0_1165\workspace\Lab05\component\uart" -I"C:\Users\fwint\Documents\MCUXpressoIDE_11.8.0_1165\workspace\Lab05\component\serial_manager" -I"C:\Users\fwint\Documents\MCUXpressoIDE_11.8.0_1165\workspace\Lab05\component\lists" -I"C:\Users\fwint\Documents\MCUXpressoIDE_11.8.0_1165\workspace\Lab05\startup" -O0 -fno-common -g3 -Wall -c -ffunction-sections -fdata-sections -ffreestanding -fno-builtin -fmerge-constants -fmacro-prefix-map="../utilities/"= -mcpu=cortex-m33 -mfpu=fpv5-sp-d16 -mfloat-abi=hard -mthumb -D__REDLIB__ -fstack-usage -specs=redlib.specs -MMD -MP -MF"utilities/fsl_debug_console.d" -MT"utilities/fsl_debug_console.o" -MT"utilities/fsl_debug_console.d" -o "utilities/fsl_debug_console.o" "../utilities/fsl_debug_console.c"
arm-none-eabi-gcc -D__REDLIB__ -DCPU_LPC55S69JBD100 -DCPU_LPC55S69JBD100_cm33 -DCPU_LPC55S69JBD100_cm33_core0 -DSDK_OS_BAREMETAL -DSERIAL_PORT_TYPE_UART=1 -DSDK_DEBUGCONSOLE=0 -DCR_INTEGER_PRINTF -DPRINTF_FLOAT_ENABLE=0 -D__MCUXPRESSO -D__USE_CMSIS -DDEBUG -I"C:\Users\fwint\Documents\MCUXpressoIDE_11.8.0_1165\workspace\Lab05\board" -I"C:\Users\fwint\Documents\MCUXpressoIDE_11.8.0_1165\workspace\Lab05\source" -I"C:\Users\fwint\Documents\MCUXpressoIDE_11.8.0_1165\workspace\Lab05\drivers" -I"C:\Users\fwint\Documents\MCUXpressoIDE_11.8.0_1165\workspace\Lab05\device" -I"C:\Users\fwint\Documents\MCUXpressoIDE_11.8.0_1165\workspace\Lab05\CMSIS" -I"C:\Users\fwint\Documents\MCUXpressoIDE_11.8.0_1165\workspace\Lab05\utilities" -I"C:\Users\fwint\Documents\MCUXpressoIDE_11.8.0_1165\workspace\Lab05\component\uart" -I"C:\Users\fwint\Documents\MCUXpressoIDE_11.8.0_1165\workspace\Lab05\component\serial_manager" -I"C:\Users\fwint\Documents\MCUXpressoIDE_11.8.0_1165\workspace\Lab05\component\lists" -I"C:\Users\fwint\Documents\MCUXpressoIDE_11.8.0_1165\workspace\Lab05\startup" -O0 -fno-common -g3 -Wall -c -ffunction-sections -fdata-sections -ffreestanding -fno-builtin -fmerge-constants -fmacro-prefix-map="../utilities/"= -mcpu=cortex-m33 -mfpu=fpv5-sp-d16 -mfloat-abi=hard -mthumb -D__REDLIB__ -fstack-usage -specs=redlib.specs -MMD -MP -MF"utilities/fsl_str.d" -MT"utilities/fsl_str.o" -MT"utilities/fsl_str.d" -o "utilities/fsl_str.o" "../utilities/fsl_str.c"
Building file: ../startup/boot_multicore_slave.c
Building file: ../startup/startup_lpc55s69_cm33_core0.c
Invoking: MCU C Compiler
Building file: ../source/Lab05.c
arm-none-eabi-gcc -D__REDLIB__ -DCPU_LPC55S69JBD100 -DCPU_LPC55S69JBD100_cm33 -DCPU_LPC55S69JBD100_cm33_core0 -DSDK_OS_BAREMETAL -DSERIAL_PORT_TYPE_UART=1 -DSDK_DEBUGCONSOLE=0 -DCR_INTEGER_PRINTF -DPRINTF_FLOAT_ENABLE=0 -D__MCUXPRESSO -D__USE_CMSIS -DDEBUG -I"C:\Users\fwint\Documents\MCUXpressoIDE_11.8.0_1165\workspace\Lab05\board" -I"C:\Users\fwint\Documents\MCUXpressoIDE_11.8.0_1165\workspace\Lab05\source" -I"C:\Users\fwint\Documents\MCUXpressoIDE_11.8.0_1165\workspace\Lab05\drivers" -I"C:\Users\fwint\Documents\MCUXpressoIDE_11.8.0_1165\workspace\Lab05\device" -I"C:\Users\fwint\Documents\MCUXpressoIDE_11.8.0_1165\workspace\Lab05\CMSIS" -I"C:\Users\fwint\Documents\MCUXpressoIDE_11.8.0_1165\workspace\Lab05\utilities" -I"C:\Users\fwint\Documents\MCUXpressoIDE_11.8.0_1165\workspace\Lab05\component\uart" -I"C:\Users\fwint\Documents\MCUXpressoIDE_11.8.0_1165\workspace\Lab05\component\serial_manager" -I"C:\Users\fwint\Documents\MCUXpressoIDE_11.8.0_1165\workspace\Lab05\component\lists" -I"C:\Users\fwint\Documents\MCUXpressoIDE_11.8.0_1165\workspace\Lab05\startup" -O0 -fno-common -g3 -Wall -c -ffunction-sections -fdata-sections -ffreestanding -fno-builtin -fmerge-constants -fmacro-prefix-map="../startup/"= -mcpu=cortex-m33 -mfpu=fpv5-sp-d16 -mfloat-abi=hard -mthumb -D__REDLIB__ -fstack-usage -specs=redlib.specs -MMD -MP -MF"startup/boot_multicore_slave.d" -MT"startup/boot_multicore_slave.o" -MT"startup/boot_multicore_slave.d" -o "startup/boot_multicore_slave.o" "../startup/boot_multicore_slave.c"
Invoking: MCU C Compiler
arm-none-eabi-gcc -D__REDLIB__ -DCPU_LPC55S69JBD100 -DCPU_LPC55S69JBD100_cm33 -DCPU_LPC55S69JBD100_cm33_core0 -DSDK_OS_BAREMETAL -DSERIAL_PORT_TYPE_UART=1 -DSDK_DEBUGCONSOLE=0 -DCR_INTEGER_PRINTF -DPRINTF_FLOAT_ENABLE=0 -D__MCUXPRESSO -D__USE_CMSIS -DDEBUG -I"C:\Users\fwint\Documents\MCUXpressoIDE_11.8.0_1165\workspace\Lab05\board" -I"C:\Users\fwint\Documents\MCUXpressoIDE_11.8.0_1165\workspace\Lab05\source" -I"C:\Users\fwint\Documents\MCUXpressoIDE_11.8.0_1165\workspace\Lab05\drivers" -I"C:\Users\fwint\Documents\MCUXpressoIDE_11.8.0_1165\workspace\Lab05\device" -I"C:\Users\fwint\Documents\MCUXpressoIDE_11.8.0_1165\workspace\Lab05\CMSIS" -I"C:\Users\fwint\Documents\MCUXpressoIDE_11.8.0_1165\workspace\Lab05\utilities" -I"C:\Users\fwint\Documents\MCUXpressoIDE_11.8.0_1165\workspace\Lab05\component\uart" -I"C:\Users\fwint\Documents\MCUXpressoIDE_11.8.0_1165\workspace\Lab05\component\serial_manager" -I"C:\Users\fwint\Documents\MCUXpressoIDE_11.8.0_1165\workspace\Lab05\component\lists" -I"C:\Users\fwint\Documents\MCUXpressoIDE_11.8.0_1165\workspace\Lab05\startup" -O0 -fno-common -g3 -Wall -c -ffunction-sections -fdata-sections -ffreestanding -fno-builtin -fmerge-constants -fmacro-prefix-map="../startup/"= -mcpu=cortex-m33 -mfpu=fpv5-sp-d16 -mfloat-abi=hard -mthumb -D__REDLIB__ -fstack-usage -specs=redlib.specs -MMD -MP -MF"startup/startup_lpc55s69_cm33_core0.d" -MT"startup/startup_lpc55s69_cm33_core0.o" -MT"startup/startup_lpc55s69_cm33_core0.d" -o "startup/startup_lpc55s69_cm33_core0.o" "../startup/startup_lpc55s69_cm33_core0.c"
Invoking: MCU C Compiler
arm-none-eabi-gcc -D__REDLIB__ -DCPU_LPC55S69JBD100 -DCPU_LPC55S69JBD100_cm33 -DCPU_LPC55S69JBD100_cm33_core0 -DSDK_OS_BAREMETAL -DSERIAL_PORT_TYPE_UART=1 -DSDK_DEBUGCONSOLE=0 -DCR_INTEGER_PRINTF -DPRINTF_FLOAT_ENABLE=0 -D__MCUXPRESSO -D__USE_CMSIS -DDEBUG -I"C:\Users\fwint\Documents\MCUXpressoIDE_11.8.0_1165\workspace\Lab05\board" -I"C:\Users\fwint\Documents\MCUXpressoIDE_11.8.0_1165\workspace\Lab05\source" -I"C:\Users\fwint\Documents\MCUXpressoIDE_11.8.0_1165\workspace\Lab05\drivers" -I"C:\Users\fwint\Documents\MCUXpressoIDE_11.8.0_1165\workspace\Lab05\device" -I"C:\Users\fwint\Documents\MCUXpressoIDE_11.8.0_1165\workspace\Lab05\CMSIS" -I"C:\Users\fwint\Documents\MCUXpressoIDE_11.8.0_1165\workspace\Lab05\utilities" -I"C:\Users\fwint\Documents\MCUXpressoIDE_11.8.0_1165\workspace\Lab05\component\uart" -I"C:\Users\fwint\Documents\MCUXpressoIDE_11.8.0_1165\workspace\Lab05\component\serial_manager" -I"C:\Users\fwint\Documents\MCUXpressoIDE_11.8.0_1165\workspace\Lab05\component\lists" -I"C:\Users\fwint\Documents\MCUXpressoIDE_11.8.0_1165\workspace\Lab05\startup" -O0 -fno-common -g3 -Wall -c -ffunction-sections -fdata-sections -ffreestanding -fno-builtin -fmerge-constants -fmacro-prefix-map="../source/"= -mcpu=cortex-m33 -mfpu=fpv5-sp-d16 -mfloat-abi=hard -mthumb -D__REDLIB__ -fstack-usage -specs=redlib.specs -MMD -MP -MF"source/Lab05.d" -MT"source/Lab05.o" -MT"source/Lab05.d" -o "source/Lab05.o" "../source/Lab05.c"
Building file: ../source/semihost_hardfault.c
Invoking: MCU C Compiler
arm-none-eabi-gcc -D__REDLIB__ -DCPU_LPC55S69JBD100 -DCPU_LPC55S69JBD100_cm33 -DCPU_LPC55S69JBD100_cm33_core0 -DSDK_OS_BAREMETAL -DSERIAL_PORT_TYPE_UART=1 -DSDK_DEBUGCONSOLE=0 -DCR_INTEGER_PRINTF -DPRINTF_FLOAT_ENABLE=0 -D__MCUXPRESSO -D__USE_CMSIS -DDEBUG -I"C:\Users\fwint\Documents\MCUXpressoIDE_11.8.0_1165\workspace\Lab05\board" -I"C:\Users\fwint\Documents\MCUXpressoIDE_11.8.0_1165\workspace\Lab05\source" -I"C:\Users\fwint\Documents\MCUXpressoIDE_11.8.0_1165\workspace\Lab05\drivers" -I"C:\Users\fwint\Documents\MCUXpressoIDE_11.8.0_1165\workspace\Lab05\device" -I"C:\Users\fwint\Documents\MCUXpressoIDE_11.8.0_1165\workspace\Lab05\CMSIS" -I"C:\Users\fwint\Documents\MCUXpressoIDE_11.8.0_1165\workspace\Lab05\utilities" -I"C:\Users\fwint\Documents\MCUXpressoIDE_11.8.0_1165\workspace\Lab05\component\uart" -I"C:\Users\fwint\Documents\MCUXpressoIDE_11.8.0_1165\workspace\Lab05\component\serial_manager" -I"C:\Users\fwint\Documents\MCUXpressoIDE_11.8.0_1165\workspace\Lab05\component\lists" -I"C:\Users\fwint\Documents\MCUXpressoIDE_11.8.0_1165\workspace\Lab05\startup" -O0 -fno-common -g3 -Wall -c -ffunction-sections -fdata-sections -ffreestanding -fno-builtin -fmerge-constants -fmacro-prefix-map="../source/"= -mcpu=cortex-m33 -mfpu=fpv5-sp-d16 -mfloat-abi=hard -mthumb -D__REDLIB__ -fstack-usage -specs=redlib.specs -MMD -MP -MF"source/semihost_hardfault.d" -MT"source/semihost_hardfault.o" -MT"source/semihost_hardfault.d" -o "source/semihost_hardfault.o" "../source/semihost_hardfault.c"
Building file: ../drivers/fsl_clock.c
Invoking: MCU C Compiler
arm-none-eabi-gcc -D__REDLIB__ -DCPU_LPC55S69JBD100 -DCPU_LPC55S69JBD100_cm33 -DCPU_LPC55S69JBD100_cm33_core0 -DSDK_OS_BAREMETAL -DSERIAL_PORT_TYPE_UART=1 -DSDK_DEBUGCONSOLE=0 -DCR_INTEGER_PRINTF -DPRINTF_FLOAT_ENABLE=0 -D__MCUXPRESSO -D__USE_CMSIS -DDEBUG -I"C:\Users\fwint\Documents\MCUXpressoIDE_11.8.0_1165\workspace\Lab05\board" -I"C:\Users\fwint\Documents\MCUXpressoIDE_11.8.0_1165\workspace\Lab05\source" -I"C:\Users\fwint\Documents\MCUXpressoIDE_11.8.0_1165\workspace\Lab05\drivers" -I"C:\Users\fwint\Documents\MCUXpressoIDE_11.8.0_1165\workspace\Lab05\device" -I"C:\Users\fwint\Documents\MCUXpressoIDE_11.8.0_1165\workspace\Lab05\CMSIS" -I"C:\Users\fwint\Documents\MCUXpressoIDE_11.8.0_1165\workspace\Lab05\utilities" -I"C:\Users\fwint\Documents\MCUXpressoIDE_11.8.0_1165\workspace\Lab05\component\uart" -I"C:\Users\fwint\Documents\MCUXpressoIDE_11.8.0_1165\workspace\Lab05\component\serial_manager" -I"C:\Users\fwint\Documents\MCUXpressoIDE_11.8.0_1165\workspace\Lab05\component\lists" -I"C:\Users\fwint\Documents\MCUXpressoIDE_11.8.0_1165\workspace\Lab05\startup" -O0 -fno-common -g3 -Wall -c -ffunction-sections -fdata-sections -ffreestanding -fno-builtin -fmerge-constants -fmacro-prefix-map="../drivers/"= -mcpu=cortex-m33 -mfpu=fpv5-sp-d16 -mfloat-abi=hard -mthumb -D__REDLIB__ -fstack-usage -specs=redlib.specs -MMD -MP -MF"drivers/fsl_clock.d" -MT"drivers/fsl_clock.o" -MT"drivers/fsl_clock.d" -o "drivers/fsl_clock.o" "../drivers/fsl_clock.c"
Finished building: ../startup/boot_multicore_slave.c
 
Finished building: ../startup/startup_lpc55s69_cm33_core0.c
Building file: ../drivers/fsl_common.c
Finished building: ../source/semihost_hardfault.c
 
Invoking: MCU C Compiler
Finished building: ../utilities/fsl_str.c
arm-none-eabi-gcc -D__REDLIB__ -DCPU_LPC55S69JBD100 -DCPU_LPC55S69JBD100_cm33 -DCPU_LPC55S69JBD100_cm33_core0 -DSDK_OS_BAREMETAL -DSERIAL_PORT_TYPE_UART=1 -DSDK_DEBUGCONSOLE=0 -DCR_INTEGER_PRINTF -DPRINTF_FLOAT_ENABLE=0 -D__MCUXPRESSO -D__USE_CMSIS -DDEBUG -I"C:\Users\fwint\Documents\MCUXpressoIDE_11.8.0_1165\workspace\Lab05\board" -I"C:\Users\fwint\Documents\MCUXpressoIDE_11.8.0_1165\workspace\Lab05\source" -I"C:\Users\fwint\Documents\MCUXpressoIDE_11.8.0_1165\workspace\Lab05\drivers" -I"C:\Users\fwint\Documents\MCUXpressoIDE_11.8.0_1165\workspace\Lab05\device" -I"C:\Users\fwint\Documents\MCUXpressoIDE_11.8.0_1165\workspace\Lab05\CMSIS" -I"C:\Users\fwint\Documents\MCUXpressoIDE_11.8.0_1165\workspace\Lab05\utilities" -I"C:\Users\fwint\Documents\MCUXpressoIDE_11.8.0_1165\workspace\Lab05\component\uart" -I"C:\Users\fwint\Documents\MCUXpressoIDE_11.8.0_1165\workspace\Lab05\component\serial_manager" -I"C:\Users\fwint\Documents\MCUXpressoIDE_11.8.0_1165\workspace\Lab05\component\lists" -I"C:\Users\fwint\Documents\MCUXpressoIDE_11.8.0_1165\workspace\Lab05\startup" -O0 -fno-common -g3 -Wall -c -ffunction-sections -fdata-sections -ffreestanding -fno-builtin -fmerge-constants -fmacro-prefix-map="../drivers/"= -mcpu=cortex-m33 -mfpu=fpv5-sp-d16 -mfloat-abi=hard -mthumb -D__REDLIB__ -fstack-usage -specs=redlib.specs -MMD -MP -MF"drivers/fsl_common.d" -MT"drivers/fsl_common.o" -MT"drivers/fsl_common.d" -o "drivers/fsl_common.o" "../drivers/fsl_common.c"
 
 
Building file: ../drivers/fsl_common_arm.c
Building file: ../drivers/fsl_flexcomm.c
Invoking: MCU C Compiler
Building file: ../drivers/fsl_gpio.c
Invoking: MCU C Compiler
Finished building: ../utilities/fsl_assert.c
Finished building: ../utilities/fsl_debug_console.c
arm-none-eabi-gcc -D__REDLIB__ -DCPU_LPC55S69JBD100 -DCPU_LPC55S69JBD100_cm33 -DCPU_LPC55S69JBD100_cm33_core0 -DSDK_OS_BAREMETAL -DSERIAL_PORT_TYPE_UART=1 -DSDK_DEBUGCONSOLE=0 -DCR_INTEGER_PRINTF -DPRINTF_FLOAT_ENABLE=0 -D__MCUXPRESSO -D__USE_CMSIS -DDEBUG -I"C:\Users\fwint\Documents\MCUXpressoIDE_11.8.0_1165\workspace\Lab05\board" -I"C:\Users\fwint\Documents\MCUXpressoIDE_11.8.0_1165\workspace\Lab05\source" -I"C:\Users\fwint\Documents\MCUXpressoIDE_11.8.0_1165\workspace\Lab05\drivers" -I"C:\Users\fwint\Documents\MCUXpressoIDE_11.8.0_1165\workspace\Lab05\device" -I"C:\Users\fwint\Documents\MCUXpressoIDE_11.8.0_1165\workspace\Lab05\CMSIS" -I"C:\Users\fwint\Documents\MCUXpressoIDE_11.8.0_1165\workspace\Lab05\utilities" -I"C:\Users\fwint\Documents\MCUXpressoIDE_11.8.0_1165\workspace\Lab05\component\uart" -I"C:\Users\fwint\Documents\MCUXpressoIDE_11.8.0_1165\workspace\Lab05\component\serial_manager" -I"C:\Users\fwint\Documents\MCUXpressoIDE_11.8.0_1165\workspace\Lab05\component\lists" -I"C:\Users\fwint\Documents\MCUXpressoIDE_11.8.0_1165\workspace\Lab05\startup" -O0 -fno-common -g3 -Wall -c -ffunction-sections -fdata-sections -ffreestanding -fno-builtin -fmerge-constants -fmacro-prefix-map="../drivers/"= -mcpu=cortex-m33 -mfpu=fpv5-sp-d16 -mfloat-abi=hard -mthumb -D__REDLIB__ -fstack-usage -specs=redlib.specs -MMD -MP -MF"drivers/fsl_common_arm.d" -MT"drivers/fsl_common_arm.o" -MT"drivers/fsl_common_arm.d" -o "drivers/fsl_common_arm.o" "../drivers/fsl_common_arm.c"
Finished building: ../source/Lab05.c
arm-none-eabi-gcc -D__REDLIB__ -DCPU_LPC55S69JBD100 -DCPU_LPC55S69JBD100_cm33 -DCPU_LPC55S69JBD100_cm33_core0 -DSDK_OS_BAREMETAL -DSERIAL_PORT_TYPE_UART=1 -DSDK_DEBUGCONSOLE=0 -DCR_INTEGER_PRINTF -DPRINTF_FLOAT_ENABLE=0 -D__MCUXPRESSO -D__USE_CMSIS -DDEBUG -I"C:\Users\fwint\Documents\MCUXpressoIDE_11.8.0_1165\workspace\Lab05\board" -I"C:\Users\fwint\Documents\MCUXpressoIDE_11.8.0_1165\workspace\Lab05\source" -I"C:\Users\fwint\Documents\MCUXpressoIDE_11.8.0_1165\workspace\Lab05\drivers" -I"C:\Users\fwint\Documents\MCUXpressoIDE_11.8.0_1165\workspace\Lab05\device" -I"C:\Users\fwint\Documents\MCUXpressoIDE_11.8.0_1165\workspace\Lab05\CMSIS" -I"C:\Users\fwint\Documents\MCUXpressoIDE_11.8.0_1165\workspace\Lab05\utilities" -I"C:\Users\fwint\Documents\MCUXpressoIDE_11.8.0_1165\workspace\Lab05\component\uart" -I"C:\Users\fwint\Documents\MCUXpressoIDE_11.8.0_1165\workspace\Lab05\component\serial_manager" -I"C:\Users\fwint\Documents\MCUXpressoIDE_11.8.0_1165\workspace\Lab05\component\lists" -I"C:\Users\fwint\Documents\MCUXpressoIDE_11.8.0_1165\workspace\Lab05\startup" -O0 -fno-common -g3 -Wall -c -ffunction-sections -fdata-sections -ffreestanding -fno-builtin -fmerge-constants -fmacro-prefix-map="../drivers/"= -mcpu=cortex-m33 -mfpu=fpv5-sp-d16 -mfloat-abi=hard -mthumb -D__REDLIB__ -fstack-usage -specs=redlib.specs -MMD -MP -MF"drivers/fsl_flexcomm.d" -MT"drivers/fsl_flexcomm.o" -MT"drivers/fsl_flexcomm.d" -o "drivers/fsl_flexcomm.o" "../drivers/fsl_flexcomm.c"
Invoking: MCU C Compiler
 
[...]
Building file: ../board/pin_mux.c
Invoking: MCU C Compiler
arm-none-eabi-gcc -DCPU_LPC55S69JBD100 -DCPU_LPC55S69JBD100_cm33 -DCPU_LPC55S69JBD100_cm33_core0 -DSDK_OS_BAREMETAL -DSERIAL_PORT_TYPE_UART=1 -DSDK_DEBUGCONSOLE=0 -DCR_INTEGER_PRINTF -DPRINTF_FLOAT_ENABLE=0 -D__MCUXPRESSO -D__USE_CMSIS -DDEBUG -D__REDLIB__ -I"C:\Users\fwint\Documents\MCUXpressoIDE_11.8.0_1165\workspace\el_clocks\board" -I"C:\Users\fwint\Documents\MCUXpressoIDE_11.8.0_1165\workspace\el_clocks\source" -I"C:\Users\fwint\Documents\MCUXpressoIDE_11.8.0_1165\workspace\el_clocks\drivers" -I"C:\Users\fwint\Documents\MCUXpressoIDE_11.8.0_1165\workspace\el_clocks\device" -I"C:\Users\fwint\Documents\MCUXpressoIDE_11.8.0_1165\workspace\el_clocks\CMSIS" -I"C:\Users\fwint\Documents\MCUXpressoIDE_11.8.0_1165\workspace\el_clocks\utilities" -I"C:\Users\fwint\Documents\MCUXpressoIDE_11.8.0_1165\workspace\el_clocks\component\uart" -I"C:\Users\fwint\Documents\MCUXpressoIDE_11.8.0_1165\workspace\el_clocks\component\serial_manager" -I"C:\Users\fwint\Documents\MCUXpressoIDE_11.8.0_1165\workspace\el_clocks\component\lists" -I"C:\Users\fwint\Documents\MCUXpressoIDE_11.8.0_1165\workspace\el_clocks\startup" -O0 -fno-common -g3 -Wall -c -ffunction-sections -fdata-sections -ffreestanding -fno-builtin -fmerge-constants -fmacro-prefix-map="../board/"= -mcpu=cortex-m33 -mfpu=fpv5-sp-d16 -mfloat-abi=hard -mthumb -D__REDLIB__ -fstack-usage -specs=redlib.specs -MMD -MP -MF"board/pin_mux.d" -MT"board/pin_mux.o" -MT"board/pin_mux.d" -o "board/pin_mux.o" "../board/pin_mux.c"
Finished building: ../component/serial_manager/fsl_component_serial_port_uart.c
Finished building: ../component/serial_manager/fsl_component_serial_manager.c
 
Finished building: ../component/uart/fsl_adapter_usart.c
 
 
Finished building: ../board/board.c
Finished building: ../component/lists/fsl_component_generic_list.c
 
Finished building: ../board/clock_config.c
 
 
Finished building: ../board/peripherals.c
 
Finished building: ../board/pin_mux.c
 
Building target: el_clocks.axf
Invoking: MCU Linker
arm-none-eabi-gcc -nostdlib -Xlinker -Map="el_clocks.map" -Xlinker --gc-sections -Xlinker -print-memory-usage -Xlinker --sort-section=alignment -Xlinker --cref -mcpu=cortex-m33 -mfpu=fpv5-sp-d16 -mfloat-abi=hard -mthumb -T el_clocks_Debug.ld -o "el_clocks.axf" ./utilities/fsl_assert.o ./utilities/fsl_debug_console.o ./utilities/fsl_str.o  ./startup/boot_multicore_slave.o ./startup/startup_lpc55s69_cm33_core0.o  ./source/el_clocks.o ./source/semihost_hardfault.o  ./drivers/fsl_clock.o ./drivers/fsl_common.o ./drivers/fsl_common_arm.o ./drivers/fsl_flexcomm.o ./drivers/fsl_gpio.o ./drivers/fsl_i2c.o ./drivers/fsl_power.o ./drivers/fsl_reset.o ./drivers/fsl_usart.o  ./device/system_LPC55S69_cm33_core0.o  ./component/uart/fsl_adapter_usart.o  ./component/serial_manager/fsl_component_serial_manager.o ./component/serial_manager/fsl_component_serial_port_uart.o  ./component/lists/fsl_component_generic_list.o  ./board/board.o ./board/clock_config.o ./board/peripherals.o ./board/pin_mux.o   
Memory region         Used Size  Region Size  %age Used
   PROGRAM_FLASH:       10480 B       630 KB      1.62%
            SRAM:        8464 B       256 KB      3.23%
           SRAMX:          0 GB        32 KB      0.00%
         USB_RAM:          0 GB        16 KB      0.00%
           SRAM4:          0 GB        16 KB      0.00%
Finished building target: el_clocks.axf
 
Performing post-build steps
arm-none-eabi-size "el_clocks.axf"; # arm-none-eabi-objcopy -v -O binary "el_clocks.axf" "el_clocks.bin" ; # checksum -p LPC55S69 -d "el_clocks.bin";
   text	   data	    bss	    dec	    hex	filename
  10476	      4	   8460	  18940	   49fc	el_clocks.axf
 
03:44:19 **** Incremental Build of configuration Debug for project el_clocks ****
make -r -j8 all 
make[1]: Nothing to be done for 'main-build'.
Performing post-build steps
arm-none-eabi-size "el_clocks.axf"; # arm-none-eabi-objcopy -v -O binary "el_clocks.axf" "el_clocks.bin" ; # checksum -p LPC55S69 -d "el_clocks.bin";
   text	   data	    bss	    dec	    hex	filename
  10476	      4	   8460	  18940	   49fc	el_clocks.axf
 
03:47:19 **** Incremental Build of configuration Debug for project el_clocks ****
make -r -j8 all 
make[1]: Nothing to be done for 'main-build'.
Performing post-build steps
arm-none-eabi-size "el_clocks.axf"; # arm-none-eabi-objcopy -v -O binary "el_clocks.axf" "el_clocks.bin" ; # checksum -p LPC55S69 -d "el_clocks.bin";
   text	   data	    bss	    dec	    hex	filename
  10476	      4	   8460	  18940	   49fc	el_clocks.axf
 
03:51:45 **** Incremental Build of configuration Debug for project el_clocks ****
make -r -j8 all 
make[1]: Nothing to be done for 'main-build'.
Performing post-build steps
arm-none-eabi-size "el_clocks.axf"; # arm-none-eabi-objcopy -v -O binary "el_clocks.axf" "el_clocks.bin" ; # checksum -p LPC55S69 -d "el_clocks.bin";
   text	   data	    bss	    dec	    hex	filename
  10476	      4	   8460	  18940	   49fc	el_clocks.axf
 
03:56:10 **** Incremental Build of configuration Debug for project el_clocks ****
make -r -j8 all 
make[1]: Nothing to be done for 'main-build'.
Performing post-build steps
arm-none-eabi-size "el_clocks.axf"; # arm-none-eabi-objcopy -v -O binary "el_clocks.axf" "el_clocks.bin" ; # checksum -p LPC55S69 -d "el_clocks.bin";
   text	   data	    bss	    dec	    hex	filename
  10476	      4	   8460	  18940	   49fc	el_clocks.axf
 
04:01:08 **** Incremental Build of configuration Debug for project Lab05 ****
make -r -j8 all 
Building file: ../source/Lab05.c
Building file: ../board/pin_mux.c
Invoking: MCU C Compiler
arm-none-eabi-gcc -D__REDLIB__ -DCPU_LPC55S69JBD100 -DCPU_LPC55S69JBD100_cm33 -DCPU_LPC55S69JBD100_cm33_core0 -DSDK_OS_BAREMETAL -DSERIAL_PORT_TYPE_UART=1 -DSDK_DEBUGCONSOLE=0 -DCR_INTEGER_PRINTF -DPRINTF_FLOAT_ENABLE=0 -D__MCUXPRESSO -D__USE_CMSIS -DDEBUG -I"C:\Users\fwint\Documents\MCUXpressoIDE_11.8.0_1165\workspace\Lab05\board" -I"C:\Users\fwint\Documents\MCUXpressoIDE_11.8.0_1165\workspace\Lab05\source" -I"C:\Users\fwint\Documents\MCUXpressoIDE_11.8.0_1165\workspace\Lab05\drivers" -I"C:\Users\fwint\Documents\MCUXpressoIDE_11.8.0_1165\workspace\Lab05\device" -I"C:\Users\fwint\Documents\MCUXpressoIDE_11.8.0_1165\workspace\Lab05\CMSIS" -I"C:\Users\fwint\Documents\MCUXpressoIDE_11.8.0_1165\workspace\Lab05\utilities" -I"C:\Users\fwint\Documents\MCUXpressoIDE_11.8.0_1165\workspace\Lab05\component\uart" -I"C:\Users\fwint\Documents\MCUXpressoIDE_11.8.0_1165\workspace\Lab05\component\serial_manager" -I"C:\Users\fwint\Documents\MCUXpressoIDE_11.8.0_1165\workspace\Lab05\component\lists" -I"C:\Users\fwint\Documents\MCUXpressoIDE_11.8.0_1165\workspace\Lab05\startup" -O0 -fno-common -g3 -Wall -c -ffunction-sections -fdata-sections -ffreestanding -fno-builtin -fmerge-constants -fmacro-prefix-map="../source/"= -mcpu=cortex-m33 -mfpu=fpv5-sp-d16 -mfloat-abi=hard -mthumb -D__REDLIB__ -fstack-usage -specs=redlib.specs -MMD -MP -MF"source/Lab05.d" -MT"source/Lab05.o" -MT"source/Lab05.d" -o "source/Lab05.o" "../source/Lab05.c"
Invoking: MCU C Compiler
arm-none-eabi-gcc -D__REDLIB__ -DCPU_LPC55S69JBD100 -DCPU_LPC55S69JBD100_cm33 -DCPU_LPC55S69JBD100_cm33_core0 -DSDK_OS_BAREMETAL -DSERIAL_PORT_TYPE_UART=1 -DSDK_DEBUGCONSOLE=0 -DCR_INTEGER_PRINTF -DPRINTF_FLOAT_ENABLE=0 -D__MCUXPRESSO -D__USE_CMSIS -DDEBUG -I"C:\Users\fwint\Documents\MCUXpressoIDE_11.8.0_1165\workspace\Lab05\board" -I"C:\Users\fwint\Documents\MCUXpressoIDE_11.8.0_1165\workspace\Lab05\source" -I"C:\Users\fwint\Documents\MCUXpressoIDE_11.8.0_1165\workspace\Lab05\drivers" -I"C:\Users\fwint\Documents\MCUXpressoIDE_11.8.0_1165\workspace\Lab05\device" -I"C:\Users\fwint\Documents\MCUXpressoIDE_11.8.0_1165\workspace\Lab05\CMSIS" -I"C:\Users\fwint\Documents\MCUXpressoIDE_11.8.0_1165\workspace\Lab05\utilities" -I"C:\Users\fwint\Documents\MCUXpressoIDE_11.8.0_1165\workspace\Lab05\component\uart" -I"C:\Users\fwint\Documents\MCUXpressoIDE_11.8.0_1165\workspace\Lab05\component\serial_manager" -I"C:\Users\fwint\Documents\MCUXpressoIDE_11.8.0_1165\workspace\Lab05\component\lists" -I"C:\Users\fwint\Documents\MCUXpressoIDE_11.8.0_1165\workspace\Lab05\startup" -O0 -fno-common -g3 -Wall -c -ffunction-sections -fdata-sections -ffreestanding -fno-builtin -fmerge-constants -fmacro-prefix-map="../board/"= -mcpu=cortex-m33 -mfpu=fpv5-sp-d16 -mfloat-abi=hard -mthumb -D__REDLIB__ -fstack-usage -specs=redlib.specs -MMD -MP -MF"board/pin_mux.d" -MT"board/pin_mux.o" -MT"board/pin_mux.d" -o "board/pin_mux.o" "../board/pin_mux.c"
Finished building: ../board/pin_mux.c
 
Finished building: ../source/Lab05.c
 
Building target: Lab05.axf
Invoking: MCU Linker
arm-none-eabi-gcc -nostdlib -Xlinker -Map="Lab05.map" -Xlinker --gc-sections -Xlinker -print-memory-usage -Xlinker --sort-section=alignment -Xlinker --cref -mcpu=cortex-m33 -mfpu=fpv5-sp-d16 -mfloat-abi=hard -mthumb -T Lab05_Debug.ld -o "Lab05.axf" ./utilities/fsl_assert.o ./utilities/fsl_debug_console.o ./utilities/fsl_str.o  ./startup/boot_multicore_slave.o ./startup/startup_lpc55s69_cm33_core0.o  ./source/Lab05.o ./source/semihost_hardfault.o  ./drivers/fsl_clock.o ./drivers/fsl_common.o ./drivers/fsl_common_arm.o ./drivers/fsl_flexcomm.o ./drivers/fsl_gpio.o ./drivers/fsl_i2c.o ./drivers/fsl_power.o ./drivers/fsl_reset.o ./drivers/fsl_usart.o  ./device/system_LPC55S69_cm33_core0.o  ./component/uart/fsl_adapter_usart.o  ./component/serial_manager/fsl_component_serial_manager.o ./component/serial_manager/fsl_component_serial_port_uart.o  ./component/lists/fsl_component_generic_list.o  ./board/board.o ./board/clock_config.o ./board/peripherals.o ./board/pin_mux.o   
Memory region         Used Size  Region Size  %age Used
   PROGRAM_FLASH:       10508 B       630 KB      1.63%
            SRAM:        8464 B       256 KB      3.23%
           SRAMX:          0 GB        32 KB      0.00%
         USB_RAM:          0 GB        16 KB      0.00%
           SRAM4:          0 GB        16 KB      0.00%
Finished building target: Lab05.axf
 
Performing post-build steps
arm-none-eabi-size "Lab05.axf"; # arm-none-eabi-objcopy -v -O binary "Lab05.axf" "Lab05.bin" ; # checksum -p LPC55S69 -d "Lab05.bin";
   text	   data	    bss	    dec	    hex	filename
  10504	      4	   8460	  18968	   4a18	Lab05.axf
 
04:01:28 **** Build of configuration Debug for project CLOCKS ****
make -r -j8 all 
Building target: CLOCKS.axf
Invoking: MCU Linker
arm-none-eabi-gcc -nostdlib -Xlinker -Map="CLOCKS.map" -Xlinker --gc-sections -Xlinker -print-memory-usage -Xlinker --sort-section=alignment -Xlinker --cref -mcpu=cortex-m33 -mfpu=fpv5-sp-d16 -mfloat-abi=hard -mthumb -T CLOCKS_Debug.ld -o "CLOCKS.axf" ./utilities/fsl_assert.o ./utilities/fsl_debug_console.o ./utilities/fsl_str.o  ./startup/boot_multicore_slave.o ./startup/startup_lpc55s69_cm33_core0.o  ./source/CLOCKS.o ./source/semihost_hardfault.o  ./drivers/fsl_clock.o ./drivers/fsl_common.o ./drivers/fsl_common_arm.o ./drivers/fsl_flexcomm.o ./drivers/fsl_gpio.o ./drivers/fsl_i2c.o ./drivers/fsl_power.o ./drivers/fsl_reset.o ./drivers/fsl_spi.o ./drivers/fsl_usart.o  ./device/system_LPC55S69_cm33_core0.o  ./component/uart/fsl_adapter_usart.o  ./component/serial_manager/fsl_component_serial_manager.o ./component/serial_manager/fsl_component_serial_port_uart.o  ./component/lists/fsl_component_generic_list.o  ./board/board.o ./board/clock_config.o ./board/peripherals.o ./board/pin_mux.o   
Memory region         Used Size  Region Size  %age Used
   PROGRAM_FLASH:       10392 B       630 KB      1.61%
            SRAM:        8464 B       256 KB      3.23%
           SRAMX:          0 GB        32 KB      0.00%
         USB_RAM:          0 GB        16 KB      0.00%
           SRAM4:          0 GB        16 KB      0.00%
Finished building target: CLOCKS.axf
 
Performing post-build steps
arm-none-eabi-size "CLOCKS.axf"; # arm-none-eabi-objcopy -v -O binary "CLOCKS.axf" "CLOCKS.bin" ; # checksum -p LPC55S69 -d "CLOCKS.bin";
   text	   data	    bss	    dec	    hex	filename
  10388	      4	   8460	  18852	   49a4	CLOCKS.axf
 
04:01:44 **** Incremental Build of configuration Debug for project el_clocks ****
make -r -j8 all 
make[1]: Nothing to be done for 'main-build'.
Performing post-build steps
arm-none-eabi-size "el_clocks.axf"; # arm-none-eabi-objcopy -v -O binary "el_clocks.axf" "el_clocks.bin" ; # checksum -p LPC55S69 -d "el_clocks.bin";
   text	   data	    bss	    dec	    hex	filename
  10476	      4	   8460	  18940	   49fc	el_clocks.axf
 
18:50:01 **** Incremental Build of configuration Debug for project el_clocks ****
make -r -j8 all 
Building file: ../source/el_clocks.c
Building file: ../board/board.c
Building file: ../board/clock_config.c
Invoking: MCU C Compiler
arm-none-eabi-gcc -DCPU_LPC55S69JBD100 -DCPU_LPC55S69JBD100_cm33 -DCPU_LPC55S69JBD100_cm33_core0 -DSDK_OS_BAREMETAL -DSERIAL_PORT_TYPE_UART=1 -DSDK_DEBUGCONSOLE=0 -DCR_INTEGER_PRINTF -DPRINTF_FLOAT_ENABLE=0 -D__MCUXPRESSO -D__USE_CMSIS -DDEBUG -D__REDLIB__ -I"C:\Users\fwint\Documents\MCUXpressoIDE_11.8.0_1165\workspace\el_clocks\board" -I"C:\Users\fwint\Documents\MCUXpressoIDE_11.8.0_1165\workspace\el_clocks\source" -I"C:\Users\fwint\Documents\MCUXpressoIDE_11.8.0_1165\workspace\el_clocks\drivers" -I"C:\Users\fwint\Documents\MCUXpressoIDE_11.8.0_1165\workspace\el_clocks\device" -I"C:\Users\fwint\Documents\MCUXpressoIDE_11.8.0_1165\workspace\el_clocks\CMSIS" -I"C:\Users\fwint\Documents\MCUXpressoIDE_11.8.0_1165\workspace\el_clocks\utilities" -I"C:\Users\fwint\Documents\MCUXpressoIDE_11.8.0_1165\workspace\el_clocks\component\uart" -I"C:\Users\fwint\Documents\MCUXpressoIDE_11.8.0_1165\workspace\el_clocks\component\serial_manager" -I"C:\Users\fwint\Documents\MCUXpressoIDE_11.8.0_1165\workspace\el_clocks\component\lists" -I"C:\Users\fwint\Documents\MCUXpressoIDE_11.8.0_1165\workspace\el_clocks\startup" -O0 -fno-common -g3 -Wall -c -ffunction-sections -fdata-sections -ffreestanding -fno-builtin -fmerge-constants -fmacro-prefix-map="../source/"= -mcpu=cortex-m33 -mfpu=fpv5-sp-d16 -mfloat-abi=hard -mthumb -D__REDLIB__ -fstack-usage -specs=redlib.specs -MMD -MP -MF"source/el_clocks.d" -MT"source/el_clocks.o" -MT"source/el_clocks.d" -o "source/el_clocks.o" "../source/el_clocks.c"
Invoking: MCU C Compiler
arm-none-eabi-gcc -DCPU_LPC55S69JBD100 -DCPU_LPC55S69JBD100_cm33 -DCPU_LPC55S69JBD100_cm33_core0 -DSDK_OS_BAREMETAL -DSERIAL_PORT_TYPE_UART=1 -DSDK_DEBUGCONSOLE=0 -DCR_INTEGER_PRINTF -DPRINTF_FLOAT_ENABLE=0 -D__MCUXPRESSO -D__USE_CMSIS -DDEBUG -D__REDLIB__ -I"C:\Users\fwint\Documents\MCUXpressoIDE_11.8.0_1165\workspace\el_clocks\board" -I"C:\Users\fwint\Documents\MCUXpressoIDE_11.8.0_1165\workspace\el_clocks\source" -I"C:\Users\fwint\Documents\MCUXpressoIDE_11.8.0_1165\workspace\el_clocks\drivers" -I"C:\Users\fwint\Documents\MCUXpressoIDE_11.8.0_1165\workspace\el_clocks\device" -I"C:\Users\fwint\Documents\MCUXpressoIDE_11.8.0_1165\workspace\el_clocks\CMSIS" -I"C:\Users\fwint\Documents\MCUXpressoIDE_11.8.0_1165\workspace\el_clocks\utilities" -I"C:\Users\fwint\Documents\MCUXpressoIDE_11.8.0_1165\workspace\el_clocks\component\uart" -I"C:\Users\fwint\Documents\MCUXpressoIDE_11.8.0_1165\workspace\el_clocks\component\serial_manager" -I"C:\Users\fwint\Documents\MCUXpressoIDE_11.8.0_1165\workspace\el_clocks\componentInvoking: MCU C Compiler
\lists" -I"C:\Users\fwint\Documents\MCUXpressoIDE_11.8.0_1165\workspace\el_clocks\startup" -O0 -fno-common -g3 -Wall -c -ffunction-sections -fdata-sections -ffreestanding -fno-builtin -fmerge-constants -fmacro-prefix-map="../board/"= -mcpu=cortex-m33 -mfpu=fpv5-sp-d16 -mfloat-abi=hard -mthumb -D__REDLIB__ -fstack-usage -specs=redlib.specs -MMD -MP -MF"board/board.d" -MT"board/board.o" -MT"board/board.d" -o "board/board.o" "../board/board.c"
arm-none-eabi-gcc -DCPU_LPC55S69JBD100 -DCPU_LPC55S69JBD100_cm33 -DCPU_LPC55S69JBD100_cm33_core0 -DSDK_OS_BAREMETAL -DSERIAL_PORT_TYPE_UART=1 -DSDK_DEBUGCONSOLE=0 -DCR_INTEGER_PRINTF -DPRINTF_FLOAT_ENABLE=0 -D__MCUXPRESSO -D__USE_CMSIS -DDEBUG -D__REDLIB__ -I"C:\Users\fwint\Documents\MCUXpressoIDE_11.8.0_1165\workspace\el_clocks\board" -I"C:\Users\fwint\Documents\MCUXpressoIDE_11.8.0_1165\workspace\el_clocks\source" -I"C:\Users\fwint\Documents\MCUXpressoIDE_11.8.0_1165\workspace\el_clocks\drivers" -I"C:\Users\fwint\Documents\MCUXpressoIDE_11.8.0_1165\workspace\el_clocks\device" -I"C:\Users\fwint\Documents\MCUXpressoIDE_11.8.0_1165\workspace\el_clocks\CMSIS" -I"C:\Users\fwint\Documents\MCUXpressoIDE_11.8.0_1165\workspace\el_clocks\utilities" -I"C:\Users\fwint\Documents\MCUXpressoIDE_11.8.0_1165\workspace\el_clocks\component\uart" -I"C:\Users\fwint\Documents\MCUXpressoIDE_11.8.0_1165\workspace\el_clocks\component\serial_manager" -I"C:\Users\fwint\Documents\MCUXpressoIDE_11.8.0_1165\workspace\el_clocks\component\lists" -I"C:\Users\fwint\Documents\MCUXpressoIDE_11.8.0_1165\workspace\el_clocks\startup" -O0 -fno-common -g3 -Wall -c -ffunction-sections -fdata-sections -ffreestanding -fno-builtin -fmerge-constants -fmacro-prefix-map="../board/"= -mcpu=cortex-m33 -mfpu=fpv5-sp-d16 -mfloat-abi=hard -mthumb -D__REDLIB__ -fstack-usage -specs=redlib.specs -MMD -MP -MF"board/clock_config.d" -MT"board/clock_config.o" -MT"board/clock_config.d" -o "board/clock_config.o" "../board/clock_config.c"
Finished building: ../board/clock_config.c
Finished building: ../source/el_clocks.c
Finished building: ../board/board.c
 
 
 
Building target: el_clocks.axf
Invoking: MCU Linker
arm-none-eabi-gcc -nostdlib -Xlinker -Map="el_clocks.map" -Xlinker --gc-sections -Xlinker -print-memory-usage -Xlinker --sort-section=alignment -Xlinker --cref -mcpu=cortex-m33 -mfpu=fpv5-sp-d16 -mfloat-abi=hard -mthumb -T el_clocks_Debug.ld -o "el_clocks.axf" ./utilities/fsl_assert.o ./utilities/fsl_debug_console.o ./utilities/fsl_str.o  ./startup/boot_multicore_slave.o ./startup/startup_lpc55s69_cm33_core0.o  ./source/el_clocks.o ./source/semihost_hardfault.o  ./drivers/fsl_clock.o ./drivers/fsl_common.o ./drivers/fsl_common_arm.o ./drivers/fsl_flexcomm.o ./drivers/fsl_gpio.o ./drivers/fsl_i2c.o ./drivers/fsl_power.o ./drivers/fsl_reset.o ./drivers/fsl_usart.o  ./device/system_LPC55S69_cm33_core0.o  ./component/uart/fsl_adapter_usart.o  ./component/serial_manager/fsl_component_serial_manager.o ./component/serial_manager/fsl_component_serial_port_uart.o  ./component/lists/fsl_component_generic_list.o  ./board/board.o ./board/clock_config.o ./board/peripherals.o ./board/pin_mux.o   
Memory region         Used Size  Region Size  %age Used
   PROGRAM_FLASH:       10508 B       630 KB      1.63%
            SRAM:        8464 B       256 KB      3.23%
           SRAMX:          0 GB        32 KB      0.00%
         USB_RAM:          0 GB        16 KB      0.00%
           SRAM4:          0 GB        16 KB      0.00%
Finished building target: el_clocks.axf
 
Performing post-build steps
arm-none-eabi-size "el_clocks.axf"; # arm-none-eabi-objcopy -v -O binary "el_clocks.axf" "el_clocks.bin" ; # checksum -p LPC55S69 -d "el_clocks.bin";
   text	   data	    bss	    dec	    hex	filename
  10504	      4	   8460	  18968	   4a18	el_clocks.axf
 
